Archive member included to satisfy reference by file (symbol)

c:/program files (x86)/atmel/studio/7.0/toolchain/arm/arm-gnu-toolchain/bin/../lib/gcc/arm-none-eabi/6.3.1/thumb/v7e-m\libgcc.a(_aeabi_uldivmod.o)
                              src/main.o (__aeabi_uldivmod)
c:/program files (x86)/atmel/studio/7.0/toolchain/arm/arm-gnu-toolchain/bin/../lib/gcc/arm-none-eabi/6.3.1/thumb/v7e-m\libgcc.a(_udivmoddi4.o)
                              c:/program files (x86)/atmel/studio/7.0/toolchain/arm/arm-gnu-toolchain/bin/../lib/gcc/arm-none-eabi/6.3.1/thumb/v7e-m\libgcc.a(_aeabi_uldivmod.o) (__udivmoddi4)
c:/program files (x86)/atmel/studio/7.0/toolchain/arm/arm-gnu-toolchain/bin/../lib/gcc/arm-none-eabi/6.3.1/thumb/v7e-m\libgcc.a(_dvmd_tls.o)
                              c:/program files (x86)/atmel/studio/7.0/toolchain/arm/arm-gnu-toolchain/bin/../lib/gcc/arm-none-eabi/6.3.1/thumb/v7e-m\libgcc.a(_aeabi_uldivmod.o) (__aeabi_ldiv0)
c:/program files (x86)/atmel/studio/7.0/toolchain/arm/arm-gnu-toolchain/bin/../lib/gcc/arm-none-eabi/6.3.1/../../../../arm-none-eabi/lib/thumb/v7e-m\libc.a(lib_a-exit.o)
                              c:/program files (x86)/atmel/studio/7.0/toolchain/arm/arm-gnu-toolchain/bin/../lib/gcc/arm-none-eabi/6.3.1/../../../../arm-none-eabi/lib/thumb/v7e-m/crt0.o (exit)
c:/program files (x86)/atmel/studio/7.0/toolchain/arm/arm-gnu-toolchain/bin/../lib/gcc/arm-none-eabi/6.3.1/../../../../arm-none-eabi/lib/thumb/v7e-m\libc.a(lib_a-impure.o)
                              c:/program files (x86)/atmel/studio/7.0/toolchain/arm/arm-gnu-toolchain/bin/../lib/gcc/arm-none-eabi/6.3.1/../../../../arm-none-eabi/lib/thumb/v7e-m\libc.a(lib_a-exit.o) (_global_impure_ptr)
c:/program files (x86)/atmel/studio/7.0/toolchain/arm/arm-gnu-toolchain/bin/../lib/gcc/arm-none-eabi/6.3.1/../../../../arm-none-eabi/lib/thumb/v7e-m\libc.a(lib_a-init.o)
                              c:/program files (x86)/atmel/studio/7.0/toolchain/arm/arm-gnu-toolchain/bin/../lib/gcc/arm-none-eabi/6.3.1/../../../../arm-none-eabi/lib/thumb/v7e-m/crt0.o (__libc_init_array)
c:/program files (x86)/atmel/studio/7.0/toolchain/arm/arm-gnu-toolchain/bin/../lib/gcc/arm-none-eabi/6.3.1/../../../../arm-none-eabi/lib/thumb/v7e-m\libc.a(lib_a-memset.o)
                              c:/program files (x86)/atmel/studio/7.0/toolchain/arm/arm-gnu-toolchain/bin/../lib/gcc/arm-none-eabi/6.3.1/../../../../arm-none-eabi/lib/thumb/v7e-m/crt0.o (memset)
c:/program files (x86)/atmel/studio/7.0/toolchain/arm/arm-gnu-toolchain/bin/../lib/gcc/arm-none-eabi/6.3.1/../../../../arm-none-eabi/lib/thumb/v7e-m\libc.a(lib_a-sprintf.o)
                              src/main.o (sprintf)
c:/program files (x86)/atmel/studio/7.0/toolchain/arm/arm-gnu-toolchain/bin/../lib/gcc/arm-none-eabi/6.3.1/../../../../arm-none-eabi/lib/thumb/v7e-m\libc.a(lib_a-svfprintf.o)
                              c:/program files (x86)/atmel/studio/7.0/toolchain/arm/arm-gnu-toolchain/bin/../lib/gcc/arm-none-eabi/6.3.1/../../../../arm-none-eabi/lib/thumb/v7e-m\libc.a(lib_a-sprintf.o) (_svfprintf_r)
c:/program files (x86)/atmel/studio/7.0/toolchain/arm/arm-gnu-toolchain/bin/../lib/gcc/arm-none-eabi/6.3.1/../../../../arm-none-eabi/lib/thumb/v7e-m\libc.a(lib_a-__call_atexit.o)
                              c:/program files (x86)/atmel/studio/7.0/toolchain/arm/arm-gnu-toolchain/bin/../lib/gcc/arm-none-eabi/6.3.1/../../../../arm-none-eabi/lib/thumb/v7e-m\libc.a(lib_a-exit.o) (__call_exitprocs)
c:/program files (x86)/atmel/studio/7.0/toolchain/arm/arm-gnu-toolchain/bin/../lib/gcc/arm-none-eabi/6.3.1/../../../../arm-none-eabi/lib/thumb/v7e-m\libc.a(lib_a-atexit.o)
                              c:/program files (x86)/atmel/studio/7.0/toolchain/arm/arm-gnu-toolchain/bin/../lib/gcc/arm-none-eabi/6.3.1/../../../../arm-none-eabi/lib/thumb/v7e-m\libc.a(lib_a-__call_atexit.o) (atexit)
c:/program files (x86)/atmel/studio/7.0/toolchain/arm/arm-gnu-toolchain/bin/../lib/gcc/arm-none-eabi/6.3.1/../../../../arm-none-eabi/lib/thumb/v7e-m\libc.a(lib_a-dtoa.o)
                              c:/program files (x86)/atmel/studio/7.0/toolchain/arm/arm-gnu-toolchain/bin/../lib/gcc/arm-none-eabi/6.3.1/../../../../arm-none-eabi/lib/thumb/v7e-m\libc.a(lib_a-svfprintf.o) (_dtoa_r)
c:/program files (x86)/atmel/studio/7.0/toolchain/arm/arm-gnu-toolchain/bin/../lib/gcc/arm-none-eabi/6.3.1/../../../../arm-none-eabi/lib/thumb/v7e-m\libc.a(lib_a-fini.o)
                              c:/program files (x86)/atmel/studio/7.0/toolchain/arm/arm-gnu-toolchain/bin/../lib/gcc/arm-none-eabi/6.3.1/../../../../arm-none-eabi/lib/thumb/v7e-m\libc.a(lib_a-__call_atexit.o) (__libc_fini_array)
c:/program files (x86)/atmel/studio/7.0/toolchain/arm/arm-gnu-toolchain/bin/../lib/gcc/arm-none-eabi/6.3.1/../../../../arm-none-eabi/lib/thumb/v7e-m\libc.a(lib_a-localeconv.o)
[...]
Memory Configuration

Name             Origin             Length             Attributes
rom              0x00400000         0x00200000         xr
ram              0x20400000         0x00060000         xrw
*default*        0x00000000         0xffffffff

Linker script and memory map

LOAD c:/program files (x86)/atmel/studio/7.0/toolchain/arm/arm-gnu-toolchain/bin/../lib/gcc/arm-none-eabi/6.3.1/thumb/v7e-m/crti.o
LOAD c:/program files (x86)/atmel/studio/7.0/toolchain/arm/arm-gnu-toolchain/bin/../lib/gcc/arm-none-eabi/6.3.1/thumb/v7e-m/crtbegin.o
LOAD c:/program files (x86)/atmel/studio/7.0/toolchain/arm/arm-gnu-toolchain/bin/../lib/gcc/arm-none-eabi/6.3.1/../../../../arm-none-eabi/lib/thumb/v7e-m/crt0.o
LOAD src/ASF/common/services/sleepmgr/sam/sleepmgr.o
LOAD src/ASF/sam/drivers/rtc/rtc.o
LOAD src/ASF/sam/drivers/rtt/rtt.o
LOAD src/ASF/sam/drivers/spi/spi.o
LOAD src/ASF/sam/drivers/tc/tc.o
LOAD src/gfx_mono_framebuffer.o
LOAD src/gfx_mono_generic.o
LOAD src/gfx_mono_text.o
LOAD src/gfx_mono_ug_2832hsweg04.o
LOAD src/ssd1306.o
LOAD src/sysfont.o
LOAD src/ASF/common/services/delay/sam/cycle_counter.o
LOAD src/ASF/common/services/clock/same70/sysclk.o
LOAD src/ASF/common/utils/interrupt/interrupt_sam_nvic.o
LOAD src/ASF/sam/boards/same70_xplained/init.o
LOAD src/ASF/sam/drivers/mpu/mpu.o
LOAD src/ASF/sam/drivers/pio/pio.o
LOAD src/ASF/sam/drivers/pio/pio_handler.o
LOAD src/ASF/sam/drivers/pmc/pmc.o
LOAD src/ASF/sam/drivers/pmc/sleep.o
LOAD src/ASF/sam/utils/cmsis/same70/source/templates/gcc/startup_same70.o
LOAD src/ASF/sam/utils/cmsis/same70/source/templates/system_same70.o
LOAD src/ASF/sam/utils/syscalls/gcc/syscalls.o
LOAD src/main.o
START GROUP
LOAD ../src/ASF/thirdparty/CMSIS/Lib/GCC\libarm_cortexM7lfsp_math_softfp.a
LOAD c:/program files (x86)/atmel/studio/7.0/toolchain/arm/arm-gnu-toolchain/bin/../lib/gcc/arm-none-eabi/6.3.1/../../../../arm-none-eabi/lib/thumb/v7e-m\libm.a
END GROUP
START GROUP
LOAD c:/program files (x86)/atmel/studio/7.0/toolchain/arm/arm-gnu-toolchain/bin/../lib/gcc/arm-none-eabi/6.3.1/thumb/v7e-m\libgcc.a
LOAD c:/program files (x86)/atmel/studio/7.0/toolchain/arm/arm-gnu-toolchain/bin/../lib/gcc/arm-none-eabi/6.3.1/../../../../arm-none-eabi/lib/thumb/v7e-m\libc.a
END GROUP
LOAD c:/program files (x86)/atmel/studio/7.0/toolchain/arm/arm-gnu-toolchain/bin/../lib/gcc/arm-none-eabi/6.3.1/thumb/v7e-m/crtend.o
LOAD c:/program files (x86)/atmel/studio/7.0/toolchain/arm/arm-gnu-toolchain/bin/../lib/gcc/arm-none-eabi/6.3.1/thumb/v7e-m/crtn.o
                0x00002000                STACK_SIZE = DEFINED (STACK_SIZE)?STACK_SIZE:0x2000
                0x2045fffc                __ram_end__ = ((ORIGIN (ram) + LENGTH (ram)) - 0x4)
                0x00000200                HEAP_SIZE = DEFINED (HEAP_SIZE)?HEAP_SIZE:0x200

.text           0x00400000     0x6b0c
                0x00400000                . = ALIGN (0x4)
                0x00400000                _sfixed = .
 *(.vectors .vectors.*)
 .vectors       0x00400000      0x140 src/ASF/sam/utils/cmsis/same70/source/templates/gcc/startup_same70.o
                0x00400000                exception_table
 *(.text .text.* .gnu.linkonce.t.*)
 .text          0x00400140       0x6c c:/program files (x86)/atmel/studio/7.0/toolchain/arm/arm-gnu-toolchain/bin/../lib/gcc/arm-none-eabi/6.3.1/thumb/v7e-m/crtbegin.o
 .text.spi_enable_clock
                0x004001ac       0x2c src/ASF/sam/drivers/spi/spi.o
                0x004001ac                spi_enable_clock
 .text.spi_set_peripheral_chip_select_value
                0x004001d8       0x16 src/ASF/sam/drivers/spi/spi.o
                0x004001d8                spi_set_peripheral_chip_select_value
 .text.spi_write
                0x004001ee       0x34 src/ASF/sam/drivers/spi/spi.o
                0x004001ee                spi_write
 .text.spi_set_clock_polarity
                0x00400222       0x1e src/ASF/sam/drivers/spi/spi.o
                0x00400222                spi_set_clock_polarity
 .text.spi_set_clock_phase
                0x00400240       0x1e src/ASF/sam/drivers/spi/spi.o
                0x00400240                spi_set_clock_phase
 .text.spi_configure_cs_behavior
                0x0040025e       0x46 src/ASF/sam/drivers/spi/spi.o
                0x0040025e                spi_configure_cs_behavior
 .text.spi_set_bits_per_transfer
                0x004002a4       0x14 src/ASF/sam/drivers/spi/spi.o
                0x004002a4                spi_set_bits_per_transfer
 .text.spi_calc_baudrate_div
                0x004002b8       0x16 src/ASF/sam/drivers/spi/spi.o
                0x004002b8                spi_calc_baudrate_div
 .text.spi_set_baudrate_div
                0x004002ce       0x28 src/ASF/sam/drivers/spi/spi.o
                0x004002ce                spi_set_baudrate_div
 *fill*         0x004002f6        0x2 
 .text.gfx_mono_set_framebuffer
                0x004002f8        0xc src/gfx_mono_framebuffer.o
                0x004002f8                gfx_mono_set_framebuffer
 .text.gfx_mono_framebuffer_put_byte
                0x00400304       0x10 src/gfx_mono_framebuffer.o
                0x00400304                gfx_mono_framebuffer_put_byte
 .text.gfx_mono_framebuffer_get_byte
                0x00400314       0x10 src/gfx_mono_framebuffer.o
                0x00400314                gfx_mono_framebuffer_get_byte
 .text.gfx_mono_generic_draw_horizontal_line
                0x00400324       0xd0 src/gfx_mono_generic.o
                0x00400324                gfx_mono_generic_draw_horizontal_line
 .text.gfx_mono_generic_draw_filled_rect
                0x004003f4       0x38 src/gfx_mono_generic.o
                0x004003f4                gfx_mono_generic_draw_filled_rect
 .text.gfx_mono_draw_char
                0x0040042c       0xac src/gfx_mono_text.o
                0x0040042c                gfx_mono_draw_char
 .text.gfx_mono_draw_string
                0x004004d8       0x48 src/gfx_mono_text.o
                0x004004d8                gfx_mono_draw_string
 .text.gfx_mono_ssd1306_put_byte
                0x00400520       0x50 src/gfx_mono_ug_2832hsweg04.o
                0x00400520                gfx_mono_ssd1306_put_byte
 .text.gfx_mono_ssd1306_init
                0x00400570       0x50 src/gfx_mono_ug_2832hsweg04.o
                0x00400570                gfx_mono_ssd1306_init
 .text.gfx_mono_ssd1306_draw_pixel
                0x004005c0       0x64 src/gfx_mono_ug_2832hsweg04.o
                0x004005c0                gfx_mono_ssd1306_draw_pixel
 .text.gfx_mono_ssd1306_get_byte
                0x00400624        0xc src/gfx_mono_ug_2832hsweg04.o
                0x00400624                gfx_mono_ssd1306_get_byte
 .text.ssd1306_write_command
                0x00400630       0x40 src/ssd1306.o
                0x00400630                ssd1306_write_command
 .text.ssd1306_init
                0x00400670      0x1e0 src/ssd1306.o
                0x00400670                ssd1306_init
 .text.ssd1306_write_data
                0x00400850       0x40 src/ssd1306.o
                0x00400850                ssd1306_write_data
 .text.sysclk_init
                0x00400890       0x70 src/ASF/common/services/clock/same70/sysclk.o
                0x00400890                sysclk_init
 .text.board_init
                0x00400900      0x140 src/ASF/sam/boards/same70_xplained/init.o
                0x00400900                board_init
 .text.pio_set  0x00400a40        0x4 src/ASF/sam/drivers/pio/pio.o
                0x00400a40                pio_set
 .text.pio_clear
                0x00400a44        0x4 src/ASF/sam/drivers/pio/pio.o
                0x00400a44                pio_clear
 .text.pio_set_peripheral
                0x00400a48       0x92 src/ASF/sam/drivers/pio/pio.o
                0x00400a48                pio_set_peripheral
 .text.pio_set_input
                0x00400ada       0x36 src/ASF/sam/drivers/pio/pio.o
                0x00400ada                pio_set_input
 .text.pio_set_output
                0x00400b10       0x28 src/ASF/sam/drivers/pio/pio.o
                0x00400b10                pio_set_output
 .text.pio_configure
                0x00400b38       0x90 src/ASF/sam/drivers/pio/pio.o
                0x00400b38                pio_configure
 .text.pio_configure_interrupt
                0x00400bc8       0x32 src/ASF/sam/drivers/pio/pio.o
                0x00400bc8                pio_configure_interrupt
 .text.pio_enable_interrupt
                0x00400bfa        0x4 src/ASF/sam/drivers/pio/pio.o
                0x00400bfa                pio_enable_interrupt
 .text.pio_get_interrupt_status
                0x00400bfe        0x4 src/ASF/sam/drivers/pio/pio.o
                0x00400bfe                pio_get_interrupt_status
 .text.pio_get_interrupt_mask
                0x00400c02        0x4 src/ASF/sam/drivers/pio/pio.o
                0x00400c02                pio_get_interrupt_mask
 *fill*         0x00400c06        0x2 
 .text.pio_handler_process
                0x00400c08       0x50 src/ASF/sam/drivers/pio/pio_handler.o
                0x00400c08                pio_handler_process
 .text.pio_handler_set
                0x00400c58       0x70 src/ASF/sam/drivers/pio/pio_handler.o
                0x00400c58                pio_handler_set
 .text.PIOA_Handler
                0x00400cc8       0x14 src/ASF/sam/drivers/pio/pio_handler.o
                0x00400cc8                PIOA_Handler
 .text.PIOB_Handler
                0x00400cdc       0x14 src/ASF/sam/drivers/pio/pio_handler.o
                0x00400cdc                PIOB_Handler
 .text.PIOC_Handler
                0x00400cf0       0x14 src/ASF/sam/drivers/pio/pio_handler.o
                0x00400cf0                PIOC_Handler
 .text.PIOD_Handler
                0x00400d04       0x14 src/ASF/sam/drivers/pio/pio_handler.o
                0x00400d04                PIOD_Handler
 .text.PIOE_Handler
                0x00400d18       0x14 src/ASF/sam/drivers/pio/pio_handler.o
                0x00400d18                PIOE_Handler
 .text.pmc_mck_set_division
                0x00400d2c       0x38 src/ASF/sam/drivers/pmc/pmc.o
                0x00400d2c                pmc_mck_set_division
 .text.pmc_switch_mck_to_pllack
                0x00400d64       0x64 src/ASF/sam/drivers/pmc/pmc.o
                0x00400d64                pmc_switch_mck_to_pllack
 .text.pmc_switch_mainck_to_xtal
                0x00400dc8       0x54 src/ASF/sam/drivers/pmc/pmc.o
                0x00400dc8                pmc_switch_mainck_to_xtal
 .text.pmc_osc_is_ready_mainck
                0x00400e1c       0x10 src/ASF/sam/drivers/pmc/pmc.o
                0x00400e1c                pmc_osc_is_ready_mainck
 .text.pmc_disable_pllack
                0x00400e2c       0x10 src/ASF/sam/drivers/pmc/pmc.o
                0x00400e2c                pmc_disable_pllack
 .text.pmc_is_locked_pllack
                0x00400e3c       0x10 src/ASF/sam/drivers/pmc/pmc.o
                0x00400e3c                pmc_is_locked_pllack
 .text.pmc_enable_periph_clk
                0x00400e4c       0x54 src/ASF/sam/drivers/pmc/pmc.o
                0x00400e4c                pmc_enable_periph_clk
 .text.Dummy_Handler
                0x00400ea0        0x2 src/ASF/sam/utils/cmsis/same70/source/templates/gcc/startup_same70.o
                0x00400ea0                DACC_Handler
                0x00400ea0                DebugMon_Handler
                0x00400ea0                UART3_Handler
                0x00400ea0                UART2_Handler
                0x00400ea0                TRNG_Handler
                0x00400ea0                HardFault_Handler
                0x00400ea0                TC2_Handler
                0x00400ea0                SysTick_Handler
                0x00400ea0                AFEC1_Handler
                0x00400ea0                PendSV_Handler
                0x00400ea0                NMI_Handler
                0x00400ea0                TC7_Handler
                0x00400ea0                QSPI_Handler
                0x00400ea0                ISI_Handler
                0x00400ea0                TC9_Handler
                0x00400ea0                RSWDT_Handler
                0x00400ea0                MCAN1_Handler
                0x00400ea0                USART0_Handler
                0x00400ea0                RTT_Handler
                0x00400ea0                USBHS_Handler
                0x00400ea0                RTC_Handler
                0x00400ea0                UsageFault_Handler
                0x00400ea0                TC6_Handler
                0x00400ea0                WDT_Handler
                0x00400ea0                TC4_Handler
                0x00400ea0                TC1_Handler
                0x00400ea0                HSMCI_Handler
                0x00400ea0                UART1_Handler
                0x00400ea0                TC3_Handler
                0x00400ea0                Dummy_Handler
                0x00400ea0                TWIHS1_Handler
                0x00400ea0                XDMAC_Handler
                0x00400ea0                UART4_Handler
                0x00400ea0                PWM1_Handler
                0x00400ea0                USART1_Handler
                0x00400ea0                PWM0_Handler
                0x00400ea0                AFEC0_Handler
                0x00400ea0                SSC_Handler
                0x00400ea0                TC11_Handler
                0x00400ea0                ACC_Handler
                0x00400ea0                PMC_Handler
                0x00400ea0                GMAC_Handler
                0x00400ea0                MemManage_Handler
                0x00400ea0                SUPC_Handler
                0x00400ea0                SVC_Handler
                0x00400ea0                TC8_Handler
                0x00400ea0                EFC_Handler
                0x00400ea0                USART2_Handler
                0x00400ea0                SDRAMC_Handler
                0x00400ea0                SPI1_Handler
                0x00400ea0                MCAN0_Handler
                0x00400ea0                TC10_Handler
                0x00400ea0                TWIHS2_Handler
                0x00400ea0                UART0_Handler
                0x00400ea0                BusFault_Handler
                0x00400ea0                RSTC_Handler
                0x00400ea0                TC0_Handler
                0x00400ea0                TC5_Handler
                0x00400ea0                ICM_Handler
                0x00400ea0                AES_Handler
                0x00400ea0                TWIHS0_Handler
                0x00400ea0                SPI0_Handler
 *fill*         0x00400ea2        0x2 
 .text.Reset_Handler
                0x00400ea4       0xc8 src/ASF/sam/utils/cmsis/same70/source/templates/gcc/startup_same70.o
                0x00400ea4                Reset_Handler
 .text.SystemCoreClockUpdate
                0x00400f6c      0x10c src/ASF/sam/utils/cmsis/same70/source/templates/system_same70.o
                0x00400f6c                SystemCoreClockUpdate
 .text.system_init_flash
                0x00401078       0x8c src/ASF/sam/utils/cmsis/same70/source/templates/system_same70.o
                0x00401078                system_init_flash
 .text._sbrk    0x00401104       0x38 src/ASF/sam/utils/syscalls/gcc/syscalls.o
                0x00401104                _sbrk
 .text.writeLCD
                0x0040113c       0x58 src/main.o
                0x0040113c                writeLCD
 .text.playButtonFunction
                0x00401194       0x48 src/main.o
                0x00401194                playButtonFunction
 .text.changeMusic
                0x004011dc       0x40 src/main.o
                0x004011dc                changeMusic
 .text.prevButtonFunction
                0x0040121c       0x44 src/main.o
                0x0040121c                prevButtonFunction
 .text.nextButtonFunction
                0x00401260       0x44 src/main.o
                0x00401260                nextButtonFunction
 .text.enebleAllPeriph
                0x004012a4       0x20 src/main.o
                0x004012a4                enebleAllPeriph
 .text.configureLeds
                0x004012c4       0x30 src/main.o
                0x004012c4                configureLeds
 .text.configureButtons
                0x004012f4       0xb4 src/main.o
                0x004012f4                configureButtons
 .text.configureBuzzer
                0x004013a8       0x34 src/main.o
                0x004013a8                configureBuzzer
 .text.init     0x004013dc       0xd4 src/main.o
                0x004013dc                init
 .text.main     0x004014b0       0x44 src/main.o
                0x004014b0                main
 .text          0x004014f4       0x30 c:/program files (x86)/atmel/studio/7.0/toolchain/arm/arm-gnu-toolchain/bin/../lib/gcc/arm-none-eabi/6.3.1/thumb/v7e-m\libgcc.a(_aeabi_uldivmod.o)
                0x004014f4                __aeabi_uldivmod
 .text          0x00401524      0x2dc c:/program files (x86)/atmel/studio/7.0/toolchain/arm/arm-gnu-toolchain/bin/../lib/gcc/arm-none-eabi/6.3.1/thumb/v7e-m\libgcc.a(_udivmoddi4.o)
                0x00401524                __udivmoddi4
 .text          0x00401800        0x4 c:/program files (x86)/atmel/studio/7.0/toolchain/arm/arm-gnu-toolchain/bin/../lib/gcc/arm-none-eabi/6.3.1/thumb/v7e-m\libgcc.a(_dvmd_tls.o)
                0x00401800                __aeabi_idiv0
                0x00401800                __aeabi_ldiv0
 .text.__libc_init_array
                0x00401804       0x50 c:/program files (x86)/atmel/studio/7.0/toolchain/arm/arm-gnu-toolchain/bin/../lib/gcc/arm-none-eabi/6.3.1/../../../../arm-none-eabi/lib/thumb/v7e-m\libc.a(lib_a-init.o)
                0x00401804                __libc_init_array
 .text.memset   0x00401854       0x9c c:/program files (x86)/atmel/studio/7.0/toolchain/arm/arm-gnu-toolchain/bin/../lib/gcc/arm-none-eabi/6.3.1/../../../../arm-none-eabi/lib/thumb/v7e-m\libc.a(lib_a-memset.o)
                0x00401854                memset
 .text.sprintf  0x004018f0       0x4c c:/program files (x86)/atmel/studio/7.0/toolchain/arm/arm-gnu-toolchain/bin/../lib/gcc/arm-none-eabi/6.3.1/../../../../arm-none-eabi/lib/thumb/v7e-m\libc.a(lib_a-sprintf.o)
                0x004018f0                sprintf
 .text._svfprintf_r
                0x0040193c     0x145c c:/program files (x86)/atmel/studio/7.0/toolchain/arm/arm-gnu-toolchain/bin/../lib/gcc/arm-none-eabi/6.3.1/../../../../arm-none-eabi/lib/thumb/v7e-m\libc.a(lib_a-svfprintf.o)
                0x0040193c                _svfprintf_r
 .text.startup.register_fini
                0x00402d98       0x14 c:/program files (x86)/atmel/studio/7.0/toolchain/arm/arm-gnu-toolchain/bin/../lib/gcc/arm-none-eabi/6.3.1/../../../../arm-none-eabi/lib/thumb/v7e-m\libc.a(lib_a-__call_atexit.o)
 .text.atexit   0x00402dac        0xc c:/program files (x86)/atmel/studio/7.0/toolchain/arm/arm-gnu-toolchain/bin/../lib/gcc/arm-none-eabi/6.3.1/../../../../arm-none-eabi/lib/thumb/v7e-m\libc.a(lib_a-atexit.o)
                0x00402dac                atexit
 .text.quorem   0x00402db8      0x128 c:/program files (x86)/atmel/studio/7.0/toolchain/arm/arm-gnu-toolchain/bin/../lib/gcc/arm-none-eabi/6.3.1/../../../../arm-none-eabi/lib/thumb/v7e-m\libc.a(lib_a-dtoa.o)
 .text._dtoa_r  0x00402ee0      0xe54 c:/program files (x86)/atmel/studio/7.0/toolchain/arm/arm-gnu-toolchain/bin/../lib/gcc/arm-none-eabi/6.3.1/../../../../arm-none-eabi/lib/thumb/v7e-m\libc.a(lib_a-dtoa.o)
                0x00402ee0                _dtoa_r
 .text.__libc_fini_array
                0x00403d34       0x34 c:/program files (x86)/atmel/studio/7.0/toolchain/arm/arm-gnu-toolchain/bin/../lib/gcc/arm-none-eabi/6.3.1/../../../../arm-none-eabi/lib/thumb/v7e-m\libc.a(lib_a-fini.o)
                0x00403d34                __libc_fini_array
 .text._localeconv_r
                0x00403d68       0x1c c:/program files (x86)/atmel/studio/7.0/toolchain/arm/arm-gnu-toolchain/bin/../lib/gcc/arm-none-eabi/6.3.1/../../../../arm-none-eabi/lib/thumb/v7e-m\libc.a(lib_a-localeconv.o)
                0x00403d68                _localeconv_r
 .text.__retarget_lock_acquire_recursive
                0x00403d84        0x4 c:/program files (x86)/atmel/studio/7.0/toolchain/arm/arm-gnu-toolchain/bin/../lib/gcc/arm-none-eabi/6.3.1/../../../../arm-none-eabi/lib/thumb/v7e-m\libc.a(lib_a-lock.o)
                0x00403d84                __retarget_lock_acquire_recursive
 .text.__retarget_lock_release_recursive
                0x00403d88        0x4 c:/program files (x86)/atmel/studio/7.0/toolchain/arm/arm-gnu-toolchain/bin/../lib/gcc/arm-none-eabi/6.3.1/../../../../arm-none-eabi/lib/thumb/v7e-m\libc.a(lib_a-lock.o)
                0x00403d88                __retarget_lock_release_recursive
 .text._malloc_r
                0x00403d8c      0x560 c:/program files (x86)/atmel/studio/7.0/toolchain/arm/arm-gnu-toolchain/bin/../lib/gcc/arm-none-eabi/6.3.1/../../../../arm-none-eabi/lib/thumb/v7e-m\libc.a(lib_a-mallocr.o)
                0x00403d8c                _malloc_r
 *fill*         0x004042ec        0x4 
 .text          0x004042f0       0xa0 c:/program files (x86)/atmel/studio/7.0/toolchain/arm/arm-gnu-toolchain/bin/../lib/gcc/arm-none-eabi/6.3.1/../../../../arm-none-eabi/lib/thumb/v7e-m\libc.a(lib_a-memchr.o)
                0x004042f0                memchr
 .text          0x00404390      0x134 c:/program files (x86)/atmel/studio/7.0/toolchain/arm/arm-gnu-toolchain/bin/../lib/gcc/arm-none-eabi/6.3.1/../../../../arm-none-eabi/lib/thumb/v7e-m\libc.a(lib_a-memcpy.o)
                0x00404390                memcpy
 .text.__malloc_lock
                0x004044c4        0xc c:/program files (x86)/atmel/studio/7.0/toolchain/arm/arm-gnu-toolchain/bin/../lib/gcc/arm-none-eabi/6.3.1/../../../../arm-none-eabi/lib/thumb/v7e-m\libc.a(lib_a-mlock.o)
                0x004044c4                __malloc_lock
 .text.__malloc_unlock
                0x004044d0        0xc c:/program files (x86)/atmel/studio/7.0/toolchain/arm/arm-gnu-toolchain/bin/../lib/gcc/arm-none-eabi/6.3.1/../../../../arm-none-eabi/lib/thumb/v7e-m\libc.a(lib_a-mlock.o)
                0x004044d0                __malloc_unlock
 .text._Balloc  0x004044dc       0x4c c:/program files (x86)/atmel/studio/7.0/toolchain/arm/arm-gnu-toolchain/bin/../lib/gcc/arm-none-eabi/6.3.1/../../../../arm-none-eabi/lib/thumb/v7e-m\libc.a(lib_a-mprec.o)
                0x004044dc                _Balloc
 .text._Bfree   0x00404528       0x14 c:/program files (x86)/atmel/studio/7.0/toolchain/arm/arm-gnu-toolchain/bin/../lib/gcc/arm-none-eabi/6.3.1/../../../../arm-none-eabi/lib/thumb/v7e-m\libc.a(lib_a-mprec.o)
                0x00404528                _Bfree
 .text.__multadd
                0x0040453c       0x80 c:/program files (x86)/atmel/studio/7.0/toolchain/arm/arm-gnu-toolchain/bin/../lib/gcc/arm-none-eabi/6.3.1/../../../../arm-none-eabi/lib/thumb/v7e-m\libc.a(lib_a-mprec.o)
                0x0040453c                __multadd
 .text.__hi0bits
                0x004045bc       0x40 c:/program files (x86)/atmel/studio/7.0/toolchain/arm/arm-gnu-toolchain/bin/../lib/gcc/arm-none-eabi/6.3.1/../../../../arm-none-eabi/lib/thumb/v7e-m\libc.a(lib_a-mprec.o)
                0x004045bc                __hi0bits
 .text.__lo0bits
                0x004045fc       0x60 c:/program files (x86)/atmel/studio/7.0/toolchain/arm/arm-gnu-toolchain/bin/../lib/gcc/arm-none-eabi/6.3.1/../../../../arm-none-eabi/lib/thumb/v7e-m\libc.a(lib_a-mprec.o)
                0x004045fc                __lo0bits
 .text.__i2b    0x0040465c       0x14 c:/program files (x86)/atmel/studio/7.0/toolchain/arm/arm-gnu-toolchain/bin/../lib/gcc/arm-none-eabi/6.3.1/../../../../arm-none-eabi/lib/thumb/v7e-m\libc.a(lib_a-mprec.o)
                0x0040465c                __i2b
 .text.__multiply
                0x00404670      0x124 c:/program files (x86)/atmel/studio/7.0/toolchain/arm/arm-gnu-toolchain/bin/../lib/gcc/arm-none-eabi/6.3.1/../../../../arm-none-eabi/lib/thumb/v7e-m\libc.a(lib_a-mprec.o)
                0x00404670                __multiply
 .text.__pow5mult
                0x00404794       0xa0 c:/program files (x86)/atmel/studio/7.0/toolchain/arm/arm-gnu-toolchain/bin/../lib/gcc/arm-none-eabi/6.3.1/../../../../arm-none-eabi/lib/thumb/v7e-m\libc.a(lib_a-mprec.o)
                0x00404794                __pow5mult
 .text.__lshift
                0x00404834       0xa4 c:/program files (x86)/atmel/studio/7.0/toolchain/arm/arm-gnu-toolchain/bin/../lib/gcc/arm-none-eabi/6.3.1/../../../../arm-none-eabi/lib/thumb/v7e-m\libc.a(lib_a-mprec.o)
                0x00404834                __lshift
 .text.__mcmp   0x004048d8       0x38 c:/program files (x86)/atmel/studio/7.0/toolchain/arm/arm-gnu-toolchain/bin/../lib/gcc/arm-none-eabi/6.3.1/../../../../arm-none-eabi/lib/thumb/v7e-m\libc.a(lib_a-mprec.o)
                0x004048d8                __mcmp
 .text.__mdiff  0x00404910      0x108 c:/program files (x86)/atmel/studio/7.0/toolchain/arm/arm-gnu-toolchain/bin/../lib/gcc/arm-none-eabi/6.3.1/../../../../arm-none-eabi/lib/thumb/v7e-m\libc.a(lib_a-mprec.o)
                0x00404910                __mdiff
 .text.__d2b    0x00404a18       0xb8 c:/program files (x86)/atmel/studio/7.0/toolchain/arm/arm-gnu-toolchain/bin/../lib/gcc/arm-none-eabi/6.3.1/../../../../arm-none-eabi/lib/thumb/v7e-m\libc.a(lib_a-mprec.o)
                0x00404a18                __d2b
 .text._sbrk_r  0x00404ad0       0x24 c:/program files (x86)/atmel/studio/7.0/toolchain/arm/arm-gnu-toolchain/bin/../lib/gcc/arm-none-eabi/6.3.1/../../../../arm-none-eabi/lib/thumb/v7e-m\libc.a(lib_a-sbrkr.o)
                0x00404ad0                _sbrk_r
 *fill*         0x00404af4        0xc 
 .text          0x00404b00       0xdc c:/program files (x86)/atmel/studio/7.0/toolchain/arm/arm-gnu-toolchain/bin/../lib/gcc/arm-none-eabi/6.3.1/../../../../arm-none-eabi/lib/thumb/v7e-m\libc.a(lib_a-strlen.o)
                0x00404b00                strlen
 .text.__ssprint_r
                0x00404bdc       0xfc c:/program files (x86)/atmel/studio/7.0/toolchain/arm/arm-gnu-toolchain/bin/../lib/gcc/arm-none-eabi/6.3.1/../../../../arm-none-eabi/lib/thumb/v7e-m\libc.a(lib_a-svfiprintf.o)
                0x00404bdc                __ssprint_r
 .text.__register_exitproc
                0x00404cd8       0xc4 c:/program files (x86)/atmel/studio/7.0/toolchain/arm/arm-gnu-toolchain/bin/../lib/gcc/arm-none-eabi/6.3.1/../../../../arm-none-eabi/lib/thumb/v7e-m\libc.a(lib_a-__atexit.o)
                0x00404cd8                __register_exitproc
 .text._calloc_r
                0x00404d9c       0x60 c:/program files (x86)/atmel/studio/7.0/toolchain/arm/arm-gnu-toolchain/bin/../lib/gcc/arm-none-eabi/6.3.1/../../../../arm-none-eabi/lib/thumb/v7e-m\libc.a(lib_a-callocr.o)
                0x00404d9c                _calloc_r
 .text._malloc_trim_r
                0x00404dfc       0xa0 c:/program files (x86)/atmel/studio/7.0/toolchain/arm/arm-gnu-toolchain/bin/../lib/gcc/arm-none-eabi/6.3.1/../../../../arm-none-eabi/lib/thumb/v7e-m\libc.a(lib_a-freer.o)
                0x00404dfc                _malloc_trim_r
 .text._free_r  0x00404e9c      0x1cc c:/program files (x86)/atmel/studio/7.0/toolchain/arm/arm-gnu-toolchain/bin/../lib/gcc/arm-none-eabi/6.3.1/../../../../arm-none-eabi/lib/thumb/v7e-m\libc.a(lib_a-freer.o)
                0x00404e9c                _free_r
 .text.__ascii_mbtowc
                0x00405068       0x2c c:/program files (x86)/atmel/studio/7.0/toolchain/arm/arm-gnu-toolchain/bin/../lib/gcc/arm-none-eabi/6.3.1/../../../../arm-none-eabi/lib/thumb/v7e-m\libc.a(lib_a-mbtowc_r.o)
                0x00405068                __ascii_mbtowc
 .text.memmove  0x00405094       0xc8 c:/program files (x86)/atmel/studio/7.0/toolchain/arm/arm-gnu-toolchain/bin/../lib/gcc/arm-none-eabi/6.3.1/../../../../arm-none-eabi/lib/thumb/v7e-m\libc.a(lib_a-memmove.o)
                0x00405094                memmove
 .text._realloc_r
                0x0040515c      0x34c c:/program files (x86)/atmel/studio/7.0/toolchain/arm/arm-gnu-toolchain/bin/../lib/gcc/arm-none-eabi/6.3.1/../../../../arm-none-eabi/lib/thumb/v7e-m\libc.a(lib_a-reallocr.o)
                0x0040515c                _realloc_r
 .text.__ascii_wctomb
                0x004054a8       0x1c c:/program files (x86)/atmel/studio/7.0/toolchain/arm/arm-gnu-toolchain/bin/../lib/gcc/arm-none-eabi/6.3.1/../../../../arm-none-eabi/lib/thumb/v7e-m\libc.a(lib_a-wctomb_r.o)
                0x004054a8                __ascii_wctomb
 .text          0x004054c4      0x370 c:/program files (x86)/atmel/studio/7.0/toolchain/arm/arm-gnu-toolchain/bin/../lib/gcc/arm-none-eabi/6.3.1/thumb/v7e-m\libgcc.a(_arm_addsubdf3.o)
                0x004054c4                __aeabi_drsub
                0x004054cc                __aeabi_dsub
                0x004054cc                __subdf3
                0x004054d0                __aeabi_dadd
                0x004054d0                __adddf3
                0x00405748                __floatunsidf
                0x00405748                __aeabi_ui2d
                0x00405768                __floatsidf
                0x00405768                __aeabi_i2d
                0x0040578c                __aeabi_f2d
                0x0040578c                __extendsfdf2
                0x004057c8                __floatundidf
                0x004057c8                __aeabi_ul2d
                0x004057d8                __floatdidf
                0x004057d8                __aeabi_l2d
 .text          0x00405834      0x424 c:/program files (x86)/atmel/studio/7.0/toolchain/arm/arm-gnu-toolchain/bin/../lib/gcc/arm-none-eabi/6.3.1/thumb/v7e-m\libgcc.a(_arm_muldivdf3.o)
                0x00405834                __aeabi_dmul
                0x00405834                __muldf3
                0x00405a88                __divdf3
                0x00405a88                __aeabi_ddiv
 .text          0x00405c58      0x110 c:/program files (x86)/atmel/studio/7.0/toolchain/arm/arm-gnu-toolchain/bin/../lib/gcc/arm-none-eabi/6.3.1/thumb/v7e-m\libgcc.a(_arm_cmpdf2.o)
                0x00405c58                __gtdf2
                0x00405c58                __gedf2
                0x00405c60                __ltdf2
                0x00405c60                __ledf2
                0x00405c68                __nedf2
                0x00405c68                __eqdf2
                0x00405c68                __cmpdf2
                0x00405ce4                __aeabi_cdrcmple
                0x00405cf4                __aeabi_cdcmpeq
                0x00405cf4                __aeabi_cdcmple
                0x00405d04                __aeabi_dcmpeq
                0x00405d18                __aeabi_dcmplt
                0x00405d2c                __aeabi_dcmple
                0x00405d40                __aeabi_dcmpge
                0x00405d54                __aeabi_dcmpgt
 .text          0x00405d68       0x2c c:/program files (x86)/atmel/studio/7.0/toolchain/arm/arm-gnu-toolchain/bin/../lib/gcc/arm-none-eabi/6.3.1/thumb/v7e-m\libgcc.a(_arm_unorddf2.o)
                0x00405d68                __unorddf2
                0x00405d68                __aeabi_dcmpun
 .text          0x00405d94       0x50 c:/program files (x86)/atmel/studio/7.0/toolchain/arm/arm-gnu-toolchain/bin/../lib/gcc/arm-none-eabi/6.3.1/thumb/v7e-m\libgcc.a(_arm_fixdfsi.o)
                0x00405d94                __aeabi_d2iz
                0x00405d94                __fixdfsi
 *(.glue_7t)
 .glue_7t       0x00405de4        0x0 linker stubs
 *(.glue_7)
 .glue_7        0x00405de4        0x0 linker stubs
 *(.rodata .rodata* .gnu.linkonce.r.*)
 .rodata.sysfont_glyphs
                0x00405de4      0xa48 src/sysfont.o
 .rodata        0x0040682c       0x1c src/main.o
 .rodata.writeLCD.str1.4
                0x00406848       0x17 src/main.o
 *fill*         0x0040685f        0x1 
 .rodata._global_impure_ptr
                0x00406860        0x4 c:/program files (x86)/atmel/studio/7.0/toolchain/arm/arm-gnu-toolchain/bin/../lib/gcc/arm-none-eabi/6.3.1/../../../../arm-none-eabi/lib/thumb/v7e-m\libc.a(lib_a-impure.o)
                0x00406860                _global_impure_ptr
 .rodata._svfprintf_r.str1.4
                0x00406864       0x42 c:/program files (x86)/atmel/studio/7.0/toolchain/arm/arm-gnu-toolchain/bin/../lib/gcc/arm-none-eabi/6.3.1/../../../../arm-none-eabi/lib/thumb/v7e-m\libc.a(lib_a-svfprintf.o)
 *fill*         0x004068a6        0x2 
 .rodata.blanks.7223
                0x004068a8       0x10 c:/program files (x86)/atmel/studio/7.0/toolchain/arm/arm-gnu-toolchain/bin/../lib/gcc/arm-none-eabi/6.3.1/../../../../arm-none-eabi/lib/thumb/v7e-m\libc.a(lib_a-svfprintf.o)
 .rodata.zeroes.7224
                0x004068b8       0x10 c:/program files (x86)/atmel/studio/7.0/toolchain/arm/arm-gnu-toolchain/bin/../lib/gcc/arm-none-eabi/6.3.1/../../../../arm-none-eabi/lib/thumb/v7e-m\libc.a(lib_a-svfprintf.o)
 .rodata._dtoa_r.str1.4
                0x004068c8       0x10 c:/program files (x86)/atmel/studio/7.0/toolchain/arm/arm-gnu-toolchain/bin/../lib/gcc/arm-none-eabi/6.3.1/../../../../arm-none-eabi/lib/thumb/v7e-m\libc.a(lib_a-dtoa.o)
                                 0x12 (size before relaxing)
 .rodata.__mprec_bigtens
                0x004068d8       0x28 c:/program files (x86)/atmel/studio/7.0/toolchain/arm/arm-gnu-toolchain/bin/../lib/gcc/arm-none-eabi/6.3.1/../../../../arm-none-eabi/lib/thumb/v7e-m\libc.a(lib_a-mprec.o)
                0x004068d8                __mprec_bigtens
 .rodata.__mprec_tens
                0x00406900       0xc8 c:/program files (x86)/atmel/studio/7.0/toolchain/arm/arm-gnu-toolchain/bin/../lib/gcc/arm-none-eabi/6.3.1/../../../../arm-none-eabi/lib/thumb/v7e-m\libc.a(lib_a-mprec.o)
                0x00406900                __mprec_tens
 .rodata.p05.6055
                0x004069c8        0xc c:/program files (x86)/atmel/studio/7.0/toolchain/arm/arm-gnu-toolchain/bin/../lib/gcc/arm-none-eabi/6.3.1/../../../../arm-none-eabi/lib/thumb/v7e-m\libc.a(lib_a-mprec.o)
 .rodata._setlocale_r.str1.4
                0x004069d4        0xa c:/program files (x86)/atmel/studio/7.0/toolchain/arm/arm-gnu-toolchain/bin/../lib/gcc/arm-none-eabi/6.3.1/../../../../arm-none-eabi/lib/thumb/v7e-m\libc.a(lib_a-locale.o)
                                  0xd (size before relaxing)
 *fill*         0x004069de        0x2 
 .rodata.str1.4
                0x004069e0        0x4 c:/program files (x86)/atmel/studio/7.0/toolchain/arm/arm-gnu-toolchain/bin/../lib/gcc/arm-none-eabi/6.3.1/../../../../arm-none-eabi/lib/thumb/v7e-m\libc.a(lib_a-locale.o)
                                  0x2 (size before relaxing)
 .rodata._ctype_
                0x004069e4      0x101 c:/program files (x86)/atmel/studio/7.0/toolchain/arm/arm-gnu-toolchain/bin/../lib/gcc/arm-none-eabi/6.3.1/../../../../arm-none-eabi/lib/thumb/v7e-m\libc.a(lib_a-ctype_.o)
                0x004069e4                _ctype_
 *(.ARM.extab* .gnu.linkonce.armextab.*)
                0x00406ae8                . = ALIGN (0x4)
 *fill*         0x00406ae5        0x3 
 *(.init)
 .init          0x00406ae8        0x4 c:/program files (x86)/atmel/studio/7.0/toolchain/arm/arm-gnu-toolchain/bin/../lib/gcc/arm-none-eabi/6.3.1/thumb/v7e-m/crti.o
                0x00406ae8                _init
 .init          0x00406aec        0x8 c:/program files (x86)/atmel/studio/7.0/toolchain/arm/arm-gnu-toolchain/bin/../lib/gcc/arm-none-eabi/6.3.1/thumb/v7e-m/crtn.o
                0x00406af4                . = ALIGN (0x4)
                0x00406af4                __preinit_array_start = .
 *(.preinit_array)
                0x00406af4                __preinit_array_end = .
                0x00406af4                . = ALIGN (0x4)
                0x00406af4                __init_array_start = .
 *(SORT(.init_array.*))
 .init_array.00000
                0x00406af4        0x4 c:/program files (x86)/atmel/studio/7.0/toolchain/arm/arm-gnu-toolchain/bin/../lib/gcc/arm-none-eabi/6.3.1/../../../../arm-none-eabi/lib/thumb/v7e-m\libc.a(lib_a-__call_atexit.o)
 *(.init_array)
 .init_array    0x00406af8        0x4 c:/program files (x86)/atmel/studio/7.0/toolchain/arm/arm-gnu-toolchain/bin/../lib/gcc/arm-none-eabi/6.3.1/thumb/v7e-m/crtbegin.o
                0x00406afc                __init_array_end = .
                0x00406afc                . = ALIGN (0x4)
 *crtbegin.o(.ctors)
 *(EXCLUDE_FILE(*crtend.o) .ctors)
 *(SORT(.ctors.*))
 *crtend.o(.ctors)
                0x00406afc                . = ALIGN (0x4)
 *(.fini)
 .fini          0x00406afc        0x4 c:/program files (x86)/atmel/studio/7.0/toolchain/arm/arm-gnu-toolchain/bin/../lib/gcc/arm-none-eabi/6.3.1/thumb/v7e-m/crti.o
                0x00406afc                _fini
 .fini          0x00406b00        0x8 c:/program files (x86)/atmel/studio/7.0/toolchain/arm/arm-gnu-toolchain/bin/../lib/gcc/arm-none-eabi/6.3.1/thumb/v7e-m/crtn.o
                0x00406b08                . = ALIGN (0x4)
                0x00406b08                __fini_array_start = .
 *(.fini_array)
 .fini_array    0x00406b08        0x4 c:/program files (x86)/atmel/studio/7.0/toolchain/arm/arm-gnu-toolchain/bin/../lib/gcc/arm-none-eabi/6.3.1/thumb/v7e-m/crtbegin.o
 *(SORT(.fini_array.*))
                0x00406b0c                __fini_array_end = .
 *crtbegin.o(.dtors)
 *(EXCLUDE_FILE(*crtend.o) .dtors)
 *(SORT(.dtors.*))
 *crtend.o(.dtors)
                0x00406b0c                . = ALIGN (0x4)
                0x00406b0c                _efixed = .
                [!provide]                PROVIDE (__exidx_start, .)

.vfp11_veneer   0x00406b0c        0x0
 .vfp11_veneer  0x00406b0c        0x0 linker stubs

.v4_bx          0x00406b0c        0x0
 .v4_bx         0x00406b0c        0x0 linker stubs

.iplt           0x00406b0c        0x0
 .iplt          0x00406b0c        0x0 c:/program files (x86)/atmel/studio/7.0/toolchain/arm/arm-gnu-toolchain/bin/../lib/gcc/arm-none-eabi/6.3.1/thumb/v7e-m/crtbegin.o

.ARM.exidx      0x00406b0c        0x8
 *(.ARM.exidx* .gnu.linkonce.armexidx.*)
 .ARM.exidx     0x00406b0c        0x8 c:/program files (x86)/atmel/studio/7.0/toolchain/arm/arm-gnu-toolchain/bin/../lib/gcc/arm-none-eabi/6.3.1/thumb/v7e-m\libgcc.a(_udivmoddi4.o)
                [!provide]                PROVIDE (__exidx_end, .)

.eh_frame       0x00406b14        0x0
 .eh_frame      0x00406b14        0x0 c:/program files (x86)/atmel/studio/7.0/toolchain/arm/arm-gnu-toolchain/bin/../lib/gcc/arm-none-eabi/6.3.1/thumb/v7e-m/crtbegin.o

.rel.dyn        0x00406b14        0x0
 .rel.iplt      0x00406b14        0x0 c:/program files (x86)/atmel/studio/7.0/toolchain/arm/arm-gnu-toolchain/bin/../lib/gcc/arm-none-eabi/6.3.1/thumb/v7e-m/crtbegin.o

.jcr            0x00406b14        0x0
 .jcr           0x00406b14        0x0 c:/program files (x86)/atmel/studio/7.0/toolchain/arm/arm-gnu-toolchain/bin/../lib/gcc/arm-none-eabi/6.3.1/thumb/v7e-m/crtbegin.o

.igot.plt       0x00406b14        0x0
 .igot.plt      0x00406b14        0x0 c:/program files (x86)/atmel/studio/7.0/toolchain/arm/arm-gnu-toolchain/bin/../lib/gcc/arm-none-eabi/6.3.1/thumb/v7e-m/crtbegin.o
                0x00406b14                . = ALIGN (0x4)
                0x00406b14                _etext = .

.relocate       0x20400000      0xa40 load address 0x00406b14
                0x20400000                . = ALIGN (0x4)
                0x20400000                _srelocate = .
 *(.ramfunc .ramfunc.*)
 .ramfunc       0x20400000        0xa src/ASF/common/services/delay/sam/cycle_counter.o
                0x20400000                portable_delay_cycles
 *(.data .data.*)
 *fill*         0x2040000a        0x2 
 .data.sysfont  0x2040000c        0xc src/sysfont.o
                0x2040000c                sysfont
 .data.g_interrupt_enabled
                0x20400018        0x1 src/ASF/common/utils/interrupt/interrupt_sam_nvic.o
                0x20400018                g_interrupt_enabled
 *fill*         0x20400019        0x3 
 .data.SystemCoreClock
                0x2040001c        0x4 src/ASF/sam/utils/cmsis/same70/source/templates/system_same70.o
                0x2040001c                SystemCoreClock
 .data.buzzer   0x20400020       0x10 src/main.o
                0x20400020                buzzer
 .data.led1     0x20400030       0x10 src/main.o
                0x20400030                led1
 .data.led2     0x20400040       0x10 src/main.o
                0x20400040                led2
 .data.led3     0x20400050       0x10 src/main.o
                0x20400050                led3
 .data.nextButton
                0x20400060       0x10 src/main.o
                0x20400060                nextButton
 .data.playButton
                0x20400070       0x10 src/main.o
                0x20400070                playButton
 .data.prevButton
                0x20400080       0x10 src/main.o
                0x20400080                prevButton
 .data._impure_ptr
                0x20400090        0x4 c:/program files (x86)/atmel/studio/7.0/toolchain/arm/arm-gnu-toolchain/bin/../lib/gcc/arm-none-eabi/6.3.1/../../../../arm-none-eabi/lib/thumb/v7e-m\libc.a(lib_a-impure.o)
                0x20400090                _impure_ptr
 *fill*         0x20400094        0x4 
 .data.impure_data
                0x20400098      0x428 c:/program files (x86)/atmel/studio/7.0/toolchain/arm/arm-gnu-toolchain/bin/../lib/gcc/arm-none-eabi/6.3.1/../../../../arm-none-eabi/lib/thumb/v7e-m\libc.a(lib_a-impure.o)
 .data.__atexit_recursive_mutex
                0x204004c0        0x4 c:/program files (x86)/atmel/studio/7.0/toolchain/arm/arm-gnu-toolchain/bin/../lib/gcc/arm-none-eabi/6.3.1/../../../../arm-none-eabi/lib/thumb/v7e-m\libc.a(lib_a-__call_atexit.o)
                0x204004c0                __atexit_recursive_mutex
 .data.__malloc_av_
                0x204004c4      0x408 c:/program files (x86)/atmel/studio/7.0/toolchain/arm/arm-gnu-toolchain/bin/../lib/gcc/arm-none-eabi/6.3.1/../../../../arm-none-eabi/lib/thumb/v7e-m\libc.a(lib_a-mallocr.o)
                0x204004c4                __malloc_av_
 .data.__malloc_sbrk_base
                0x204008cc        0x4 c:/program files (x86)/atmel/studio/7.0/toolchain/arm/arm-gnu-toolchain/bin/../lib/gcc/arm-none-eabi/6.3.1/../../../../arm-none-eabi/lib/thumb/v7e-m\libc.a(lib_a-mallocr.o)
                0x204008cc                __malloc_sbrk_base
 .data.__malloc_trim_threshold
                0x204008d0        0x4 c:/program files (x86)/atmel/studio/7.0/toolchain/arm/arm-gnu-toolchain/bin/../lib/gcc/arm-none-eabi/6.3.1/../../../../arm-none-eabi/lib/thumb/v7e-m\libc.a(lib_a-mallocr.o)
                0x204008d0                __malloc_trim_threshold
 .data.__global_locale
                0x204008d4      0x16c c:/program files (x86)/atmel/studio/7.0/toolchain/arm/arm-gnu-toolchain/bin/../lib/gcc/arm-none-eabi/6.3.1/../../../../arm-none-eabi/lib/thumb/v7e-m\libc.a(lib_a-locale.o)
                0x204008d4                __global_locale
                0x20400a40                . = ALIGN (0x4)
                0x20400a40                _erelocate = .

.bss            0x20400a40      0x300 load address 0x00407554
                0x20400a40                . = ALIGN (0x4)
                0x20400a40                _sbss = .
                0x20400a40                _szero = .
 *(.bss .bss.*)
 .bss           0x20400a40       0x1c c:/program files (x86)/atmel/studio/7.0/toolchain/arm/arm-gnu-toolchain/bin/../lib/gcc/arm-none-eabi/6.3.1/thumb/v7e-m/crtbegin.o
 .bss.fbpointer
                0x20400a5c        0x4 src/gfx_mono_framebuffer.o
 .bss.framebuffer
                0x20400a60      0x200 src/gfx_mono_ug_2832hsweg04.o
 .bss.gs_interrupt_sources
                0x20400c60       0x70 src/ASF/sam/drivers/pio/pio_handler.o
 .bss.gs_ul_nb_sources
                0x20400cd0        0x4 src/ASF/sam/drivers/pio/pio_handler.o
 .bss.heap.6420
                0x20400cd4        0x4 src/ASF/sam/utils/syscalls/gcc/syscalls.o
 .bss.__malloc_current_mallinfo
                0x20400cd8       0x28 c:/program files (x86)/atmel/studio/7.0/toolchain/arm/arm-gnu-toolchain/bin/../lib/gcc/arm-none-eabi/6.3.1/../../../../arm-none-eabi/lib/thumb/v7e-m\libc.a(lib_a-mallocr.o)
                0x20400cd8                __malloc_current_mallinfo
 .bss.__malloc_max_sbrked_mem
                0x20400d00        0x4 c:/program files (x86)/atmel/studio/7.0/toolchain/arm/arm-gnu-toolchain/bin/../lib/gcc/arm-none-eabi/6.3.1/../../../../arm-none-eabi/lib/thumb/v7e-m\libc.a(lib_a-mallocr.o)
                0x20400d00                __malloc_max_sbrked_mem
 .bss.__malloc_max_total_mem
                0x20400d04        0x4 c:/program files (x86)/atmel/studio/7.0/toolchain/arm/arm-gnu-toolchain/bin/../lib/gcc/arm-none-eabi/6.3.1/../../../../arm-none-eabi/lib/thumb/v7e-m\libc.a(lib_a-mallocr.o)
                0x20400d04                __malloc_max_total_mem
 .bss.__malloc_top_pad
                0x20400d08        0x4 c:/program files (x86)/atmel/studio/7.0/toolchain/arm/arm-gnu-toolchain/bin/../lib/gcc/arm-none-eabi/6.3.1/../../../../arm-none-eabi/lib/thumb/v7e-m\libc.a(lib_a-mallocr.o)
                0x20400d08                __malloc_top_pad
 *(COMMON)
 COMMON         0x20400d0c        0xc src/main.o
                0x20400d0c                musicNote
                0x20400d10                play
                0x20400d14                musicIndex
 COMMON         0x20400d18       0x21 c:/program files (x86)/atmel/studio/7.0/toolchain/arm/arm-gnu-toolchain/bin/../lib/gcc/arm-none-eabi/6.3.1/../../../../arm-none-eabi/lib/thumb/v7e-m\libc.a(lib_a-lock.o)
                0x20400d18                __lock___atexit_recursive_mutex
                0x20400d1c                __lock___arc4random_mutex
                0x20400d20                __lock___env_recursive_mutex
                0x20400d24                __lock___sinit_recursive_mutex
                0x20400d28                __lock___malloc_recursive_mutex
                0x20400d2c                __lock___at_quick_exit_mutex
                0x20400d30                __lock___dd_hash_mutex
                0x20400d34                __lock___tz_mutex
                0x20400d38                __lock___sfp_recursive_mutex
 *fill*         0x20400d39        0x3 
 COMMON         0x20400d3c        0x4 c:/program files (x86)/atmel/studio/7.0/toolchain/arm/arm-gnu-toolchain/bin/../lib/gcc/arm-none-eabi/6.3.1/../../../../arm-none-eabi/lib/thumb/v7e-m\libc.a(lib_a-reent.o)
                0x20400d3c                errno
                0x20400d40                . = ALIGN (0x4)
                0x20400d40                _ebss = .
                0x20400d40                _ezero = .

.stack          0x20400d40     0x2000 load address 0x00407854
                0x20400d40                . = ALIGN (0x8)
                0x20400d40                _sstack = .
                0x20402d40                . = (. + STACK_SIZE)
 *fill*         0x20400d40     0x2000 
                0x20402d40                . = ALIGN (0x8)
                0x20402d40                _estack = .

.heap           0x20402d40      0x200 load address 0x00409854
                0x20402d40                . = ALIGN (0x8)
                0x20402d40                _sheap = .
                0x20402f40                . = (. + HEAP_SIZE)
 *fill*         0x20402d40      0x200 
                0x20402f40                . = ALIGN (0x8)
                0x20402f40                _eheap = .
                0x20402f40                . = ALIGN (0x4)
                0x20402f40                _end = .
                0x2045ffff                _ram_end_ = ((ORIGIN (ram) + LENGTH (ram)) - 0x1)
OUTPUT(spi_teste.elf elf32-littlearm)

.ARM.attributes
                0x00000000       0x2e
 .ARM.attributes
                0x00000000       0x1e c:/program files (x86)/atmel/studio/7.0/toolchain/arm/arm-gnu-toolchain/bin/../lib/gcc/arm-none-eabi/6.3.1/thumb/v7e-m/crti.o
 .ARM.attributes
                0x0000001e       0x2e c:/program files (x86)/atmel/studio/7.0/toolchain/arm/arm-gnu-toolchain/bin/../lib/gcc/arm-none-eabi/6.3.1/thumb/v7e-m/crtbegin.o
 .ARM.attributes
                0x0000004c       0x37 src/ASF/sam/drivers/spi/spi.o
 .ARM.attributes
                0x00000083       0x37 src/gfx_mono_framebuffer.o
 .ARM.attributes
                0x000000ba       0x37 src/gfx_mono_generic.o
 .ARM.attributes
                0x000000f1       0x37 src/gfx_mono_text.o
 .ARM.attributes
                0x00000128       0x37 src/gfx_mono_ug_2832hsweg04.o
 .ARM.attributes
                0x0000015f       0x37 src/ssd1306.o
 .ARM.attributes
                0x00000196       0x37 src/sysfont.o
 .ARM.attributes
                0x000001cd       0x37 src/ASF/common/services/delay/sam/cycle_counter.o
 .ARM.attributes
                0x00000204       0x37 src/ASF/common/services/clock/same70/sysclk.o
 .ARM.attributes
                0x0000023b       0x37 src/ASF/common/utils/interrupt/interrupt_sam_nvic.o
 .ARM.attributes
                0x00000272       0x37 src/ASF/sam/boards/same70_xplained/init.o
 .ARM.attributes
                0x000002a9       0x37 src/ASF/sam/drivers/pio/pio.o
 .ARM.attributes
                0x000002e0       0x37 src/ASF/sam/drivers/pio/pio_handler.o
 .ARM.attributes
                0x00000317       0x37 src/ASF/sam/drivers/pmc/pmc.o
 .ARM.attributes
                0x0000034e       0x37 src/ASF/sam/utils/cmsis/same70/source/templates/gcc/startup_same70.o
 .ARM.attributes
                0x00000385       0x37 src/ASF/sam/utils/cmsis/same70/source/templates/system_same70.o
 .ARM.attributes
                0x000003bc       0x37 src/ASF/sam/utils/syscalls/gcc/syscalls.o
 .ARM.attributes
                0x000003f3       0x37 src/main.o
 .ARM.attributes
                0x0000042a       0x1e c:/program files (x86)/atmel/studio/7.0/toolchain/arm/arm-gnu-toolchain/bin/../lib/gcc/arm-none-eabi/6.3.1/thumb/v7e-m\libgcc.a(_aeabi_uldivmod.o)
 .ARM.attributes
                0x00000448       0x2e c:/program files (x86)/atmel/studio/7.0/toolchain/arm/arm-gnu-toolchain/bin/../lib/gcc/arm-none-eabi/6.3.1/thumb/v7e-m\libgcc.a(_udivmoddi4.o)
 .ARM.attributes
                0x00000476       0x1e c:/program files (x86)/atmel/studio/7.0/toolchain/arm/arm-gnu-toolchain/bin/../lib/gcc/arm-none-eabi/6.3.1/thumb/v7e-m\libgcc.a(_dvmd_tls.o)
 .ARM.attributes
                0x00000494       0x2e c:/program files (x86)/atmel/studio/7.0/toolchain/arm/arm-gnu-toolchain/bin/../lib/gcc/arm-none-eabi/6.3.1/../../../../arm-none-eabi/lib/thumb/v7e-m\libc.a(lib_a-impure.o)
 .ARM.attributes
                0x000004c2       0x2e c:/program files (x86)/atmel/studio/7.0/toolchain/arm/arm-gnu-toolchain/bin/../lib/gcc/arm-none-eabi/6.3.1/../../../../arm-none-eabi/lib/thumb/v7e-m\libc.a(lib_a-init.o)
 .ARM.attributes
                0x000004f0       0x2e c:/program files (x86)/atmel/studio/7.0/toolchain/arm/arm-gnu-toolchain/bin/../lib/gcc/arm-none-eabi/6.3.1/../../../../arm-none-eabi/lib/thumb/v7e-m\libc.a(lib_a-memset.o)
 .ARM.attributes
                0x0000051e       0x2e c:/program files (x86)/atmel/studio/7.0/toolchain/arm/arm-gnu-toolchain/bin/../lib/gcc/arm-none-eabi/6.3.1/../../../../arm-none-eabi/lib/thumb/v7e-m\libc.a(lib_a-sprintf.o)
 .ARM.attributes
                0x0000054c       0x2e c:/program files (x86)/atmel/studio/7.0/toolchain/arm/arm-gnu-toolchain/bin/../lib/gcc/arm-none-eabi/6.3.1/../../../../arm-none-eabi/lib/thumb/v7e-m\libc.a(lib_a-svfprintf.o)
 .ARM.attributes
                0x0000057a       0x2e c:/program files (x86)/atmel/studio/7.0/toolchain/arm/arm-gnu-toolchain/bin/../lib/gcc/arm-none-eabi/6.3.1/../../../../arm-none-eabi/lib/thumb/v7e-m\libc.a(lib_a-__call_atexit.o)
 .ARM.attributes
                0x000005a8       0x2e c:/program files (x86)/atmel/studio/7.0/toolchain/arm/arm-gnu-toolchain/bin/../lib/gcc/arm-none-eabi/6.3.1/../../../../arm-none-eabi/lib/thumb/v7e-m\libc.a(lib_a-atexit.o)
 .ARM.attributes
                0x000005d6       0x2e c:/program files (x86)/atmel/studio/7.0/toolchain/arm/arm-gnu-toolchain/bin/../lib/gcc/arm-none-eabi/6.3.1/../../../../arm-none-eabi/lib/thumb/v7e-m\libc.a(lib_a-dtoa.o)
 .ARM.attributes
                0x00000604       0x2e c:/program files (x86)/atmel/studio/7.0/toolchain/arm/arm-gnu-toolchain/bin/../lib/gcc/arm-none-eabi/6.3.1/../../../../arm-none-eabi/lib/thumb/v7e-m\libc.a(lib_a-fini.o)
 .ARM.attributes
                0x00000632       0x2e c:/program files (x86)/atmel/studio/7.0/toolchain/arm/arm-gnu-toolchain/bin/../lib/gcc/arm-none-eabi/6.3.1/../../../../arm-none-eabi/lib/thumb/v7e-m\libc.a(lib_a-localeconv.o)
 .ARM.attributes
                0x00000660       0x2e c:/program files (x86)/atmel/studio/7.0/toolchain/arm/arm-gnu-toolchain/bin/../lib/gcc/arm-none-eabi/6.3.1/../../../../arm-none-eabi/lib/thumb/v7e-m\libc.a(lib_a-lock.o)
 .ARM.attributes
                0x0000068e       0x2e c:/program files (x86)/atmel/studio/7.0/toolchain/arm/arm-gnu-toolchain/bin/../lib/gcc/arm-none-eabi/6.3.1/../../../../arm-none-eabi/lib/thumb/v7e-m\libc.a(lib_a-mallocr.o)
 .ARM.attributes
                0x000006bc       0x1c c:/program files (x86)/atmel/studio/7.0/toolchain/arm/arm-gnu-toolchain/bin/../lib/gcc/arm-none-eabi/6.3.1/../../../../arm-none-eabi/lib/thumb/v7e-m\libc.a(lib_a-memchr.o)
 .ARM.attributes
                0x000006d8       0x1c c:/program files (x86)/atmel/studio/7.0/toolchain/arm/arm-gnu-toolchain/bin/../lib/gcc/arm-none-eabi/6.3.1/../../../../arm-none-eabi/lib/thumb/v7e-m\libc.a(lib_a-memcpy.o)
 .ARM.attributes
                0x000006f4       0x2e c:/program files (x86)/atmel/studio/7.0/toolchain/arm/arm-gnu-toolchain/bin/../lib/gcc/arm-none-eabi/6.3.1/../../../../arm-none-eabi/lib/thumb/v7e-m\libc.a(lib_a-mlock.o)
 .ARM.attributes
                0x00000722       0x2e c:/program files (x86)/atmel/studio/7.0/toolchain/arm/arm-gnu-toolchain/bin/../lib/gcc/arm-none-eabi/6.3.1/../../../../arm-none-eabi/lib/thumb/v7e-m\libc.a(lib_a-mprec.o)
 .ARM.attributes
                0x00000750       0x2e c:/program files (x86)/atmel/studio/7.0/toolchain/arm/arm-gnu-toolchain/bin/../lib/gcc/arm-none-eabi/6.3.1/../../../../arm-none-eabi/lib/thumb/v7e-m\libc.a(lib_a-sbrkr.o)
 .ARM.attributes
                0x0000077e       0x1c c:/program files (x86)/atmel/studio/7.0/toolchain/arm/arm-gnu-toolchain/bin/../lib/gcc/arm-none-eabi/6.3.1/../../../../arm-none-eabi/lib/thumb/v7e-m\libc.a(lib_a-strlen.o)
 .ARM.attributes
                0x0000079a       0x2e c:/program files (x86)/atmel/studio/7.0/toolchain/arm/arm-gnu-toolchain/bin/../lib/gcc/arm-none-eabi/6.3.1/../../../../arm-none-eabi/lib/thumb/v7e-m\libc.a(lib_a-svfiprintf.o)
 .ARM.attributes
                0x000007c8       0x2e c:/program files (x86)/atmel/studio/7.0/toolchain/arm/arm-gnu-toolchain/bin/../lib/gcc/arm-none-eabi/6.3.1/../../../../arm-none-eabi/lib/thumb/v7e-m\libc.a(lib_a-__atexit.o)
 .ARM.attributes
                0x000007f6       0x2e c:/program files (x86)/atmel/studio/7.0/toolchain/arm/arm-gnu-toolchain/bin/../lib/gcc/arm-none-eabi/6.3.1/../../../../arm-none-eabi/lib/thumb/v7e-m\libc.a(lib_a-callocr.o)
 .ARM.attributes
                0x00000824       0x2e c:/program files (x86)/atmel/studio/7.0/toolchain/arm/arm-gnu-toolchain/bin/../lib/gcc/arm-none-eabi/6.3.1/../../../../arm-none-eabi/lib/thumb/v7e-m\libc.a(lib_a-freer.o)
 .ARM.attributes
                0x00000852       0x2e c:/program files (x86)/atmel/studio/7.0/toolchain/arm/arm-gnu-toolchain/bin/../lib/gcc/arm-none-eabi/6.3.1/../../../../arm-none-eabi/lib/thumb/v7e-m\libc.a(lib_a-locale.o)
 .ARM.attributes
                0x00000880       0x2e c:/program files (x86)/atmel/studio/7.0/toolchain/arm/arm-gnu-toolchain/bin/../lib/gcc/arm-none-eabi/6.3.1/../../../../arm-none-eabi/lib/thumb/v7e-m\libc.a(lib_a-mbtowc_r.o)
 .ARM.attributes
                0x000008ae       0x2e c:/program files (x86)/atmel/studio/7.0/toolchain/arm/arm-gnu-toolchain/bin/../lib/gcc/arm-none-eabi/6.3.1/../../../../arm-none-eabi/lib/thumb/v7e-m\libc.a(lib_a-memmove.o)
 .ARM.attributes
                0x000008dc       0x2e c:/program files (x86)/atmel/studio/7.0/toolchain/arm/arm-gnu-toolchain/bin/../lib/gcc/arm-none-eabi/6.3.1/../../../../arm-none-eabi/lib/thumb/v7e-m\libc.a(lib_a-reallocr.o)
 .ARM.attributes
                0x0000090a       0x2e c:/program files (x86)/atmel/studio/7.0/toolchain/arm/arm-gnu-toolchain/bin/../lib/gcc/arm-none-eabi/6.3.1/../../../../arm-none-eabi/lib/thumb/v7e-m\libc.a(lib_a-reent.o)
 .ARM.attributes
                0x00000938       0x2e c:/program files (x86)/atmel/studio/7.0/toolchain/arm/arm-gnu-toolchain/bin/../lib/gcc/arm-none-eabi/6.3.1/../../../../arm-none-eabi/lib/thumb/v7e-m\libc.a(lib_a-wctomb_r.o)
 .ARM.attributes
                0x00000966       0x2e c:/program files (x86)/atmel/studio/7.0/toolchain/arm/arm-gnu-toolchain/bin/../lib/gcc/arm-none-eabi/6.3.1/../../../../arm-none-eabi/lib/thumb/v7e-m\libc.a(lib_a-ctype_.o)
 .ARM.attributes
                0x00000994       0x1e c:/program files (x86)/atmel/studio/7.0/toolchain/arm/arm-gnu-toolchain/bin/../lib/gcc/arm-none-eabi/6.3.1/thumb/v7e-m\libgcc.a(_arm_addsubdf3.o)
 .ARM.attributes
                0x000009b2       0x1e c:/program files (x86)/atmel/studio/7.0/toolchain/arm/arm-gnu-toolchain/bin/../lib/gcc/arm-none-eabi/6.3.1/thumb/v7e-m\libgcc.a(_arm_muldivdf3.o)
 .ARM.attributes
                0x000009d0       0x1e c:/program files (x86)/atmel/studio/7.0/toolchain/arm/arm-gnu-toolchain/bin/../lib/gcc/arm-none-eabi/6.3.1/thumb/v7e-m\libgcc.a(_arm_cmpdf2.o)
 .ARM.attributes
                0x000009ee       0x1e c:/program files (x86)/atmel/studio/7.0/toolchain/arm/arm-gnu-toolchain/bin/../lib/gcc/arm-none-eabi/6.3.1/thumb/v7e-m\libgcc.a(_arm_unorddf2.o)
 .ARM.attributes
                0x00000a0c       0x1e c:/program files (x86)/atmel/studio/7.0/toolchain/arm/arm-gnu-toolchain/bin/../lib/gcc/arm-none-eabi/6.3.1/thumb/v7e-m\libgcc.a(_arm_fixdfsi.o)
 .ARM.attributes
                0x00000a2a       0x1e c:/program files (x86)/atmel/studio/7.0/toolchain/arm/arm-gnu-toolchain/bin/../lib/gcc/arm-none-eabi/6.3.1/thumb/v7e-m/crtn.o

.comment        0x00000000       0x59
 .comment       0x00000000       0x59 src/ASF/sam/drivers/spi/spi.o
                                 0x5a (size before relaxing)
 .comment       0x00000059       0x5a src/gfx_mono_framebuffer.o
 .comment       0x00000059       0x5a src/gfx_mono_generic.o
 .comment       0x00000059       0x5a src/gfx_mono_text.o
 .comment       0x00000059       0x5a src/gfx_mono_ug_2832hsweg04.o
 .comment       0x00000059       0x5a src/ssd1306.o
 .comment       0x00000059       0x5a src/sysfont.o
 .comment       0x00000059       0x5a src/ASF/common/services/delay/sam/cycle_counter.o
 .comment       0x00000059       0x5a src/ASF/common/services/clock/same70/sysclk.o
 .comment       0x00000059       0x5a src/ASF/common/utils/interrupt/interrupt_sam_nvic.o
 .comment       0x00000059       0x5a src/ASF/sam/boards/same70_xplained/init.o
 .comment       0x00000059       0x5a src/ASF/sam/drivers/pio/pio.o
 .comment       0x00000059       0x5a src/ASF/sam/drivers/pio/pio_handler.o
 .comment       0x00000059       0x5a src/ASF/sam/drivers/pmc/pmc.o
 .comment       0x00000059       0x5a src/ASF/sam/utils/cmsis/same70/source/templates/gcc/startup_same70.o
 .comment       0x00000059       0x5a src/ASF/sam/utils/cmsis/same70/source/templates/system_same70.o
 .comment       0x00000059       0x5a src/ASF/sam/utils/syscalls/gcc/syscalls.o
 .comment       0x00000059       0x5a src/main.o

.debug_info     0x00000000    0x16a1f
 .debug_info    0x00000000     0x115d src/ASF/sam/drivers/spi/spi.o
 .debug_info    0x0000115d      0xdea src/gfx_mono_framebuffer.o
 .debug_info    0x00001f47     0x1595 src/gfx_mono_generic.o
 .debug_info    0x000034dc      0xf82 src/gfx_mono_text.o
 .debug_info    0x0000445e     0x11b8 src/gfx_mono_ug_2832hsweg04.o
 .debug_info    0x00005616     0x1fc6 src/ssd1306.o
 .debug_info    0x000075dc      0xb06 src/sysfont.o
 .debug_info    0x000080e2      0xa45 src/ASF/common/services/delay/sam/cycle_counter.o
 .debug_info    0x00008b27     0x1267 src/ASF/common/services/clock/same70/sysclk.o
 .debug_info    0x00009d8e      0xb01 src/ASF/common/utils/interrupt/interrupt_sam_nvic.o
 .debug_info    0x0000a88f     0x1bd7 src/ASF/sam/boards/same70_xplained/init.o
 .debug_info    0x0000c466     0x2150 src/ASF/sam/drivers/pio/pio.o
 .debug_info    0x0000e5b6     0x1b22 src/ASF/sam/drivers/pio/pio_handler.o
 .debug_info    0x000100d8     0x1e0e src/ASF/sam/drivers/pmc/pmc.o
 .debug_info    0x00011ee6     0x156a src/ASF/sam/utils/cmsis/same70/source/templates/gcc/startup_same70.o
 .debug_info    0x00013450      0x55b src/ASF/sam/utils/cmsis/same70/source/templates/system_same70.o
 .debug_info    0x000139ab      0xdb0 src/ASF/sam/utils/syscalls/gcc/syscalls.o
 .debug_info    0x0001475b     0x22c4 src/main.o

.debug_abbrev   0x00000000     0x33c3
 .debug_abbrev  0x00000000      0x3a5 src/ASF/sam/drivers/spi/spi.o
 .debug_abbrev  0x000003a5      0x289 src/gfx_mono_framebuffer.o
 .debug_abbrev  0x0000062e      0x2a7 src/gfx_mono_generic.o
 .debug_abbrev  0x000008d5      0x30f src/gfx_mono_text.o
 .debug_abbrev  0x00000be4      0x350 src/gfx_mono_ug_2832hsweg04.o
 .debug_abbrev  0x00000f34      0x363 src/ssd1306.o
 .debug_abbrev  0x00001297      0x1b6 src/sysfont.o
 .debug_abbrev  0x0000144d      0x1b3 src/ASF/common/services/delay/sam/cycle_counter.o
 .debug_abbrev  0x00001600      0x31f src/ASF/common/services/clock/same70/sysclk.o
 .debug_abbrev  0x0000191f      0x212 src/ASF/common/utils/interrupt/interrupt_sam_nvic.o
 .debug_abbrev  0x00001b31      0x368 src/ASF/sam/boards/same70_xplained/init.o
 .debug_abbrev  0x00001e99      0x410 src/ASF/sam/drivers/pio/pio.o
 .debug_abbrev  0x000022a9      0x32f src/ASF/sam/drivers/pio/pio_handler.o
 .debug_abbrev  0x000025d8      0x369 src/ASF/sam/drivers/pmc/pmc.o
 .debug_abbrev  0x00002941      0x2e4 src/ASF/sam/utils/cmsis/same70/source/templates/gcc/startup_same70.o
 .debug_abbrev  0x00002c25      0x102 src/ASF/sam/utils/cmsis/same70/source/templates/system_same70.o
 .debug_abbrev  0x00002d27      0x264 src/ASF/sam/utils/syscalls/gcc/syscalls.o
 .debug_abbrev  0x00002f8b      0x438 src/main.o

.debug_loc      0x00000000     0x555a
 .debug_loc     0x00000000      0x610 src/ASF/sam/drivers/spi/spi.o
 .debug_loc     0x00000610      0x506 src/gfx_mono_framebuffer.o
 .debug_loc     0x00000b16      0xda8 src/gfx_mono_generic.o
 .debug_loc     0x000018be      0x66a src/gfx_mono_text.o
 .debug_loc     0x00001f28      0x6ee src/gfx_mono_ug_2832hsweg04.o
 .debug_loc     0x00002616      0x365 src/ssd1306.o
 .debug_loc     0x0000297b      0x183 src/ASF/common/services/clock/same70/sysclk.o
 .debug_loc     0x00002afe      0x1e7 src/ASF/sam/boards/same70_xplained/init.o
 .debug_loc     0x00002ce5      0xea4 src/ASF/sam/drivers/pio/pio.o
 .debug_loc     0x00003b89      0x588 src/ASF/sam/drivers/pio/pio_handler.o
 .debug_loc     0x00004111      0xce3 src/ASF/sam/drivers/pmc/pmc.o
 .debug_loc     0x00004df4       0x77 src/ASF/sam/utils/cmsis/same70/source/templates/gcc/startup_same70.o
 .debug_loc     0x00004e6b       0xfd src/ASF/sam/utils/syscalls/gcc/syscalls.o
 .debug_loc     0x00004f68      0x5f2 src/main.o

.debug_aranges  0x00000000      0x868
 .debug_aranges
                0x00000000       0x90 src/ASF/sam/drivers/spi/spi.o
 .debug_aranges
                0x00000090       0x58 src/gfx_mono_framebuffer.o
 .debug_aranges
                0x000000e8       0x58 src/gfx_mono_generic.o
 .debug_aranges
                0x00000140       0x40 src/gfx_mono_text.o
 .debug_aranges
                0x00000180       0x60 src/gfx_mono_ug_2832hsweg04.o
 .debug_aranges
                0x000001e0       0x30 src/ssd1306.o
 .debug_aranges
                0x00000210       0x18 src/sysfont.o
 .debug_aranges
                0x00000228       0x20 src/ASF/common/services/delay/sam/cycle_counter.o
 .debug_aranges
                0x00000248       0x40 src/ASF/common/services/clock/same70/sysclk.o
 .debug_aranges
                0x00000288       0x28 src/ASF/common/utils/interrupt/interrupt_sam_nvic.o
 .debug_aranges
                0x000002b0       0x20 src/ASF/sam/boards/same70_xplained/init.o
 .debug_aranges
                0x000002d0      0x1a8 src/ASF/sam/drivers/pio/pio.o
 .debug_aranges
                0x00000478       0x60 src/ASF/sam/drivers/pio/pio_handler.o
 .debug_aranges
                0x000004d8      0x250 src/ASF/sam/drivers/pmc/pmc.o
 .debug_aranges
                0x00000728       0x28 src/ASF/sam/utils/cmsis/same70/source/templates/gcc/startup_same70.o
 .debug_aranges
                0x00000750       0x30 src/ASF/sam/utils/cmsis/same70/source/templates/system_same70.o
 .debug_aranges
                0x00000780       0x60 src/ASF/sam/utils/syscalls/gcc/syscalls.o
 .debug_aranges
                0x000007e0       0x88 src/main.o

.debug_ranges   0x00000000      0x908
 .debug_ranges  0x00000000       0x80 src/ASF/sam/drivers/spi/spi.o
 .debug_ranges  0x00000080       0x48 src/gfx_mono_framebuffer.o
 .debug_ranges  0x000000c8       0x48 src/gfx_mono_generic.o
 .debug_ranges  0x00000110       0x48 src/gfx_mono_text.o
 .debug_ranges  0x00000158       0x80 src/gfx_mono_ug_2832hsweg04.o
 .debug_ranges  0x000001d8       0x20 src/ssd1306.o
 .debug_ranges  0x000001f8       0x10 src/ASF/common/services/delay/sam/cycle_counter.o
 .debug_ranges  0x00000208       0x30 src/ASF/common/services/clock/same70/sysclk.o
 .debug_ranges  0x00000238       0x18 src/ASF/common/utils/interrupt/interrupt_sam_nvic.o
 .debug_ranges  0x00000250       0x10 src/ASF/sam/boards/same70_xplained/init.o
 .debug_ranges  0x00000260      0x2a0 src/ASF/sam/drivers/pio/pio.o
 .debug_ranges  0x00000500       0x68 src/ASF/sam/drivers/pio/pio_handler.o
 .debug_ranges  0x00000568      0x240 src/ASF/sam/drivers/pmc/pmc.o
 .debug_ranges  0x000007a8       0x18 src/ASF/sam/utils/cmsis/same70/source/templates/gcc/startup_same70.o
 .debug_ranges  0x000007c0       0x20 src/ASF/sam/utils/cmsis/same70/source/templates/system_same70.o
 .debug_ranges  0x000007e0       0x50 src/ASF/sam/utils/syscalls/gcc/syscalls.o
 .debug_ranges  0x00000830       0xd8 src/main.o

.debug_macro    0x00000000     0x992b
 .debug_macro   0x00000000      0x6d9 src/ASF/sam/drivers/spi/spi.o
 .debug_macro   0x000006d9       0x10 src/ASF/sam/drivers/spi/spi.o
 .debug_macro   0x000006e9       0x3a src/ASF/sam/drivers/spi/spi.o
 .debug_macro   0x00000723      0x2c6 src/ASF/sam/drivers/spi/spi.o
 .debug_macro   0x000009e9      0xa96 src/ASF/sam/drivers/spi/spi.o
 .debug_macro   0x0000147f       0x70 src/ASF/sam/drivers/spi/spi.o
 .debug_macro   0x000014ef       0x64 src/ASF/sam/drivers/spi/spi.o
 .debug_macro   0x00001553       0x5f src/ASF/sam/drivers/spi/spi.o
 .debug_macro   0x000015b2       0xac src/ASF/sam/drivers/spi/spi.o
 .debug_macro   0x0000165e      0x80a src/gfx_mono_framebuffer.o
 .debug_macro   0x00001e68       0x50 src/gfx_mono_framebuffer.o
 .debug_macro   0x00001eb8       0x22 src/gfx_mono_framebuffer.o
 .debug_macro   0x00001eda       0x7b src/gfx_mono_framebuffer.o
 .debug_macro   0x00001f55       0x28 src/gfx_mono_framebuffer.o
 .debug_macro   0x00001f7d       0x23 src/gfx_mono_framebuffer.o
 .debug_macro   0x00001fa0       0x94 src/gfx_mono_framebuffer.o
 .debug_macro   0x00002034       0x40 src/gfx_mono_framebuffer.o
 .debug_macro   0x00002074       0x88 src/gfx_mono_framebuffer.o
 .debug_macro   0x000020fc      0x1ce src/gfx_mono_framebuffer.o
 .debug_macro   0x000022ca       0x16 src/gfx_mono_framebuffer.o
 .debug_macro   0x000022e0       0x1c src/gfx_mono_framebuffer.o
 .debug_macro   0x000022fc       0x16 src/gfx_mono_framebuffer.o
 .debug_macro   0x00002312       0x28 src/gfx_mono_framebuffer.o
 .debug_macro   0x0000233a       0xd1 src/gfx_mono_framebuffer.o
 .debug_macro   0x0000240b       0x8b src/gfx_mono_framebuffer.o
 .debug_macro   0x00002496      0x80a src/gfx_mono_generic.o
 .debug_macro   0x00002ca0      0x823 src/gfx_mono_text.o
 .debug_macro   0x000034c3      0x80f src/gfx_mono_ug_2832hsweg04.o
 .debug_macro   0x00003cd2       0x28 src/gfx_mono_ug_2832hsweg04.o
 .debug_macro   0x00003cfa      0x7e4 src/ssd1306.o
 .debug_macro   0x000044de      0x69c src/sysfont.o
 .debug_macro   0x00004b7a       0x3a src/sysfont.o
 .debug_macro   0x00004bb4      0x665 src/ASF/common/services/delay/sam/cycle_counter.o
 .debug_macro   0x00005219       0x22 src/ASF/common/services/delay/sam/cycle_counter.o
 .debug_macro   0x0000523b      0x6d1 src/ASF/common/services/clock/same70/sysclk.o
 .debug_macro   0x0000590c      0x2c0 src/ASF/common/services/clock/same70/sysclk.o
 .debug_macro   0x00005bcc      0x655 src/ASF/common/utils/interrupt/interrupt_sam_nvic.o
 .debug_macro   0x00006221      0x70b src/ASF/sam/boards/same70_xplained/init.o
 .debug_macro   0x0000692c       0x82 src/ASF/sam/boards/same70_xplained/init.o
 .debug_macro   0x000069ae      0x66b src/ASF/sam/drivers/pio/pio.o
 .debug_macro   0x00007019       0x8e src/ASF/sam/drivers/pio/pio.o
 .debug_macro   0x000070a7      0x676 src/ASF/sam/drivers/pio/pio_handler.o
 .debug_macro   0x0000771d      0x66b src/ASF/sam/drivers/pmc/pmc.o
 .debug_macro   0x00007d88       0x6a src/ASF/sam/drivers/pmc/pmc.o
 .debug_macro   0x00007df2      0x664 src/ASF/sam/utils/cmsis/same70/source/templates/gcc/startup_same70.o
 .debug_macro   0x00008456       0x10 src/ASF/sam/utils/cmsis/same70/source/templates/gcc/startup_same70.o
 .debug_macro   0x00008466      0x455 src/ASF/sam/utils/cmsis/same70/source/templates/system_same70.o
 .debug_macro   0x000088bb      0x1d6 src/ASF/sam/utils/syscalls/gcc/syscalls.o
 .debug_macro   0x00008a91       0x97 src/ASF/sam/utils/syscalls/gcc/syscalls.o
 .debug_macro   0x00008b28       0xf6 src/ASF/sam/utils/syscalls/gcc/syscalls.o
 .debug_macro   0x00008c1e       0x4c src/ASF/sam/utils/syscalls/gcc/syscalls.o
 .debug_macro   0x00008c6a       0x16 src/ASF/sam/utils/syscalls/gcc/syscalls.o
 .debug_macro   0x00008c80       0x10 src/ASF/sam/utils/syscalls/gcc/syscalls.o
 .debug_macro   0x00008c90       0x10 src/ASF/sam/utils/syscalls/gcc/syscalls.o
 .debug_macro   0x00008ca0       0x35 src/ASF/sam/utils/syscalls/gcc/syscalls.o
 .debug_macro   0x00008cd5      0x122 src/ASF/sam/utils/syscalls/gcc/syscalls.o
 .debug_macro   0x00008df7      0x914 src/main.o
 .debug_macro   0x0000970b      0x220 src/main.o

.debug_line     0x00000000     0xde4d
 .debug_line    0x00000000      0xc41 src/ASF/sam/drivers/spi/spi.o
 .debug_line    0x00000c41      0xef6 src/gfx_mono_framebuffer.o
 .debug_line    0x00001b37      0xfaa src/gfx_mono_generic.o
 .debug_line    0x00002ae1      0xf04 src/gfx_mono_text.o
 .debug_line    0x000039e5      0xf7e src/gfx_mono_ug_2832hsweg04.o
 .debug_line    0x00004963      0xed3 src/ssd1306.o
 .debug_line    0x00005836      0xa16 src/sysfont.o
 .debug_line    0x0000624c      0x9ed src/ASF/common/services/delay/sam/cycle_counter.o
 .debug_line    0x00006c39      0xb4f src/ASF/common/services/clock/same70/sysclk.o
 .debug_line    0x00007788      0xa01 src/ASF/common/utils/interrupt/interrupt_sam_nvic.o
 .debug_line    0x00008189      0xc04 src/ASF/sam/boards/same70_xplained/init.o
 .debug_line    0x00008d8d      0xee3 src/ASF/sam/drivers/pio/pio.o
 .debug_line    0x00009c70      0xabf src/ASF/sam/drivers/pio/pio_handler.o
 .debug_line    0x0000a72f     0x106b src/ASF/sam/drivers/pmc/pmc.o
 .debug_line    0x0000b79a      0xa73 src/ASF/sam/utils/cmsis/same70/source/templates/gcc/startup_same70.o
 .debug_line    0x0000c20d      0x7e9 src/ASF/sam/utils/cmsis/same70/source/templates/system_same70.o
 .debug_line    0x0000c9f6      0x40b src/ASF/sam/utils/syscalls/gcc/syscalls.o
 .debug_line    0x0000ce01     0x104c src/main.o

.debug_str      0x00000000    0x90755
 .debug_str     0x00000000    0x85e58 src/ASF/sam/drivers/spi/spi.o
                              0x86525 (size before relaxing)
 .debug_str     0x00085e58     0x2b2d src/gfx_mono_framebuffer.o
                              0x88c77 (size before relaxing)
 .debug_str     0x00088985      0x257 src/gfx_mono_generic.o
                              0x88dbb (size before relaxing)
 .debug_str     0x00088bdc      0x261 src/gfx_mono_text.o
                              0x88d96 (size before relaxing)
 .debug_str     0x00088e3d      0x117 src/gfx_mono_ug_2832hsweg04.o
                              0x88d57 (size before relaxing)
 .debug_str     0x00088f54      0x60d src/ssd1306.o
                              0x8898f (size before relaxing)
 .debug_str     0x00089561     0x3edc src/sysfont.o
                              0x86152 (size before relaxing)
 .debug_str     0x0008d43d       0x35 src/ASF/common/services/delay/sam/cycle_counter.o
                              0x8208b (size before relaxing)
 .debug_str     0x0008d472      0x3f1 src/ASF/common/services/clock/same70/sysclk.o
                              0x865a9 (size before relaxing)
 .debug_str     0x0008d863       0x94 src/ASF/common/utils/interrupt/interrupt_sam_nvic.o
                              0x81f5b (size before relaxing)
 .debug_str     0x0008d8f7      0x4f4 src/ASF/sam/boards/same70_xplained/init.o
                              0x87099 (size before relaxing)
 .debug_str     0x0008ddeb      0x57b src/ASF/sam/drivers/pio/pio.o
                              0x82ab1 (size before relaxing)
 .debug_str     0x0008e366      0x437 src/ASF/sam/drivers/pio/pio_handler.o
                              0x82bd3 (size before relaxing)
 .debug_str     0x0008e79d      0x699 src/ASF/sam/drivers/pmc/pmc.o
                              0x82c15 (size before relaxing)
 .debug_str     0x0008ee36      0x64c src/ASF/sam/utils/cmsis/same70/source/templates/gcc/startup_same70.o
                              0x82728 (size before relaxing)
 .debug_str     0x0008f482      0x137 src/ASF/sam/utils/cmsis/same70/source/templates/system_same70.o
                              0x72834 (size before relaxing)
 .debug_str     0x0008f5b9      0x779 src/ASF/sam/utils/syscalls/gcc/syscalls.o
                               0x7465 (size before relaxing)
 .debug_str     0x0008fd32      0xa23 src/main.o
                              0x8dd3a (size before relaxing)

.debug_frame    0x00000000     0x1ef0
 .debug_frame   0x00000000      0x140 src/ASF/sam/drivers/spi/spi.o
 .debug_frame   0x00000140       0xdc src/gfx_mono_framebuffer.o
 .debug_frame   0x0000021c      0x168 src/gfx_mono_generic.o
 .debug_frame   0x00000384       0xc8 src/gfx_mono_text.o
 .debug_frame   0x0000044c      0x124 src/gfx_mono_ug_2832hsweg04.o
 .debug_frame   0x00000570       0x6c src/ssd1306.o
 .debug_frame   0x000005dc       0x20 src/ASF/common/services/delay/sam/cycle_counter.o
 .debug_frame   0x000005fc       0x88 src/ASF/common/services/clock/same70/sysclk.o
 .debug_frame   0x00000684       0x30 src/ASF/common/utils/interrupt/interrupt_sam_nvic.o
 .debug_frame   0x000006b4       0x30 src/ASF/sam/boards/same70_xplained/init.o
 .debug_frame   0x000006e4      0x390 src/ASF/sam/drivers/pio/pio.o
 .debug_frame   0x00000a74      0x110 src/ASF/sam/drivers/pio/pio_handler.o
 .debug_frame   0x00000b84      0x494 src/ASF/sam/drivers/pmc/pmc.o
 .debug_frame   0x00001018       0x38 src/ASF/sam/utils/cmsis/same70/source/templates/gcc/startup_same70.o
 .debug_frame   0x00001050       0x40 src/ASF/sam/utils/cmsis/same70/source/templates/system_same70.o
 .debug_frame   0x00001090       0xa0 src/ASF/sam/utils/syscalls/gcc/syscalls.o
 .debug_frame   0x00001130      0x1d4 src/main.o
 .debug_frame   0x00001304       0x2c c:/program files (x86)/atmel/studio/7.0/toolchain/arm/arm-gnu-toolchain/bin/../lib/gcc/arm-none-eabi/6.3.1/thumb/v7e-m\libgcc.a(_aeabi_uldivmod.o)
 .debug_frame   0x00001330       0x34 c:/program files (x86)/atmel/studio/7.0/toolchain/arm/arm-gnu-toolchain/bin/../lib/gcc/arm-none-eabi/6.3.1/thumb/v7e-m\libgcc.a(_udivmoddi4.o)
 .debug_frame   0x00001364       0x2c c:/program files (x86)/atmel/studio/7.0/toolchain/arm/arm-gnu-toolchain/bin/../lib/gcc/arm-none-eabi/6.3.1/../../../../arm-none-eabi/lib/thumb/v7e-m\libc.a(lib_a-init.o)
 .debug_frame   0x00001390       0x34 c:/program files (x86)/atmel/studio/7.0/toolchain/arm/arm-gnu-toolchain/bin/../lib/gcc/arm-none-eabi/6.3.1/../../../../arm-none-eabi/lib/thumb/v7e-m\libc.a(lib_a-memset.o)
 .debug_frame   0x000013c4       0x84 c:/program files (x86)/atmel/studio/7.0/toolchain/arm/arm-gnu-toolchain/bin/../lib/gcc/arm-none-eabi/6.3.1/../../../../arm-none-eabi/lib/thumb/v7e-m\libc.a(lib_a-sprintf.o)
 .debug_frame   0x00001448       0x40 c:/program files (x86)/atmel/studio/7.0/toolchain/arm/arm-gnu-toolchain/bin/../lib/gcc/arm-none-eabi/6.3.1/../../../../arm-none-eabi/lib/thumb/v7e-m\libc.a(lib_a-svfprintf.o)
 .debug_frame   0x00001488       0x5c c:/program files (x86)/atmel/studio/7.0/toolchain/arm/arm-gnu-toolchain/bin/../lib/gcc/arm-none-eabi/6.3.1/../../../../arm-none-eabi/lib/thumb/v7e-m\libc.a(lib_a-__call_atexit.o)
 .debug_frame   0x000014e4       0x20 c:/program files (x86)/atmel/studio/7.0/toolchain/arm/arm-gnu-toolchain/bin/../lib/gcc/arm-none-eabi/6.3.1/../../../../arm-none-eabi/lib/thumb/v7e-m\libc.a(lib_a-atexit.o)
 .debug_frame   0x00001504       0x88 c:/program files (x86)/atmel/studio/7.0/toolchain/arm/arm-gnu-toolchain/bin/../lib/gcc/arm-none-eabi/6.3.1/../../../../arm-none-eabi/lib/thumb/v7e-m\libc.a(lib_a-dtoa.o)
 .debug_frame   0x0000158c       0x34 c:/program files (x86)/atmel/studio/7.0/toolchain/arm/arm-gnu-toolchain/bin/../lib/gcc/arm-none-eabi/6.3.1/../../../../arm-none-eabi/lib/thumb/v7e-m\libc.a(lib_a-fini.o)
 .debug_frame   0x000015c0       0x40 c:/program files (x86)/atmel/studio/7.0/toolchain/arm/arm-gnu-toolchain/bin/../lib/gcc/arm-none-eabi/6.3.1/../../../../arm-none-eabi/lib/thumb/v7e-m\libc.a(lib_a-localeconv.o)
 .debug_frame   0x00001600       0xb0 c:/program files (x86)/atmel/studio/7.0/toolchain/arm/arm-gnu-toolchain/bin/../lib/gcc/arm-none-eabi/6.3.1/../../../../arm-none-eabi/lib/thumb/v7e-m\libc.a(lib_a-lock.o)
 .debug_frame   0x000016b0       0x58 c:/program files (x86)/atmel/studio/7.0/toolchain/arm/arm-gnu-toolchain/bin/../lib/gcc/arm-none-eabi/6.3.1/../../../../arm-none-eabi/lib/thumb/v7e-m\libc.a(lib_a-mallocr.o)
 .debug_frame   0x00001708       0x30 c:/program files (x86)/atmel/studio/7.0/toolchain/arm/arm-gnu-toolchain/bin/../lib/gcc/arm-none-eabi/6.3.1/../../../../arm-none-eabi/lib/thumb/v7e-m\libc.a(lib_a-mlock.o)
 .debug_frame   0x00001738      0x25c c:/program files (x86)/atmel/studio/7.0/toolchain/arm/arm-gnu-toolchain/bin/../lib/gcc/arm-none-eabi/6.3.1/../../../../arm-none-eabi/lib/thumb/v7e-m\libc.a(lib_a-mprec.o)
 .debug_frame   0x00001994       0x2c c:/program files (x86)/atmel/studio/7.0/toolchain/arm/arm-gnu-toolchain/bin/../lib/gcc/arm-none-eabi/6.3.1/../../../../arm-none-eabi/lib/thumb/v7e-m\libc.a(lib_a-sbrkr.o)
 .debug_frame   0x000019c0       0x78 c:/program files (x86)/atmel/studio/7.0/toolchain/arm/arm-gnu-toolchain/bin/../lib/gcc/arm-none-eabi/6.3.1/../../../../arm-none-eabi/lib/thumb/v7e-m\libc.a(lib_a-svfiprintf.o)
 .debug_frame   0x00001a38       0x34 c:/program files (x86)/atmel/studio/7.0/toolchain/arm/arm-gnu-toolchain/bin/../lib/gcc/arm-none-eabi/6.3.1/../../../../arm-none-eabi/lib/thumb/v7e-m\libc.a(lib_a-__atexit.o)
 .debug_frame   0x00001a6c       0x28 c:/program files (x86)/atmel/studio/7.0/toolchain/arm/arm-gnu-toolchain/bin/../lib/gcc/arm-none-eabi/6.3.1/../../../../arm-none-eabi/lib/thumb/v7e-m\libc.a(lib_a-callocr.o)
 .debug_frame   0x00001a94       0x74 c:/program files (x86)/atmel/studio/7.0/toolchain/arm/arm-gnu-toolchain/bin/../lib/gcc/arm-none-eabi/6.3.1/../../../../arm-none-eabi/lib/thumb/v7e-m\libc.a(lib_a-freer.o)
 .debug_frame   0x00001b08       0x6c c:/program files (x86)/atmel/studio/7.0/toolchain/arm/arm-gnu-toolchain/bin/../lib/gcc/arm-none-eabi/6.3.1/../../../../arm-none-eabi/lib/thumb/v7e-m\libc.a(lib_a-locale.o)
 .debug_frame   0x00001b74       0x4c c:/program files (x86)/atmel/studio/7.0/toolchain/arm/arm-gnu-toolchain/bin/../lib/gcc/arm-none-eabi/6.3.1/../../../../arm-none-eabi/lib/thumb/v7e-m\libc.a(lib_a-mbtowc_r.o)
 .debug_frame   0x00001bc0       0x30 c:/program files (x86)/atmel/studio/7.0/toolchain/arm/arm-gnu-toolchain/bin/../lib/gcc/arm-none-eabi/6.3.1/../../../../arm-none-eabi/lib/thumb/v7e-m\libc.a(lib_a-memmove.o)
 .debug_frame   0x00001bf0       0x68 c:/program files (x86)/atmel/studio/7.0/toolchain/arm/arm-gnu-toolchain/bin/../lib/gcc/arm-none-eabi/6.3.1/../../../../arm-none-eabi/lib/thumb/v7e-m\libc.a(lib_a-reallocr.o)
 .debug_frame   0x00001c58       0x58 c:/program files (x86)/atmel/studio/7.0/toolchain/arm/arm-gnu-toolchain/bin/../lib/gcc/arm-none-eabi/6.3.1/../../../../arm-none-eabi/lib/thumb/v7e-m\libc.a(lib_a-reent.o)
 .debug_frame   0x00001cb0       0x3c c:/program files (x86)/atmel/studio/7.0/toolchain/arm/arm-gnu-toolchain/bin/../lib/gcc/arm-none-eabi/6.3.1/../../../../arm-none-eabi/lib/thumb/v7e-m\libc.a(lib_a-wctomb_r.o)
 .debug_frame   0x00001cec       0xac c:/program files (x86)/atmel/studio/7.0/toolchain/arm/arm-gnu-toolchain/bin/../lib/gcc/arm-none-eabi/6.3.1/thumb/v7e-m\libgcc.a(_arm_addsubdf3.o)
 .debug_frame   0x00001d98       0x50 c:/program files (x86)/atmel/studio/7.0/toolchain/arm/arm-gnu-toolchain/bin/../lib/gcc/arm-none-eabi/6.3.1/thumb/v7e-m\libgcc.a(_arm_muldivdf3.o)
 .debug_frame   0x00001de8       0xc4 c:/program files (x86)/atmel/studio/7.0/toolchain/arm/arm-gnu-toolchain/bin/../lib/gcc/arm-none-eabi/6.3.1/thumb/v7e-m\libgcc.a(_arm_cmpdf2.o)
 .debug_frame   0x00001eac       0x20 c:/program files (x86)/atmel/studio/7.0/toolchain/arm/arm-gnu-toolchain/bin/../lib/gcc/arm-none-eabi/6.3.1/thumb/v7e-m\libgcc.a(_arm_unorddf2.o)
 .debug_frame   0x00001ecc       0x24 c:/program files (x86)/atmel/studio/7.0/toolchain/arm/arm-gnu-toolchain/bin/../lib/gcc/arm-none-eabi/6.3.1/thumb/v7e-m\libgcc.a(_arm_fixdfsi.o)

Cross Reference Table

Symbol                                            File
ACC_Handler                                       src/ASF/sam/utils/cmsis/same70/source/templates/gcc/startup_same70.o
AES_Handler                                       src/ASF/sam/utils/cmsis/same70/source/templates/gcc/startup_same70.o
AFEC0_Handler                                     src/ASF/sam/utils/cmsis/same70/source/templates/gcc/startup_same70.o
AFEC1_Handler                                     src/ASF/sam/utils/cmsis/same70/source/templates/gcc/startup_same70.o
BusFault_Handler                                  src/ASF/sam/utils/cmsis/same70/source/templates/gcc/startup_same70.o
DACC_Handler                                      src/ASF/sam/utils/cmsis/same70/source/templates/gcc/startup_same70.o
DebugMon_Handler                                  src/ASF/sam/utils/cmsis/same70/source/templates/gcc/startup_same70.o
Dummy_Handler                                     src/ASF/sam/utils/cmsis/same70/source/templates/gcc/startup_same70.o
EFC_Handler                                       src/ASF/sam/utils/cmsis/same70/source/templates/gcc/startup_same70.o
GMAC_Handler                                      src/ASF/sam/utils/cmsis/same70/source/templates/gcc/startup_same70.o
HSMCI_Handler                                     src/ASF/sam/utils/cmsis/same70/source/templates/gcc/startup_same70.o
HardFault_Handler                                 src/ASF/sam/utils/cmsis/same70/source/templates/gcc/startup_same70.o
ICM_Handler                                       src/ASF/sam/utils/cmsis/same70/source/templates/gcc/startup_same70.o
ISI_Handler                                       src/ASF/sam/utils/cmsis/same70/source/templates/gcc/startup_same70.o
MCAN0_Handler                                     src/ASF/sam/utils/cmsis/same70/source/templates/gcc/startup_same70.o
MCAN1_Handler                                     src/ASF/sam/utils/cmsis/same70/source/templates/gcc/startup_same70.o
MemManage_Handler                                 src/ASF/sam/utils/cmsis/same70/source/templates/gcc/startup_same70.o
NMI_Handler                                       src/ASF/sam/utils/cmsis/same70/source/templates/gcc/startup_same70.o
PIOA_Handler                                      src/ASF/sam/drivers/pio/pio_handler.o
PIOB_Handler                                      src/ASF/sam/drivers/pio/pio_handler.o
PIOC_Handler                                      src/ASF/sam/drivers/pio/pio_handler.o
PIOD_Handler                                      src/ASF/sam/drivers/pio/pio_handler.o
PIOE_Handler                                      src/ASF/sam/drivers/pio/pio_handler.o
PMC_Handler                                       src/ASF/sam/utils/cmsis/same70/source/templates/gcc/startup_same70.o
PWM0_Handler                                      src/ASF/sam/utils/cmsis/same70/source/templates/gcc/startup_same70.o
PWM1_Handler                                      src/ASF/sam/utils/cmsis/same70/source/templates/gcc/startup_same70.o
PendSV_Handler                                    src/ASF/sam/utils/cmsis/same70/source/templates/gcc/startup_same70.o
QSPI_Handler                                      src/ASF/sam/utils/cmsis/same70/source/templates/gcc/startup_same70.o
RSTC_Handler                                      src/ASF/sam/utils/cmsis/same70/source/templates/gcc/startup_same70.o
RSWDT_Handler                                     src/ASF/sam/utils/cmsis/same70/source/templates/gcc/startup_same70.o
RTC_Handler                                       src/ASF/sam/utils/cmsis/same70/source/templates/gcc/startup_same70.o
RTT_Handler                                       src/ASF/sam/utils/cmsis/same70/source/templates/gcc/startup_same70.o
Reset_Handler                                     src/ASF/sam/utils/cmsis/same70/source/templates/gcc/startup_same70.o
SDRAMC_Handler                                    src/ASF/sam/utils/cmsis/same70/source/templates/gcc/startup_same70.o
SPI0_Handler                                      src/ASF/sam/utils/cmsis/same70/source/templates/gcc/startup_same70.o
SPI1_Handler                                      src/ASF/sam/utils/cmsis/same70/source/templates/gcc/startup_same70.o
SSC_Handler                                       src/ASF/sam/utils/cmsis/same70/source/templates/gcc/startup_same70.o
SUPC_Handler                                      src/ASF/sam/utils/cmsis/same70/source/templates/gcc/startup_same70.o
SVC_Handler                                       src/ASF/sam/utils/cmsis/same70/source/templates/gcc/startup_same70.o
SysTick_Handler                                   src/ASF/sam/utils/cmsis/same70/source/templates/gcc/startup_same70.o
SystemCoreClock                                   src/ASF/sam/utils/cmsis/same70/source/templates/system_same70.o
SystemCoreClockUpdate                             src/ASF/sam/utils/cmsis/same70/source/templates/system_same70.o
                                                  src/ASF/common/services/clock/same70/sysclk.o
SystemInit                                        src/ASF/sam/utils/cmsis/same70/source/templates/system_same70.o
TC0_Handler                                       src/ASF/sam/utils/cmsis/same70/source/templates/gcc/startup_same70.o
TC10_Handler                                      src/ASF/sam/utils/cmsis/same70/source/templates/gcc/startup_same70.o
TC11_Handler                                      src/ASF/sam/utils/cmsis/same70/source/templates/gcc/startup_same70.o
TC1_Handler                                       src/ASF/sam/utils/cmsis/same70/source/templates/gcc/startup_same70.o
TC2_Handler                                       src/ASF/sam/utils/cmsis/same70/source/templates/gcc/startup_same70.o
TC3_Handler                                       src/ASF/sam/utils/cmsis/same70/source/templates/gcc/startup_same70.o
TC4_Handler                                       src/ASF/sam/utils/cmsis/same70/source/templates/gcc/startup_same70.o
TC5_Handler                                       src/ASF/sam/utils/cmsis/same70/source/templates/gcc/startup_same70.o
TC6_Handler                                       src/ASF/sam/utils/cmsis/same70/source/templates/gcc/startup_same70.o
TC7_Handler                                       src/ASF/sam/utils/cmsis/same70/source/templates/gcc/startup_same70.o
TC8_Handler                                       src/ASF/sam/utils/cmsis/same70/source/templates/gcc/startup_same70.o
TC9_Handler                                       src/ASF/sam/utils/cmsis/same70/source/templates/gcc/startup_same70.o
TRNG_Handler                                      src/ASF/sam/utils/cmsis/same70/source/templates/gcc/startup_same70.o
TWIHS0_Handler                                    src/ASF/sam/utils/cmsis/same70/source/templates/gcc/startup_same70.o
TWIHS1_Handler                                    src/ASF/sam/utils/cmsis/same70/source/templates/gcc/startup_same70.o
TWIHS2_Handler                                    src/ASF/sam/utils/cmsis/same70/source/templates/gcc/startup_same70.o
UART0_Handler                                     src/ASF/sam/utils/cmsis/same70/source/templates/gcc/startup_same70.o
UART1_Handler                                     src/ASF/sam/utils/cmsis/same70/source/templates/gcc/startup_same70.o
UART2_Handler                                     src/ASF/sam/utils/cmsis/same70/source/templates/gcc/startup_same70.o
UART3_Handler                                     src/ASF/sam/utils/cmsis/same70/source/templates/gcc/startup_same70.o
UART4_Handler                                     src/ASF/sam/utils/cmsis/same70/source/templates/gcc/startup_same70.o
USART0_Handler                                    src/ASF/sam/utils/cmsis/same70/source/templates/gcc/startup_same70.o
USART1_Handler                                    src/ASF/sam/utils/cmsis/same70/source/templates/gcc/startup_same70.o
USART2_Handler                                    src/ASF/sam/utils/cmsis/same70/source/templates/gcc/startup_same70.o
USBHS_Handler                                     src/ASF/sam/utils/cmsis/same70/source/templates/gcc/startup_same70.o
UsageFault_Handler                                src/ASF/sam/utils/cmsis/same70/source/templates/gcc/startup_same70.o
WDT_Handler                                       src/ASF/sam/utils/cmsis/same70/source/templates/gcc/startup_same70.o
XDMAC_Handler                                     src/ASF/sam/utils/cmsis/same70/source/templates/gcc/startup_same70.o
_Balloc                                           c:/program files (x86)/atmel/studio/7.0/toolchain/arm/arm-gnu-toolchain/bin/../lib/gcc/arm-none-eabi/6.3.1/../../../../arm-none-eabi/lib/thumb/v7e-m\libc.a(lib_a-mprec.o)
                                                  c:/program files (x86)/atmel/studio/7.0/toolchain/arm/arm-gnu-toolchain/bin/../lib/gcc/arm-none-eabi/6.3.1/../../../../arm-none-eabi/lib/thumb/v7e-m\libc.a(lib_a-dtoa.o)
_Bfree                                            c:/program files (x86)/atmel/studio/7.0/toolchain/arm/arm-gnu-toolchain/bin/../lib/gcc/arm-none-eabi/6.3.1/../../../../arm-none-eabi/lib/thumb/v7e-m\libc.a(lib_a-mprec.o)
                                                  c:/program files (x86)/atmel/studio/7.0/toolchain/arm/arm-gnu-toolchain/bin/../lib/gcc/arm-none-eabi/6.3.1/../../../../arm-none-eabi/lib/thumb/v7e-m\libc.a(lib_a-dtoa.o)
_Jv_RegisterClasses                               c:/program files (x86)/atmel/studio/7.0/toolchain/arm/arm-gnu-toolchain/bin/../lib/gcc/arm-none-eabi/6.3.1/thumb/v7e-m/crtbegin.o
_PathLocale                                       c:/program files (x86)/atmel/studio/7.0/toolchain/arm/arm-gnu-toolchain/bin/../lib/gcc/arm-none-eabi/6.3.1/../../../../arm-none-eabi/lib/thumb/v7e-m\libc.a(lib_a-locale.o)
__adddf3                                          c:/program files (x86)/atmel/studio/7.0/toolchain/arm/arm-gnu-toolchain/bin/../lib/gcc/arm-none-eabi/6.3.1/thumb/v7e-m\libgcc.a(_arm_addsubdf3.o)
__aeabi_cdcmpeq                                   c:/program files (x86)/atmel/studio/7.0/toolchain/arm/arm-gnu-toolchain/bin/../lib/gcc/arm-none-eabi/6.3.1/thumb/v7e-m\libgcc.a(_arm_cmpdf2.o)
__aeabi_cdcmple                                   c:/program files (x86)/atmel/studio/7.0/toolchain/arm/arm-gnu-toolchain/bin/../lib/gcc/arm-none-eabi/6.3.1/thumb/v7e-m\libgcc.a(_arm_cmpdf2.o)
__aeabi_cdrcmple                                  c:/program files (x86)/atmel/studio/7.0/toolchain/arm/arm-gnu-toolchain/bin/../lib/gcc/arm-none-eabi/6.3.1/thumb/v7e-m\libgcc.a(_arm_cmpdf2.o)
__aeabi_d2iz                                      c:/program files (x86)/atmel/studio/7.0/toolchain/arm/arm-gnu-toolchain/bin/../lib/gcc/arm-none-eabi/6.3.1/thumb/v7e-m\libgcc.a(_arm_fixdfsi.o)
                                                  c:/program files (x86)/atmel/studio/7.0/toolchain/arm/arm-gnu-toolchain/bin/../lib/gcc/arm-none-eabi/6.3.1/../../../../arm-none-eabi/lib/thumb/v7e-m\libc.a(lib_a-dtoa.o)
__aeabi_dadd                                      c:/program files (x86)/atmel/studio/7.0/toolchain/arm/arm-gnu-toolchain/bin/../lib/gcc/arm-none-eabi/6.3.1/thumb/v7e-m\libgcc.a(_arm_addsubdf3.o)
                                                  c:/program files (x86)/atmel/studio/7.0/toolchain/arm/arm-gnu-toolchain/bin/../lib/gcc/arm-none-eabi/6.3.1/../../../../arm-none-eabi/lib/thumb/v7e-m\libc.a(lib_a-dtoa.o)
__aeabi_dcmpeq                                    c:/program files (x86)/atmel/studio/7.0/toolchain/arm/arm-gnu-toolchain/bin/../lib/gcc/arm-none-eabi/6.3.1/thumb/v7e-m\libgcc.a(_arm_cmpdf2.o)
                                                  c:/program files (x86)/atmel/studio/7.0/toolchain/arm/arm-gnu-toolchain/bin/../lib/gcc/arm-none-eabi/6.3.1/../../../../arm-none-eabi/lib/thumb/v7e-m\libc.a(lib_a-dtoa.o)
                                                  c:/program files (x86)/atmel/studio/7.0/toolchain/arm/arm-gnu-toolchain/bin/../lib/gcc/arm-none-eabi/6.3.1/../../../../arm-none-eabi/lib/thumb/v7e-m\libc.a(lib_a-svfprintf.o)
__aeabi_dcmpge                                    c:/program files (x86)/atmel/studio/7.0/toolchain/arm/arm-gnu-toolchain/bin/../lib/gcc/arm-none-eabi/6.3.1/thumb/v7e-m\libgcc.a(_arm_cmpdf2.o)
                                                  c:/program files (x86)/atmel/studio/7.0/toolchain/arm/arm-gnu-toolchain/bin/../lib/gcc/arm-none-eabi/6.3.1/../../../../arm-none-eabi/lib/thumb/v7e-m\libc.a(lib_a-dtoa.o)
__aeabi_dcmpgt                                    c:/program files (x86)/atmel/studio/7.0/toolchain/arm/arm-gnu-toolchain/bin/../lib/gcc/arm-none-eabi/6.3.1/thumb/v7e-m\libgcc.a(_arm_cmpdf2.o)
                                                  c:/program files (x86)/atmel/studio/7.0/toolchain/arm/arm-gnu-toolchain/bin/../lib/gcc/arm-none-eabi/6.3.1/../../../../arm-none-eabi/lib/thumb/v7e-m\libc.a(lib_a-dtoa.o)
__aeabi_dcmple                                    c:/program files (x86)/atmel/studio/7.0/toolchain/arm/arm-gnu-toolchain/bin/../lib/gcc/arm-none-eabi/6.3.1/thumb/v7e-m\libgcc.a(_arm_cmpdf2.o)