Archive member included to satisfy reference by file (symbol)

c:/program files (x86)/atmel/studio/7.0/toolchain/arm/arm-gnu-toolchain/bin/../lib/gcc/arm-none-eabi/6.3.1/thumb/v7e-m\libgcc.a(_aeabi_uldivmod.o)
                              src/ssd1306.o (__aeabi_uldivmod)
c:/program files (x86)/atmel/studio/7.0/toolchain/arm/arm-gnu-toolchain/bin/../lib/gcc/arm-none-eabi/6.3.1/thumb/v7e-m\libgcc.a(_udivmoddi4.o)
                              c:/program files (x86)/atmel/studio/7.0/toolchain/arm/arm-gnu-toolchain/bin/../lib/gcc/arm-none-eabi/6.3.1/thumb/v7e-m\libgcc.a(_aeabi_uldivmod.o) (__udivmoddi4)
c:/program files (x86)/atmel/studio/7.0/toolchain/arm/arm-gnu-toolchain/bin/../lib/gcc/arm-none-eabi/6.3.1/thumb/v7e-m\libgcc.a(_dvmd_tls.o)
                              c:/program files (x86)/atmel/studio/7.0/toolchain/arm/arm-gnu-toolchain/bin/../lib/gcc/arm-none-eabi/6.3.1/thumb/v7e-m\libgcc.a(_aeabi_uldivmod.o) (__aeabi_ldiv0)
c:/program files (x86)/atmel/studio/7.0/toolchain/arm/arm-gnu-toolchain/bin/../lib/gcc/arm-none-eabi/6.3.1/../../../../arm-none-eabi/lib/thumb/v7e-m\libc.a(lib_a-exit.o)
                              c:/program files (x86)/atmel/studio/7.0/toolchain/arm/arm-gnu-toolchain/bin/../lib/gcc/arm-none-eabi/6.3.1/../../../../arm-none-eabi/lib/thumb/v7e-m/crt0.o (exit)
c:/program files (x86)/atmel/studio/7.0/toolchain/arm/arm-gnu-toolchain/bin/../lib/gcc/arm-none-eabi/6.3.1/../../../../arm-none-eabi/lib/thumb/v7e-m\libc.a(lib_a-impure.o)
                              c:/program files (x86)/atmel/studio/7.0/toolchain/arm/arm-gnu-toolchain/bin/../lib/gcc/arm-none-eabi/6.3.1/../../../../arm-none-eabi/lib/thumb/v7e-m\libc.a(lib_a-exit.o) (_global_impure_ptr)
c:/program files (x86)/atmel/studio/7.0/toolchain/arm/arm-gnu-toolchain/bin/../lib/gcc/arm-none-eabi/6.3.1/../../../../arm-none-eabi/lib/thumb/v7e-m\libc.a(lib_a-init.o)
                              c:/program files (x86)/atmel/studio/7.0/toolchain/arm/arm-gnu-toolchain/bin/../lib/gcc/arm-none-eabi/6.3.1/../../../../arm-none-eabi/lib/thumb/v7e-m/crt0.o (__libc_init_array)
c:/program files (x86)/atmel/studio/7.0/toolchain/arm/arm-gnu-toolchain/bin/../lib/gcc/arm-none-eabi/6.3.1/../../../../arm-none-eabi/lib/thumb/v7e-m\libc.a(lib_a-memset.o)
                              c:/program files (x86)/atmel/studio/7.0/toolchain/arm/arm-gnu-toolchain/bin/../lib/gcc/arm-none-eabi/6.3.1/../../../../arm-none-eabi/lib/thumb/v7e-m/crt0.o (memset)
c:/program files (x86)/atmel/studio/7.0/toolchain/arm/arm-gnu-toolchain/bin/../lib/gcc/arm-none-eabi/6.3.1/../../../../arm-none-eabi/lib/thumb/v7e-m\libc.a(lib_a-sprintf.o)
                              src/main.o (sprintf)
c:/program files (x86)/atmel/studio/7.0/toolchain/arm/arm-gnu-toolchain/bin/../lib/gcc/arm-none-eabi/6.3.1/../../../../arm-none-eabi/lib/thumb/v7e-m\libc.a(lib_a-svfprintf.o)
                              c:/program files (x86)/atmel/studio/7.0/toolchain/arm/arm-gnu-toolchain/bin/../lib/gcc/arm-none-eabi/6.3.1/../../../../arm-none-eabi/lib/thumb/v7e-m\libc.a(lib_a-sprintf.o) (_svfprintf_r)
c:/program files (x86)/atmel/studio/7.0/toolchain/arm/arm-gnu-toolchain/bin/../lib/gcc/arm-none-eabi/6.3.1/../../../../arm-none-eabi/lib/thumb/v7e-m\libc.a(lib_a-__call_atexit.o)
                              c:/program files (x86)/atmel/studio/7.0/toolchain/arm/arm-gnu-toolchain/bin/../lib/gcc/arm-none-eabi/6.3.1/../../../../arm-none-eabi/lib/thumb/v7e-m\libc.a(lib_a-exit.o) (__call_exitprocs)
c:/program files (x86)/atmel/studio/7.0/toolchain/arm/arm-gnu-toolchain/bin/../lib/gcc/arm-none-eabi/6.3.1/../../../../arm-none-eabi/lib/thumb/v7e-m\libc.a(lib_a-atexit.o)
                              c:/program files (x86)/atmel/studio/7.0/toolchain/arm/arm-gnu-toolchain/bin/../lib/gcc/arm-none-eabi/6.3.1/../../../../arm-none-eabi/lib/thumb/v7e-m\libc.a(lib_a-__call_atexit.o) (atexit)
c:/program files (x86)/atmel/studio/7.0/toolchain/arm/arm-gnu-toolchain/bin/../lib/gcc/arm-none-eabi/6.3.1/../../../../arm-none-eabi/lib/thumb/v7e-m\libc.a(lib_a-dtoa.o)
                              c:/program files (x86)/atmel/studio/7.0/toolchain/arm/arm-gnu-toolchain/bin/../lib/gcc/arm-none-eabi/6.3.1/../../../../arm-none-eabi/lib/thumb/v7e-m\libc.a(lib_a-svfprintf.o) (_dtoa_r)
c:/program files (x86)/atmel/studio/7.0/toolchain/arm/arm-gnu-toolchain/bin/../lib/gcc/arm-none-eabi/6.3.1/../../../../arm-none-eabi/lib/thumb/v7e-m\libc.a(lib_a-fini.o)
                              c:/program files (x86)/atmel/studio/7.0/toolchain/arm/arm-gnu-toolchain/bin/../lib/gcc/arm-none-eabi/6.3.1/../../../../arm-none-eabi/lib/thumb/v7e-m\libc.a(lib_a-__call_atexit.o) (__libc_fini_array)
c:/program files (x86)/atmel/studio/7.0/toolchain/arm/arm-gnu-toolchain/bin/../lib/gcc/arm-none-eabi/6.3.1/../../../../arm-none-eabi/lib/thumb/v7e-m\libc.a(lib_a-localeconv.o)
[...]
Memory Configuration

Name             Origin             Length             Attributes
rom              0x00400000         0x00200000         xr
ram              0x20400000         0x00060000         xrw
*default*        0x00000000         0xffffffff

Linker script and memory map

LOAD c:/program files (x86)/atmel/studio/7.0/toolchain/arm/arm-gnu-toolchain/bin/../lib/gcc/arm-none-eabi/6.3.1/thumb/v7e-m/crti.o
LOAD c:/program files (x86)/atmel/studio/7.0/toolchain/arm/arm-gnu-toolchain/bin/../lib/gcc/arm-none-eabi/6.3.1/thumb/v7e-m/crtbegin.o
LOAD c:/program files (x86)/atmel/studio/7.0/toolchain/arm/arm-gnu-toolchain/bin/../lib/gcc/arm-none-eabi/6.3.1/../../../../arm-none-eabi/lib/thumb/v7e-m/crt0.o
LOAD src/ASF/common/services/sleepmgr/sam/sleepmgr.o
LOAD src/ASF/sam/drivers/rtc/rtc.o
LOAD src/ASF/sam/drivers/rtt/rtt.o
LOAD src/ASF/sam/drivers/spi/spi.o
LOAD src/ASF/sam/drivers/tc/tc.o
LOAD src/gfx_mono_framebuffer.o
LOAD src/gfx_mono_generic.o
LOAD src/gfx_mono_text.o
LOAD src/gfx_mono_ug_2832hsweg04.o
LOAD src/ssd1306.o
LOAD src/sysfont.o
LOAD src/ASF/common/services/delay/sam/cycle_counter.o
LOAD src/ASF/common/services/clock/same70/sysclk.o
LOAD src/ASF/common/utils/interrupt/interrupt_sam_nvic.o
LOAD src/ASF/sam/boards/same70_xplained/init.o
LOAD src/ASF/sam/drivers/mpu/mpu.o
LOAD src/ASF/sam/drivers/pio/pio.o
LOAD src/ASF/sam/drivers/pio/pio_handler.o
LOAD src/ASF/sam/drivers/pmc/pmc.o
LOAD src/ASF/sam/drivers/pmc/sleep.o
LOAD src/ASF/sam/utils/cmsis/same70/source/templates/gcc/startup_same70.o
LOAD src/ASF/sam/utils/cmsis/same70/source/templates/system_same70.o
LOAD src/ASF/sam/utils/syscalls/gcc/syscalls.o
LOAD src/main.o
START GROUP
LOAD ../src/ASF/thirdparty/CMSIS/Lib/GCC\libarm_cortexM7lfsp_math_softfp.a
LOAD c:/program files (x86)/atmel/studio/7.0/toolchain/arm/arm-gnu-toolchain/bin/../lib/gcc/arm-none-eabi/6.3.1/../../../../arm-none-eabi/lib/thumb/v7e-m\libm.a
END GROUP
START GROUP
LOAD c:/program files (x86)/atmel/studio/7.0/toolchain/arm/arm-gnu-toolchain/bin/../lib/gcc/arm-none-eabi/6.3.1/thumb/v7e-m\libgcc.a
LOAD c:/program files (x86)/atmel/studio/7.0/toolchain/arm/arm-gnu-toolchain/bin/../lib/gcc/arm-none-eabi/6.3.1/../../../../arm-none-eabi/lib/thumb/v7e-m\libc.a
END GROUP
LOAD c:/program files (x86)/atmel/studio/7.0/toolchain/arm/arm-gnu-toolchain/bin/../lib/gcc/arm-none-eabi/6.3.1/thumb/v7e-m/crtend.o
LOAD c:/program files (x86)/atmel/studio/7.0/toolchain/arm/arm-gnu-toolchain/bin/../lib/gcc/arm-none-eabi/6.3.1/thumb/v7e-m/crtn.o
                0x00002000                STACK_SIZE = DEFINED (STACK_SIZE)?STACK_SIZE:0x2000
                0x2045fffc                __ram_end__ = ((ORIGIN (ram) + LENGTH (ram)) - 0x4)
                0x00000200                HEAP_SIZE = DEFINED (HEAP_SIZE)?HEAP_SIZE:0x200

.text           0x00400000     0x887c
                0x00400000                . = ALIGN (0x4)
                0x00400000                _sfixed = .
 *(.vectors .vectors.*)
 .vectors       0x00400000      0x140 src/ASF/sam/utils/cmsis/same70/source/templates/gcc/startup_same70.o
                0x00400000                exception_table
 *(.text .text.* .gnu.linkonce.t.*)
 .text          0x00400140       0x6c c:/program files (x86)/atmel/studio/7.0/toolchain/arm/arm-gnu-toolchain/bin/../lib/gcc/arm-none-eabi/6.3.1/thumb/v7e-m/crtbegin.o
 .text.spi_get_peripheral_select_mode
                0x004001ac       0x26 src/ASF/sam/drivers/spi/spi.o
 *fill*         0x004001d2        0x2 
 .text.sysclk_enable_peripheral_clock
                0x004001d4       0x1c src/ASF/sam/drivers/spi/spi.o
 .text.spi_enable_clock
                0x004001f0       0x3c src/ASF/sam/drivers/spi/spi.o
                0x004001f0                spi_enable_clock
 .text.spi_set_peripheral_chip_select_value
                0x0040022c       0x34 src/ASF/sam/drivers/spi/spi.o
                0x0040022c                spi_set_peripheral_chip_select_value
 .text.spi_write
                0x00400260       0x80 src/ASF/sam/drivers/spi/spi.o
                0x00400260                spi_write
 .text.spi_set_clock_polarity
                0x004002e0       0x50 src/ASF/sam/drivers/spi/spi.o
                0x004002e0                spi_set_clock_polarity
 .text.spi_set_clock_phase
                0x00400330       0x50 src/ASF/sam/drivers/spi/spi.o
                0x00400330                spi_set_clock_phase
 .text.spi_configure_cs_behavior
                0x00400380       0xa6 src/ASF/sam/drivers/spi/spi.o
                0x00400380                spi_configure_cs_behavior
 .text.spi_set_bits_per_transfer
                0x00400426       0x4a src/ASF/sam/drivers/spi/spi.o
                0x00400426                spi_set_bits_per_transfer
 .text.spi_calc_baudrate_div
                0x00400470       0x3c src/ASF/sam/drivers/spi/spi.o
                0x00400470                spi_calc_baudrate_div
 .text.spi_set_baudrate_div
                0x004004ac       0x5e src/ASF/sam/drivers/spi/spi.o
                0x004004ac                spi_set_baudrate_div
 *fill*         0x0040050a        0x2 
 .text.gfx_mono_set_framebuffer
                0x0040050c       0x20 src/gfx_mono_framebuffer.o
                0x0040050c                gfx_mono_set_framebuffer
 .text.gfx_mono_framebuffer_put_byte
                0x0040052c       0x38 src/gfx_mono_framebuffer.o
                0x0040052c                gfx_mono_framebuffer_put_byte
 .text.gfx_mono_framebuffer_get_byte
                0x00400564       0x34 src/gfx_mono_framebuffer.o
                0x00400564                gfx_mono_framebuffer_get_byte
 .text.gfx_mono_generic_draw_horizontal_line
                0x00400598      0x130 src/gfx_mono_generic.o
                0x00400598                gfx_mono_generic_draw_horizontal_line
 .text.gfx_mono_generic_draw_filled_rect
                0x004006c8       0x50 src/gfx_mono_generic.o
                0x004006c8                gfx_mono_generic_draw_filled_rect
 .text.gfx_mono_draw_char_progmem
                0x00400718       0xe0 src/gfx_mono_text.o
 .text.gfx_mono_draw_char
                0x004007f8       0x54 src/gfx_mono_text.o
                0x004007f8                gfx_mono_draw_char
 .text.gfx_mono_draw_string
                0x0040084c       0x6c src/gfx_mono_text.o
                0x0040084c                gfx_mono_draw_string
 .text.ssd1306_set_page_address
                0x004008b8       0x2c src/gfx_mono_ug_2832hsweg04.o
 .text.ssd1306_set_column_address
                0x004008e4       0x40 src/gfx_mono_ug_2832hsweg04.o
 .text.ssd1306_set_display_start_line_address
                0x00400924       0x2c src/gfx_mono_ug_2832hsweg04.o
 .text.gfx_mono_ssd1306_init
                0x00400950       0x64 src/gfx_mono_ug_2832hsweg04.o
                0x00400950                gfx_mono_ssd1306_init
 .text.gfx_mono_ssd1306_draw_pixel
                0x004009b4       0x9c src/gfx_mono_ug_2832hsweg04.o
                0x004009b4                gfx_mono_ssd1306_draw_pixel
 .text.gfx_mono_ssd1306_put_byte
                0x00400a50       0x84 src/gfx_mono_ug_2832hsweg04.o
                0x00400a50                gfx_mono_ssd1306_put_byte
 .text.gfx_mono_ssd1306_get_byte
                0x00400ad4       0x2c src/gfx_mono_ug_2832hsweg04.o
                0x00400ad4                gfx_mono_ssd1306_get_byte
 .text.osc_get_rate
                0x00400b00       0x74 src/ssd1306.o
 .text.sysclk_get_main_hz
                0x00400b74       0x20 src/ssd1306.o
 .text.sysclk_get_cpu_hz
                0x00400b94       0x14 src/ssd1306.o
 .text.sysclk_get_peripheral_hz
                0x00400ba8       0x14 src/ssd1306.o
 .text.ioport_enable_pin
                0x00400bbc       0x4c src/ssd1306.o
 .text.ioport_set_pin_mode
                0x00400c08      0x11c src/ssd1306.o
 .text.ioport_set_pin_dir
                0x00400d24       0x88 src/ssd1306.o
 .text.ioport_set_pin_level
                0x00400dac       0x6c src/ssd1306.o
 .text.spi_reset
                0x00400e18       0x1a src/ssd1306.o
 .text.spi_enable
                0x00400e32       0x1a src/ssd1306.o
 .text.spi_disable
                0x00400e4c       0x1a src/ssd1306.o
 .text.spi_set_master_mode
                0x00400e66       0x20 src/ssd1306.o
 .text.spi_set_fixed_peripheral_select
                0x00400e86       0x20 src/ssd1306.o
 .text.spi_disable_mode_fault_detect
                0x00400ea6       0x20 src/ssd1306.o
 .text.spi_disable_loopback
                0x00400ec6       0x20 src/ssd1306.o
 *fill*         0x00400ee6        0x2 
 .text.ssd1306_hard_reset
                0x00400ee8       0x54 src/ssd1306.o
 .text.ssd1306_display_on
                0x00400f3c       0x14 src/ssd1306.o
 .text.ssd1306_set_contrast
                0x00400f50       0x28 src/ssd1306.o
 .text.ssd1306_display_invert_disable
                0x00400f78       0x14 src/ssd1306.o
 .text.ssd1306_interface_init
                0x00400f8c      0x180 src/ssd1306.o
 .text.ssd1306_init
                0x0040110c       0xb0 src/ssd1306.o
                0x0040110c                ssd1306_init
 .text.ssd1306_write_command
                0x004011bc       0xa4 src/ssd1306.o
                0x004011bc                ssd1306_write_command
 .text.ssd1306_write_data
                0x00401260       0xa4 src/ssd1306.o
                0x00401260                ssd1306_write_data
 .text.osc_enable
                0x00401304       0x88 src/ASF/common/services/clock/same70/sysclk.o
 .text.osc_is_ready
                0x0040138c       0x70 src/ASF/common/services/clock/same70/sysclk.o
 .text.osc_get_rate
                0x004013fc       0x74 src/ASF/common/services/clock/same70/sysclk.o
 .text.osc_wait_ready
                0x00401470       0x2c src/ASF/common/services/clock/same70/sysclk.o
 .text.pll_config_init
                0x0040149c       0x6c src/ASF/common/services/clock/same70/sysclk.o
 .text.pll_enable
                0x00401508       0x40 src/ASF/common/services/clock/same70/sysclk.o
 .text.pll_is_locked
                0x00401548       0x2c src/ASF/common/services/clock/same70/sysclk.o
 .text.pll_enable_source
                0x00401574       0x38 src/ASF/common/services/clock/same70/sysclk.o
 .text.pll_wait_for_lock
                0x004015ac       0x24 src/ASF/common/services/clock/same70/sysclk.o
 .text.sysclk_get_main_hz
                0x004015d0       0x20 src/ASF/common/services/clock/same70/sysclk.o
 .text.sysclk_get_cpu_hz
                0x004015f0       0x14 src/ASF/common/services/clock/same70/sysclk.o
 .text.sysclk_init
                0x00401604       0x7c src/ASF/common/services/clock/same70/sysclk.o
                0x00401604                sysclk_init
 .text.SCB_EnableICache
                0x00401680       0x38 src/ASF/sam/boards/same70_xplained/init.o
 .text.SCB_EnableDCache
                0x004016b8       0xa4 src/ASF/sam/boards/same70_xplained/init.o
 .text.sysclk_enable_peripheral_clock
                0x0040175c       0x1c src/ASF/sam/boards/same70_xplained/init.o
 .text.ioport_init
                0x00401778       0x2c src/ASF/sam/boards/same70_xplained/init.o
 .text.ioport_set_pin_mode
                0x004017a4      0x11c src/ASF/sam/boards/same70_xplained/init.o
 .text.ioport_set_pin_dir
                0x004018c0       0x88 src/ASF/sam/boards/same70_xplained/init.o
 .text.ioport_set_pin_level
                0x00401948       0x6c src/ASF/sam/boards/same70_xplained/init.o
 .text.ioport_set_pin_sense_mode
                0x004019b4       0xd0 src/ASF/sam/boards/same70_xplained/init.o
 .text.tcm_disable
                0x00401a84       0x44 src/ASF/sam/boards/same70_xplained/init.o
 .text.board_init
                0x00401ac8       0x84 src/ASF/sam/boards/same70_xplained/init.o
                0x00401ac8                board_init
 .text.pio_pull_up
                0x00401b4c       0x2c src/ASF/sam/drivers/pio/pio.o
                0x00401b4c                pio_pull_up
 .text.pio_set  0x00401b78       0x1c src/ASF/sam/drivers/pio/pio.o
                0x00401b78                pio_set
 .text.pio_clear
                0x00401b94       0x1c src/ASF/sam/drivers/pio/pio.o
                0x00401b94                pio_clear
 .text.pio_set_peripheral
                0x00401bb0      0x110 src/ASF/sam/drivers/pio/pio.o
                0x00401bb0                pio_set_peripheral
 .text.pio_set_input
                0x00401cc0       0x80 src/ASF/sam/drivers/pio/pio.o
                0x00401cc0                pio_set_input
 .text.pio_set_output
                0x00401d40       0x64 src/ASF/sam/drivers/pio/pio.o
                0x00401d40                pio_set_output
 .text.pio_configure
                0x00401da4       0xcc src/ASF/sam/drivers/pio/pio.o
                0x00401da4                pio_configure
 .text.pio_configure_interrupt
                0x00401e70       0x6c src/ASF/sam/drivers/pio/pio.o
                0x00401e70                pio_configure_interrupt
 .text.pio_enable_interrupt
                0x00401edc       0x1c src/ASF/sam/drivers/pio/pio.o
                0x00401edc                pio_enable_interrupt
 .text.pio_disable_interrupt
                0x00401ef8       0x1c src/ASF/sam/drivers/pio/pio.o
                0x00401ef8                pio_disable_interrupt
 .text.pio_get_interrupt_status
                0x00401f14       0x18 src/ASF/sam/drivers/pio/pio.o
                0x00401f14                pio_get_interrupt_status
 .text.pio_get_interrupt_mask
                0x00401f2c       0x18 src/ASF/sam/drivers/pio/pio.o
                0x00401f2c                pio_get_interrupt_mask
 .text.pio_handler_process
                0x00401f44       0xb4 src/ASF/sam/drivers/pio/pio_handler.o
                0x00401f44                pio_handler_process
 .text.pio_handler_set
                0x00401ff8       0xa0 src/ASF/sam/drivers/pio/pio_handler.o
                0x00401ff8                pio_handler_set
 .text.PIOA_Handler
                0x00402098       0x18 src/ASF/sam/drivers/pio/pio_handler.o
                0x00402098                PIOA_Handler
 .text.PIOB_Handler
                0x004020b0       0x18 src/ASF/sam/drivers/pio/pio_handler.o
                0x004020b0                PIOB_Handler
 .text.PIOC_Handler
                0x004020c8       0x18 src/ASF/sam/drivers/pio/pio_handler.o
                0x004020c8                PIOC_Handler
 .text.PIOD_Handler
                0x004020e0       0x18 src/ASF/sam/drivers/pio/pio_handler.o
                0x004020e0                PIOD_Handler
 .text.PIOE_Handler
                0x004020f8       0x18 src/ASF/sam/drivers/pio/pio_handler.o
                0x004020f8                PIOE_Handler
 .text.pmc_mck_set_division
                0x00402110       0x7c src/ASF/sam/drivers/pmc/pmc.o
                0x00402110                pmc_mck_set_division
 .text.pmc_switch_mck_to_pllack
                0x0040218c       0x84 src/ASF/sam/drivers/pmc/pmc.o
                0x0040218c                pmc_switch_mck_to_pllack
 .text.pmc_switch_sclk_to_32kxtal
                0x00402210       0x38 src/ASF/sam/drivers/pmc/pmc.o
                0x00402210                pmc_switch_sclk_to_32kxtal
 .text.pmc_osc_is_ready_32kxtal
                0x00402248       0x34 src/ASF/sam/drivers/pmc/pmc.o
                0x00402248                pmc_osc_is_ready_32kxtal
 .text.pmc_switch_mainck_to_fastrc
                0x0040227c       0x70 src/ASF/sam/drivers/pmc/pmc.o
                0x0040227c                pmc_switch_mainck_to_fastrc
 .text.pmc_switch_mainck_to_xtal
                0x004022ec       0x78 src/ASF/sam/drivers/pmc/pmc.o
                0x004022ec                pmc_switch_mainck_to_xtal
 .text.pmc_osc_is_ready_mainck
                0x00402364       0x1c src/ASF/sam/drivers/pmc/pmc.o
                0x00402364                pmc_osc_is_ready_mainck
 .text.pmc_disable_pllack
                0x00402380       0x1c src/ASF/sam/drivers/pmc/pmc.o
                0x00402380                pmc_disable_pllack
 .text.pmc_is_locked_pllack
                0x0040239c       0x1c src/ASF/sam/drivers/pmc/pmc.o
                0x0040239c                pmc_is_locked_pllack
 .text.pmc_is_locked_upll
                0x004023b8       0x1c src/ASF/sam/drivers/pmc/pmc.o
                0x004023b8                pmc_is_locked_upll
 .text.pmc_enable_periph_clk
                0x004023d4       0x84 src/ASF/sam/drivers/pmc/pmc.o
                0x004023d4                pmc_enable_periph_clk
 .text.cpu_irq_save
                0x00402458       0x38 src/ASF/sam/utils/cmsis/same70/source/templates/gcc/startup_same70.o
 .text.cpu_irq_is_enabled_flags
                0x00402490       0x20 src/ASF/sam/utils/cmsis/same70/source/templates/gcc/startup_same70.o
 .text.cpu_irq_restore
                0x004024b0       0x30 src/ASF/sam/utils/cmsis/same70/source/templates/gcc/startup_same70.o
 .text.Reset_Handler
                0x004024e0       0xb0 src/ASF/sam/utils/cmsis/same70/source/templates/gcc/startup_same70.o
                0x004024e0                Reset_Handler
 .text.Dummy_Handler
                0x00402590        0x6 src/ASF/sam/utils/cmsis/same70/source/templates/gcc/startup_same70.o
                0x00402590                DACC_Handler
                0x00402590                DebugMon_Handler
                0x00402590                UART3_Handler
                0x00402590                UART2_Handler
                0x00402590                TRNG_Handler
                0x00402590                HardFault_Handler
                0x00402590                TC2_Handler
                0x00402590                SysTick_Handler
                0x00402590                AFEC1_Handler
                0x00402590                PendSV_Handler
                0x00402590                NMI_Handler
                0x00402590                TC7_Handler
                0x00402590                QSPI_Handler
                0x00402590                ISI_Handler
                0x00402590                TC9_Handler
                0x00402590                RSWDT_Handler
                0x00402590                MCAN1_Handler
                0x00402590                USART0_Handler
                0x00402590                RTT_Handler
                0x00402590                USBHS_Handler
                0x00402590                RTC_Handler
                0x00402590                UsageFault_Handler
                0x00402590                TC6_Handler
                0x00402590                WDT_Handler
                0x00402590                TC4_Handler
                0x00402590                TC1_Handler
                0x00402590                HSMCI_Handler
                0x00402590                UART1_Handler
                0x00402590                TC3_Handler
                0x00402590                Dummy_Handler
                0x00402590                TWIHS1_Handler
                0x00402590                XDMAC_Handler
                0x00402590                UART4_Handler
                0x00402590                PWM1_Handler
                0x00402590                USART1_Handler
                0x00402590                PWM0_Handler
                0x00402590                AFEC0_Handler
                0x00402590                TC11_Handler
                0x00402590                SSC_Handler
                0x00402590                ACC_Handler
                0x00402590                PMC_Handler
                0x00402590                GMAC_Handler
                0x00402590                MemManage_Handler
                0x00402590                SUPC_Handler
                0x00402590                SVC_Handler
                0x00402590                TC8_Handler
                0x00402590                EFC_Handler
                0x00402590                USART2_Handler
                0x00402590                SDRAMC_Handler
                0x00402590                SPI1_Handler
                0x00402590                MCAN0_Handler
                0x00402590                TC10_Handler
                0x00402590                TWIHS2_Handler
                0x00402590                UART0_Handler
                0x00402590                BusFault_Handler
                0x00402590                RSTC_Handler
                0x00402590                TC0_Handler
                0x00402590                TC5_Handler
                0x00402590                AES_Handler
                0x00402590                ICM_Handler
                0x00402590                TWIHS0_Handler
                0x00402590                SPI0_Handler
 *fill*         0x00402596        0x2 
 .text.SystemCoreClockUpdate
                0x00402598      0x168 src/ASF/sam/utils/cmsis/same70/source/templates/system_same70.o
                0x00402598                SystemCoreClockUpdate
 .text.system_init_flash
                0x00402700       0xb0 src/ASF/sam/utils/cmsis/same70/source/templates/system_same70.o
                0x00402700                system_init_flash
 .text._sbrk    0x004027b0       0x58 src/ASF/sam/utils/syscalls/gcc/syscalls.o
                0x004027b0                _sbrk
 .text.NVIC_EnableIRQ
                0x00402808       0x34 src/main.o
 .text.NVIC_SetPriority
                0x0040283c       0x54 src/main.o
 .text.osc_get_rate
                0x00402890       0x74 src/main.o
 .text.sysclk_get_main_hz
                0x00402904       0x20 src/main.o
 .text.sysclk_get_cpu_hz
                0x00402924       0x14 src/main.o
 .text.turnOnLED
                0x00402938       0x24 src/main.o
                0x00402938                turnOnLED
 .text.turnOffLED
                0x0040295c       0x24 src/main.o
                0x0040295c                turnOffLED
 .text.writeLCD
                0x00402980       0x60 src/main.o
                0x00402980                writeLCD
 .text.prevButtonFunction
                0x004029e0       0xb0 src/main.o
                0x004029e0                prevButtonFunction
 .text.playButtonFunction
                0x00402a90       0xc0 src/main.o
                0x00402a90                playButtonFunction
 .text.nextButtonFunction
                0x00402b50       0xb0 src/main.o
                0x00402b50                nextButtonFunction
 .text.changeMusic
                0x00402c00       0x60 src/main.o
                0x00402c00                changeMusic
 .text.enebleAllPeriph
                0x00402c60       0x3c src/main.o
                0x00402c60                enebleAllPeriph
 .text.configureLeds
                0x00402c9c       0x4c src/main.o
                0x00402c9c                configureLeds
 .text.configureButtons
                0x00402ce8       0xb0 src/main.o
                0x00402ce8                configureButtons
 .text.configureBuzzer
                0x00402d98       0x44 src/main.o
                0x00402d98                configureBuzzer
 .text.playMusic
                0x00402ddc      0x28c src/main.o
                0x00402ddc                playMusic
 .text.init     0x00403068       0xf4 src/main.o
                0x00403068                init
 .text.main     0x0040315c       0xa4 src/main.o
                0x0040315c                main
 .text          0x00403200       0x30 c:/program files (x86)/atmel/studio/7.0/toolchain/arm/arm-gnu-toolchain/bin/../lib/gcc/arm-none-eabi/6.3.1/thumb/v7e-m\libgcc.a(_aeabi_uldivmod.o)
                0x00403200                __aeabi_uldivmod
 .text          0x00403230      0x2dc c:/program files (x86)/atmel/studio/7.0/toolchain/arm/arm-gnu-toolchain/bin/../lib/gcc/arm-none-eabi/6.3.1/thumb/v7e-m\libgcc.a(_udivmoddi4.o)
                0x00403230                __udivmoddi4
 .text          0x0040350c        0x4 c:/program files (x86)/atmel/studio/7.0/toolchain/arm/arm-gnu-toolchain/bin/../lib/gcc/arm-none-eabi/6.3.1/thumb/v7e-m\libgcc.a(_dvmd_tls.o)
                0x0040350c                __aeabi_idiv0
                0x0040350c                __aeabi_ldiv0
 .text.__libc_init_array
                0x00403510       0x50 c:/program files (x86)/atmel/studio/7.0/toolchain/arm/arm-gnu-toolchain/bin/../lib/gcc/arm-none-eabi/6.3.1/../../../../arm-none-eabi/lib/thumb/v7e-m\libc.a(lib_a-init.o)
                0x00403510                __libc_init_array
 .text.memset   0x00403560       0x9c c:/program files (x86)/atmel/studio/7.0/toolchain/arm/arm-gnu-toolchain/bin/../lib/gcc/arm-none-eabi/6.3.1/../../../../arm-none-eabi/lib/thumb/v7e-m\libc.a(lib_a-memset.o)
                0x00403560                memset
 .text.sprintf  0x004035fc       0x4c c:/program files (x86)/atmel/studio/7.0/toolchain/arm/arm-gnu-toolchain/bin/../lib/gcc/arm-none-eabi/6.3.1/../../../../arm-none-eabi/lib/thumb/v7e-m\libc.a(lib_a-sprintf.o)
                0x004035fc                sprintf
 .text._svfprintf_r
                0x00403648     0x145c c:/program files (x86)/atmel/studio/7.0/toolchain/arm/arm-gnu-toolchain/bin/../lib/gcc/arm-none-eabi/6.3.1/../../../../arm-none-eabi/lib/thumb/v7e-m\libc.a(lib_a-svfprintf.o)
                0x00403648                _svfprintf_r
 .text.startup.register_fini
                0x00404aa4       0x14 c:/program files (x86)/atmel/studio/7.0/toolchain/arm/arm-gnu-toolchain/bin/../lib/gcc/arm-none-eabi/6.3.1/../../../../arm-none-eabi/lib/thumb/v7e-m\libc.a(lib_a-__call_atexit.o)
 .text.atexit   0x00404ab8        0xc c:/program files (x86)/atmel/studio/7.0/toolchain/arm/arm-gnu-toolchain/bin/../lib/gcc/arm-none-eabi/6.3.1/../../../../arm-none-eabi/lib/thumb/v7e-m\libc.a(lib_a-atexit.o)
                0x00404ab8                atexit
 .text.quorem   0x00404ac4      0x128 c:/program files (x86)/atmel/studio/7.0/toolchain/arm/arm-gnu-toolchain/bin/../lib/gcc/arm-none-eabi/6.3.1/../../../../arm-none-eabi/lib/thumb/v7e-m\libc.a(lib_a-dtoa.o)
 *fill*         0x00404bec        0x4 
 .text._dtoa_r  0x00404bf0      0xe54 c:/program files (x86)/atmel/studio/7.0/toolchain/arm/arm-gnu-toolchain/bin/../lib/gcc/arm-none-eabi/6.3.1/../../../../arm-none-eabi/lib/thumb/v7e-m\libc.a(lib_a-dtoa.o)
                0x00404bf0                _dtoa_r
 .text.__libc_fini_array
                0x00405a44       0x34 c:/program files (x86)/atmel/studio/7.0/toolchain/arm/arm-gnu-toolchain/bin/../lib/gcc/arm-none-eabi/6.3.1/../../../../arm-none-eabi/lib/thumb/v7e-m\libc.a(lib_a-fini.o)
                0x00405a44                __libc_fini_array
 .text._localeconv_r
                0x00405a78       0x1c c:/program files (x86)/atmel/studio/7.0/toolchain/arm/arm-gnu-toolchain/bin/../lib/gcc/arm-none-eabi/6.3.1/../../../../arm-none-eabi/lib/thumb/v7e-m\libc.a(lib_a-localeconv.o)
                0x00405a78                _localeconv_r
 .text.__retarget_lock_acquire_recursive
                0x00405a94        0x4 c:/program files (x86)/atmel/studio/7.0/toolchain/arm/arm-gnu-toolchain/bin/../lib/gcc/arm-none-eabi/6.3.1/../../../../arm-none-eabi/lib/thumb/v7e-m\libc.a(lib_a-lock.o)
                0x00405a94                __retarget_lock_acquire_recursive
 .text.__retarget_lock_release_recursive
                0x00405a98        0x4 c:/program files (x86)/atmel/studio/7.0/toolchain/arm/arm-gnu-toolchain/bin/../lib/gcc/arm-none-eabi/6.3.1/../../../../arm-none-eabi/lib/thumb/v7e-m\libc.a(lib_a-lock.o)
                0x00405a98                __retarget_lock_release_recursive
 .text._malloc_r
                0x00405a9c      0x560 c:/program files (x86)/atmel/studio/7.0/toolchain/arm/arm-gnu-toolchain/bin/../lib/gcc/arm-none-eabi/6.3.1/../../../../arm-none-eabi/lib/thumb/v7e-m\libc.a(lib_a-mallocr.o)
                0x00405a9c                _malloc_r
 *fill*         0x00405ffc        0x4 
 .text          0x00406000       0xa0 c:/program files (x86)/atmel/studio/7.0/toolchain/arm/arm-gnu-toolchain/bin/../lib/gcc/arm-none-eabi/6.3.1/../../../../arm-none-eabi/lib/thumb/v7e-m\libc.a(lib_a-memchr.o)
                0x00406000                memchr
 .text          0x004060a0      0x134 c:/program files (x86)/atmel/studio/7.0/toolchain/arm/arm-gnu-toolchain/bin/../lib/gcc/arm-none-eabi/6.3.1/../../../../arm-none-eabi/lib/thumb/v7e-m\libc.a(lib_a-memcpy.o)
                0x004060a0                memcpy
 .text.__malloc_lock
                0x004061d4        0xc c:/program files (x86)/atmel/studio/7.0/toolchain/arm/arm-gnu-toolchain/bin/../lib/gcc/arm-none-eabi/6.3.1/../../../../arm-none-eabi/lib/thumb/v7e-m\libc.a(lib_a-mlock.o)
                0x004061d4                __malloc_lock
 .text.__malloc_unlock
                0x004061e0        0xc c:/program files (x86)/atmel/studio/7.0/toolchain/arm/arm-gnu-toolchain/bin/../lib/gcc/arm-none-eabi/6.3.1/../../../../arm-none-eabi/lib/thumb/v7e-m\libc.a(lib_a-mlock.o)
                0x004061e0                __malloc_unlock
 .text._Balloc  0x004061ec       0x4c c:/program files (x86)/atmel/studio/7.0/toolchain/arm/arm-gnu-toolchain/bin/../lib/gcc/arm-none-eabi/6.3.1/../../../../arm-none-eabi/lib/thumb/v7e-m\libc.a(lib_a-mprec.o)
                0x004061ec                _Balloc
 .text._Bfree   0x00406238       0x14 c:/program files (x86)/atmel/studio/7.0/toolchain/arm/arm-gnu-toolchain/bin/../lib/gcc/arm-none-eabi/6.3.1/../../../../arm-none-eabi/lib/thumb/v7e-m\libc.a(lib_a-mprec.o)
                0x00406238                _Bfree
 .text.__multadd
                0x0040624c       0x80 c:/program files (x86)/atmel/studio/7.0/toolchain/arm/arm-gnu-toolchain/bin/../lib/gcc/arm-none-eabi/6.3.1/../../../../arm-none-eabi/lib/thumb/v7e-m\libc.a(lib_a-mprec.o)
                0x0040624c                __multadd
 .text.__hi0bits
                0x004062cc       0x40 c:/program files (x86)/atmel/studio/7.0/toolchain/arm/arm-gnu-toolchain/bin/../lib/gcc/arm-none-eabi/6.3.1/../../../../arm-none-eabi/lib/thumb/v7e-m\libc.a(lib_a-mprec.o)
                0x004062cc                __hi0bits
 .text.__lo0bits
                0x0040630c       0x60 c:/program files (x86)/atmel/studio/7.0/toolchain/arm/arm-gnu-toolchain/bin/../lib/gcc/arm-none-eabi/6.3.1/../../../../arm-none-eabi/lib/thumb/v7e-m\libc.a(lib_a-mprec.o)
                0x0040630c                __lo0bits
 .text.__i2b    0x0040636c       0x14 c:/program files (x86)/atmel/studio/7.0/toolchain/arm/arm-gnu-toolchain/bin/../lib/gcc/arm-none-eabi/6.3.1/../../../../arm-none-eabi/lib/thumb/v7e-m\libc.a(lib_a-mprec.o)
                0x0040636c                __i2b
 .text.__multiply
                0x00406380      0x124 c:/program files (x86)/atmel/studio/7.0/toolchain/arm/arm-gnu-toolchain/bin/../lib/gcc/arm-none-eabi/6.3.1/../../../../arm-none-eabi/lib/thumb/v7e-m\libc.a(lib_a-mprec.o)
                0x00406380                __multiply
 .text.__pow5mult
                0x004064a4       0xa0 c:/program files (x86)/atmel/studio/7.0/toolchain/arm/arm-gnu-toolchain/bin/../lib/gcc/arm-none-eabi/6.3.1/../../../../arm-none-eabi/lib/thumb/v7e-m\libc.a(lib_a-mprec.o)
                0x004064a4                __pow5mult
 .text.__lshift
                0x00406544       0xa4 c:/program files (x86)/atmel/studio/7.0/toolchain/arm/arm-gnu-toolchain/bin/../lib/gcc/arm-none-eabi/6.3.1/../../../../arm-none-eabi/lib/thumb/v7e-m\libc.a(lib_a-mprec.o)
                0x00406544                __lshift
 .text.__mcmp   0x004065e8       0x38 c:/program files (x86)/atmel/studio/7.0/toolchain/arm/arm-gnu-toolchain/bin/../lib/gcc/arm-none-eabi/6.3.1/../../../../arm-none-eabi/lib/thumb/v7e-m\libc.a(lib_a-mprec.o)
                0x004065e8                __mcmp
 .text.__mdiff  0x00406620      0x108 c:/program files (x86)/atmel/studio/7.0/toolchain/arm/arm-gnu-toolchain/bin/../lib/gcc/arm-none-eabi/6.3.1/../../../../arm-none-eabi/lib/thumb/v7e-m\libc.a(lib_a-mprec.o)
                0x00406620                __mdiff
 .text.__d2b    0x00406728       0xb8 c:/program files (x86)/atmel/studio/7.0/toolchain/arm/arm-gnu-toolchain/bin/../lib/gcc/arm-none-eabi/6.3.1/../../../../arm-none-eabi/lib/thumb/v7e-m\libc.a(lib_a-mprec.o)
                0x00406728                __d2b
 .text._sbrk_r  0x004067e0       0x24 c:/program files (x86)/atmel/studio/7.0/toolchain/arm/arm-gnu-toolchain/bin/../lib/gcc/arm-none-eabi/6.3.1/../../../../arm-none-eabi/lib/thumb/v7e-m\libc.a(lib_a-sbrkr.o)
                0x004067e0                _sbrk_r
 *fill*         0x00406804       0x3c 
 .text          0x00406840       0xdc c:/program files (x86)/atmel/studio/7.0/toolchain/arm/arm-gnu-toolchain/bin/../lib/gcc/arm-none-eabi/6.3.1/../../../../arm-none-eabi/lib/thumb/v7e-m\libc.a(lib_a-strlen.o)
                0x00406840                strlen
 .text.__ssprint_r
                0x0040691c       0xfc c:/program files (x86)/atmel/studio/7.0/toolchain/arm/arm-gnu-toolchain/bin/../lib/gcc/arm-none-eabi/6.3.1/../../../../arm-none-eabi/lib/thumb/v7e-m\libc.a(lib_a-svfiprintf.o)
                0x0040691c                __ssprint_r
 .text.__register_exitproc
                0x00406a18       0xc4 c:/program files (x86)/atmel/studio/7.0/toolchain/arm/arm-gnu-toolchain/bin/../lib/gcc/arm-none-eabi/6.3.1/../../../../arm-none-eabi/lib/thumb/v7e-m\libc.a(lib_a-__atexit.o)
                0x00406a18                __register_exitproc
 .text._calloc_r
                0x00406adc       0x60 c:/program files (x86)/atmel/studio/7.0/toolchain/arm/arm-gnu-toolchain/bin/../lib/gcc/arm-none-eabi/6.3.1/../../../../arm-none-eabi/lib/thumb/v7e-m\libc.a(lib_a-callocr.o)
                0x00406adc                _calloc_r
 .text._malloc_trim_r
                0x00406b3c       0xa0 c:/program files (x86)/atmel/studio/7.0/toolchain/arm/arm-gnu-toolchain/bin/../lib/gcc/arm-none-eabi/6.3.1/../../../../arm-none-eabi/lib/thumb/v7e-m\libc.a(lib_a-freer.o)
                0x00406b3c                _malloc_trim_r
 .text._free_r  0x00406bdc      0x1cc c:/program files (x86)/atmel/studio/7.0/toolchain/arm/arm-gnu-toolchain/bin/../lib/gcc/arm-none-eabi/6.3.1/../../../../arm-none-eabi/lib/thumb/v7e-m\libc.a(lib_a-freer.o)
                0x00406bdc                _free_r
 .text.__ascii_mbtowc
                0x00406da8       0x2c c:/program files (x86)/atmel/studio/7.0/toolchain/arm/arm-gnu-toolchain/bin/../lib/gcc/arm-none-eabi/6.3.1/../../../../arm-none-eabi/lib/thumb/v7e-m\libc.a(lib_a-mbtowc_r.o)
                0x00406da8                __ascii_mbtowc
 .text.memmove  0x00406dd4       0xc8 c:/program files (x86)/atmel/studio/7.0/toolchain/arm/arm-gnu-toolchain/bin/../lib/gcc/arm-none-eabi/6.3.1/../../../../arm-none-eabi/lib/thumb/v7e-m\libc.a(lib_a-memmove.o)
                0x00406dd4                memmove
 .text._realloc_r
                0x00406e9c      0x34c c:/program files (x86)/atmel/studio/7.0/toolchain/arm/arm-gnu-toolchain/bin/../lib/gcc/arm-none-eabi/6.3.1/../../../../arm-none-eabi/lib/thumb/v7e-m\libc.a(lib_a-reallocr.o)
                0x00406e9c                _realloc_r
 .text.__ascii_wctomb
                0x004071e8       0x1c c:/program files (x86)/atmel/studio/7.0/toolchain/arm/arm-gnu-toolchain/bin/../lib/gcc/arm-none-eabi/6.3.1/../../../../arm-none-eabi/lib/thumb/v7e-m\libc.a(lib_a-wctomb_r.o)
                0x004071e8                __ascii_wctomb
 .text          0x00407204      0x370 c:/program files (x86)/atmel/studio/7.0/toolchain/arm/arm-gnu-toolchain/bin/../lib/gcc/arm-none-eabi/6.3.1/thumb/v7e-m\libgcc.a(_arm_addsubdf3.o)
                0x00407204                __aeabi_drsub
                0x0040720c                __aeabi_dsub
                0x0040720c                __subdf3
                0x00407210                __aeabi_dadd
                0x00407210                __adddf3
                0x00407488                __floatunsidf
                0x00407488                __aeabi_ui2d
                0x004074a8                __floatsidf
                0x004074a8                __aeabi_i2d
                0x004074cc                __aeabi_f2d
                0x004074cc                __extendsfdf2
                0x00407508                __floatundidf
                0x00407508                __aeabi_ul2d
                0x00407518                __floatdidf
                0x00407518                __aeabi_l2d
 .text          0x00407574      0x424 c:/program files (x86)/atmel/studio/7.0/toolchain/arm/arm-gnu-toolchain/bin/../lib/gcc/arm-none-eabi/6.3.1/thumb/v7e-m\libgcc.a(_arm_muldivdf3.o)
                0x00407574                __aeabi_dmul
                0x00407574                __muldf3
                0x004077c8                __divdf3
                0x004077c8                __aeabi_ddiv
 .text          0x00407998      0x110 c:/program files (x86)/atmel/studio/7.0/toolchain/arm/arm-gnu-toolchain/bin/../lib/gcc/arm-none-eabi/6.3.1/thumb/v7e-m\libgcc.a(_arm_cmpdf2.o)
                0x00407998                __gtdf2
                0x00407998                __gedf2
                0x004079a0                __ltdf2
                0x004079a0                __ledf2
                0x004079a8                __nedf2
                0x004079a8                __eqdf2
                0x004079a8                __cmpdf2
                0x00407a24                __aeabi_cdrcmple
                0x00407a34                __aeabi_cdcmpeq
                0x00407a34                __aeabi_cdcmple
                0x00407a44                __aeabi_dcmpeq
                0x00407a58                __aeabi_dcmplt
                0x00407a6c                __aeabi_dcmple
                0x00407a80                __aeabi_dcmpge
                0x00407a94                __aeabi_dcmpgt
 .text          0x00407aa8       0x2c c:/program files (x86)/atmel/studio/7.0/toolchain/arm/arm-gnu-toolchain/bin/../lib/gcc/arm-none-eabi/6.3.1/thumb/v7e-m\libgcc.a(_arm_unorddf2.o)
                0x00407aa8                __unorddf2
                0x00407aa8                __aeabi_dcmpun
 .text          0x00407ad4       0x50 c:/program files (x86)/atmel/studio/7.0/toolchain/arm/arm-gnu-toolchain/bin/../lib/gcc/arm-none-eabi/6.3.1/thumb/v7e-m\libgcc.a(_arm_fixdfsi.o)
                0x00407ad4                __aeabi_d2iz
                0x00407ad4                __fixdfsi
 *(.glue_7t)
 .glue_7t       0x00407b24        0x0 linker stubs
 *(.glue_7)
 .glue_7        0x00407b24        0x0 linker stubs
 *(.rodata .rodata* .gnu.linkonce.r.*)
 .rodata.sysfont_glyphs
                0x00407b24      0xa48 src/sysfont.o
 .rodata        0x0040856c       0x64 src/main.o
 .rodata._global_impure_ptr
                0x004085d0        0x4 c:/program files (x86)/atmel/studio/7.0/toolchain/arm/arm-gnu-toolchain/bin/../lib/gcc/arm-none-eabi/6.3.1/../../../../arm-none-eabi/lib/thumb/v7e-m\libc.a(lib_a-impure.o)
                0x004085d0                _global_impure_ptr
 .rodata._svfprintf_r.str1.4
                0x004085d4       0x42 c:/program files (x86)/atmel/studio/7.0/toolchain/arm/arm-gnu-toolchain/bin/../lib/gcc/arm-none-eabi/6.3.1/../../../../arm-none-eabi/lib/thumb/v7e-m\libc.a(lib_a-svfprintf.o)
 *fill*         0x00408616        0x2 
 .rodata.blanks.7223
                0x00408618       0x10 c:/program files (x86)/atmel/studio/7.0/toolchain/arm/arm-gnu-toolchain/bin/../lib/gcc/arm-none-eabi/6.3.1/../../../../arm-none-eabi/lib/thumb/v7e-m\libc.a(lib_a-svfprintf.o)
 .rodata.zeroes.7224
                0x00408628       0x10 c:/program files (x86)/atmel/studio/7.0/toolchain/arm/arm-gnu-toolchain/bin/../lib/gcc/arm-none-eabi/6.3.1/../../../../arm-none-eabi/lib/thumb/v7e-m\libc.a(lib_a-svfprintf.o)
 .rodata._dtoa_r.str1.4
                0x00408638       0x10 c:/program files (x86)/atmel/studio/7.0/toolchain/arm/arm-gnu-toolchain/bin/../lib/gcc/arm-none-eabi/6.3.1/../../../../arm-none-eabi/lib/thumb/v7e-m\libc.a(lib_a-dtoa.o)
                                 0x12 (size before relaxing)
 .rodata.__mprec_bigtens
                0x00408648       0x28 c:/program files (x86)/atmel/studio/7.0/toolchain/arm/arm-gnu-toolchain/bin/../lib/gcc/arm-none-eabi/6.3.1/../../../../arm-none-eabi/lib/thumb/v7e-m\libc.a(lib_a-mprec.o)
                0x00408648                __mprec_bigtens
 .rodata.__mprec_tens
                0x00408670       0xc8 c:/program files (x86)/atmel/studio/7.0/toolchain/arm/arm-gnu-toolchain/bin/../lib/gcc/arm-none-eabi/6.3.1/../../../../arm-none-eabi/lib/thumb/v7e-m\libc.a(lib_a-mprec.o)
                0x00408670                __mprec_tens
 .rodata.p05.6055
                0x00408738        0xc c:/program files (x86)/atmel/studio/7.0/toolchain/arm/arm-gnu-toolchain/bin/../lib/gcc/arm-none-eabi/6.3.1/../../../../arm-none-eabi/lib/thumb/v7e-m\libc.a(lib_a-mprec.o)
 .rodata._setlocale_r.str1.4
                0x00408744        0xa c:/program files (x86)/atmel/studio/7.0/toolchain/arm/arm-gnu-toolchain/bin/../lib/gcc/arm-none-eabi/6.3.1/../../../../arm-none-eabi/lib/thumb/v7e-m\libc.a(lib_a-locale.o)
                                  0xd (size before relaxing)
 *fill*         0x0040874e        0x2 
 .rodata.str1.4
                0x00408750        0x4 c:/program files (x86)/atmel/studio/7.0/toolchain/arm/arm-gnu-toolchain/bin/../lib/gcc/arm-none-eabi/6.3.1/../../../../arm-none-eabi/lib/thumb/v7e-m\libc.a(lib_a-locale.o)
                                  0x2 (size before relaxing)
 .rodata._ctype_
                0x00408754      0x101 c:/program files (x86)/atmel/studio/7.0/toolchain/arm/arm-gnu-toolchain/bin/../lib/gcc/arm-none-eabi/6.3.1/../../../../arm-none-eabi/lib/thumb/v7e-m\libc.a(lib_a-ctype_.o)
                0x00408754                _ctype_
 *(.ARM.extab* .gnu.linkonce.armextab.*)
                0x00408858                . = ALIGN (0x4)
 *fill*         0x00408855        0x3 
 *(.init)
 .init          0x00408858        0x4 c:/program files (x86)/atmel/studio/7.0/toolchain/arm/arm-gnu-toolchain/bin/../lib/gcc/arm-none-eabi/6.3.1/thumb/v7e-m/crti.o
                0x00408858                _init
 .init          0x0040885c        0x8 c:/program files (x86)/atmel/studio/7.0/toolchain/arm/arm-gnu-toolchain/bin/../lib/gcc/arm-none-eabi/6.3.1/thumb/v7e-m/crtn.o
                0x00408864                . = ALIGN (0x4)
                0x00408864                __preinit_array_start = .
 *(.preinit_array)
                0x00408864                __preinit_array_end = .
                0x00408864                . = ALIGN (0x4)
                0x00408864                __init_array_start = .
 *(SORT(.init_array.*))
 .init_array.00000
                0x00408864        0x4 c:/program files (x86)/atmel/studio/7.0/toolchain/arm/arm-gnu-toolchain/bin/../lib/gcc/arm-none-eabi/6.3.1/../../../../arm-none-eabi/lib/thumb/v7e-m\libc.a(lib_a-__call_atexit.o)
 *(.init_array)
 .init_array    0x00408868        0x4 c:/program files (x86)/atmel/studio/7.0/toolchain/arm/arm-gnu-toolchain/bin/../lib/gcc/arm-none-eabi/6.3.1/thumb/v7e-m/crtbegin.o
                0x0040886c                __init_array_end = .
                0x0040886c                . = ALIGN (0x4)
 *crtbegin.o(.ctors)
 *(EXCLUDE_FILE(*crtend.o) .ctors)
 *(SORT(.ctors.*))
 *crtend.o(.ctors)
                0x0040886c                . = ALIGN (0x4)
 *(.fini)
 .fini          0x0040886c        0x4 c:/program files (x86)/atmel/studio/7.0/toolchain/arm/arm-gnu-toolchain/bin/../lib/gcc/arm-none-eabi/6.3.1/thumb/v7e-m/crti.o
                0x0040886c                _fini
 .fini          0x00408870        0x8 c:/program files (x86)/atmel/studio/7.0/toolchain/arm/arm-gnu-toolchain/bin/../lib/gcc/arm-none-eabi/6.3.1/thumb/v7e-m/crtn.o
                0x00408878                . = ALIGN (0x4)
                0x00408878                __fini_array_start = .
 *(.fini_array)
 .fini_array    0x00408878        0x4 c:/program files (x86)/atmel/studio/7.0/toolchain/arm/arm-gnu-toolchain/bin/../lib/gcc/arm-none-eabi/6.3.1/thumb/v7e-m/crtbegin.o
 *(SORT(.fini_array.*))
                0x0040887c                __fini_array_end = .
 *crtbegin.o(.dtors)
 *(EXCLUDE_FILE(*crtend.o) .dtors)
 *(SORT(.dtors.*))
 *crtend.o(.dtors)
                0x0040887c                . = ALIGN (0x4)
                0x0040887c                _efixed = .
                [!provide]                PROVIDE (__exidx_start, .)

.vfp11_veneer   0x0040887c        0x0
 .vfp11_veneer  0x0040887c        0x0 linker stubs

.v4_bx          0x0040887c        0x0
 .v4_bx         0x0040887c        0x0 linker stubs

.iplt           0x0040887c        0x0
 .iplt          0x0040887c        0x0 c:/program files (x86)/atmel/studio/7.0/toolchain/arm/arm-gnu-toolchain/bin/../lib/gcc/arm-none-eabi/6.3.1/thumb/v7e-m/crtbegin.o

.ARM.exidx      0x0040887c        0x8
 *(.ARM.exidx* .gnu.linkonce.armexidx.*)
 .ARM.exidx     0x0040887c        0x8 c:/program files (x86)/atmel/studio/7.0/toolchain/arm/arm-gnu-toolchain/bin/../lib/gcc/arm-none-eabi/6.3.1/thumb/v7e-m\libgcc.a(_udivmoddi4.o)
                [!provide]                PROVIDE (__exidx_end, .)

.eh_frame       0x00408884        0x0
 .eh_frame      0x00408884        0x0 c:/program files (x86)/atmel/studio/7.0/toolchain/arm/arm-gnu-toolchain/bin/../lib/gcc/arm-none-eabi/6.3.1/thumb/v7e-m/crtbegin.o

.rel.dyn        0x00408884        0x0
 .rel.iplt      0x00408884        0x0 c:/program files (x86)/atmel/studio/7.0/toolchain/arm/arm-gnu-toolchain/bin/../lib/gcc/arm-none-eabi/6.3.1/thumb/v7e-m/crtbegin.o

.jcr            0x00408884        0x0
 .jcr           0x00408884        0x0 c:/program files (x86)/atmel/studio/7.0/toolchain/arm/arm-gnu-toolchain/bin/../lib/gcc/arm-none-eabi/6.3.1/thumb/v7e-m/crtbegin.o

.igot.plt       0x00408884        0x0
 .igot.plt      0x00408884        0x0 c:/program files (x86)/atmel/studio/7.0/toolchain/arm/arm-gnu-toolchain/bin/../lib/gcc/arm-none-eabi/6.3.1/thumb/v7e-m/crtbegin.o
                0x00408884                . = ALIGN (0x4)
                0x00408884                _etext = .

.relocate       0x20400000     0x13a8 load address 0x00408884
                0x20400000                . = ALIGN (0x4)
                0x20400000                _srelocate = .
 *(.ramfunc .ramfunc.*)
 .ramfunc       0x20400000        0xa src/ASF/common/services/delay/sam/cycle_counter.o
                0x20400000                portable_delay_cycles
 *(.data .data.*)
 *fill*         0x2040000a        0x2 
 .data.sysfont  0x2040000c        0xc src/sysfont.o
                0x2040000c                sysfont
 .data.g_interrupt_enabled
                0x20400018        0x1 src/ASF/common/utils/interrupt/interrupt_sam_nvic.o
                0x20400018                g_interrupt_enabled
 *fill*         0x20400019        0x3 
 .data.SystemCoreClock
                0x2040001c        0x4 src/ASF/sam/utils/cmsis/same70/source/templates/system_same70.o
                0x2040001c                SystemCoreClock
 .data.melody1  0x20400020      0x32c src/main.o
                0x20400020                melody1
 .data.duration1
                0x2040034c      0x32c src/main.o
                0x2040034c                duration1
 .data.melody2  0x20400678       0x50 src/main.o
                0x20400678                melody2
 .data.duration2
                0x204006c8       0x50 src/main.o
                0x204006c8                duration2
 .data.melody3  0x20400718      0x138 src/main.o
                0x20400718                melody3
 .data.duration3
                0x20400850      0x138 src/main.o
                0x20400850                duration3
 .data.led1     0x20400988       0x10 src/main.o
                0x20400988                led1
 .data.led2     0x20400998       0x10 src/main.o
                0x20400998                led2
 .data.led3     0x204009a8       0x10 src/main.o
                0x204009a8                led3
 .data.prevButton
                0x204009b8       0x10 src/main.o
                0x204009b8                prevButton
 .data.playButton
                0x204009c8       0x10 src/main.o
                0x204009c8                playButton
 .data.nextButton
                0x204009d8       0x10 src/main.o
                0x204009d8                nextButton
 .data.buzzer   0x204009e8       0x10 src/main.o
                0x204009e8                buzzer
 .data._impure_ptr
                0x204009f8        0x4 c:/program files (x86)/atmel/studio/7.0/toolchain/arm/arm-gnu-toolchain/bin/../lib/gcc/arm-none-eabi/6.3.1/../../../../arm-none-eabi/lib/thumb/v7e-m\libc.a(lib_a-impure.o)
                0x204009f8                _impure_ptr
 *fill*         0x204009fc        0x4 
 .data.impure_data
                0x20400a00      0x428 c:/program files (x86)/atmel/studio/7.0/toolchain/arm/arm-gnu-toolchain/bin/../lib/gcc/arm-none-eabi/6.3.1/../../../../arm-none-eabi/lib/thumb/v7e-m\libc.a(lib_a-impure.o)
 .data.__atexit_recursive_mutex
                0x20400e28        0x4 c:/program files (x86)/atmel/studio/7.0/toolchain/arm/arm-gnu-toolchain/bin/../lib/gcc/arm-none-eabi/6.3.1/../../../../arm-none-eabi/lib/thumb/v7e-m\libc.a(lib_a-__call_atexit.o)
                0x20400e28                __atexit_recursive_mutex
 .data.__malloc_av_
                0x20400e2c      0x408 c:/program files (x86)/atmel/studio/7.0/toolchain/arm/arm-gnu-toolchain/bin/../lib/gcc/arm-none-eabi/6.3.1/../../../../arm-none-eabi/lib/thumb/v7e-m\libc.a(lib_a-mallocr.o)
                0x20400e2c                __malloc_av_
 .data.__malloc_sbrk_base
                0x20401234        0x4 c:/program files (x86)/atmel/studio/7.0/toolchain/arm/arm-gnu-toolchain/bin/../lib/gcc/arm-none-eabi/6.3.1/../../../../arm-none-eabi/lib/thumb/v7e-m\libc.a(lib_a-mallocr.o)
                0x20401234                __malloc_sbrk_base
 .data.__malloc_trim_threshold
                0x20401238        0x4 c:/program files (x86)/atmel/studio/7.0/toolchain/arm/arm-gnu-toolchain/bin/../lib/gcc/arm-none-eabi/6.3.1/../../../../arm-none-eabi/lib/thumb/v7e-m\libc.a(lib_a-mallocr.o)
                0x20401238                __malloc_trim_threshold
 .data.__global_locale
                0x2040123c      0x16c c:/program files (x86)/atmel/studio/7.0/toolchain/arm/arm-gnu-toolchain/bin/../lib/gcc/arm-none-eabi/6.3.1/../../../../arm-none-eabi/lib/thumb/v7e-m\libc.a(lib_a-locale.o)
                0x2040123c                __global_locale
                0x204013a8                . = ALIGN (0x4)
                0x204013a8                _erelocate = .

.bss            0x204013a8      0x300 load address 0x00409c2c
                0x204013a8                . = ALIGN (0x4)
                0x204013a8                _sbss = .
                0x204013a8                _szero = .
 *(.bss .bss.*)
 .bss           0x204013a8       0x1c c:/program files (x86)/atmel/studio/7.0/toolchain/arm/arm-gnu-toolchain/bin/../lib/gcc/arm-none-eabi/6.3.1/thumb/v7e-m/crtbegin.o
 .bss.fbpointer
                0x204013c4        0x4 src/gfx_mono_framebuffer.o
 .bss.framebuffer
                0x204013c8      0x200 src/gfx_mono_ug_2832hsweg04.o
 .bss.gs_interrupt_sources
                0x204015c8       0x70 src/ASF/sam/drivers/pio/pio_handler.o
 .bss.gs_ul_nb_sources
                0x20401638        0x4 src/ASF/sam/drivers/pio/pio_handler.o
 .bss.heap.6420
                0x2040163c        0x4 src/ASF/sam/utils/syscalls/gcc/syscalls.o
 .bss.__malloc_current_mallinfo
                0x20401640       0x28 c:/program files (x86)/atmel/studio/7.0/toolchain/arm/arm-gnu-toolchain/bin/../lib/gcc/arm-none-eabi/6.3.1/../../../../arm-none-eabi/lib/thumb/v7e-m\libc.a(lib_a-mallocr.o)
                0x20401640                __malloc_current_mallinfo
 .bss.__malloc_max_sbrked_mem
                0x20401668        0x4 c:/program files (x86)/atmel/studio/7.0/toolchain/arm/arm-gnu-toolchain/bin/../lib/gcc/arm-none-eabi/6.3.1/../../../../arm-none-eabi/lib/thumb/v7e-m\libc.a(lib_a-mallocr.o)
                0x20401668                __malloc_max_sbrked_mem
 .bss.__malloc_max_total_mem
                0x2040166c        0x4 c:/program files (x86)/atmel/studio/7.0/toolchain/arm/arm-gnu-toolchain/bin/../lib/gcc/arm-none-eabi/6.3.1/../../../../arm-none-eabi/lib/thumb/v7e-m\libc.a(lib_a-mallocr.o)
                0x2040166c                __malloc_max_total_mem
 .bss.__malloc_top_pad
                0x20401670        0x4 c:/program files (x86)/atmel/studio/7.0/toolchain/arm/arm-gnu-toolchain/bin/../lib/gcc/arm-none-eabi/6.3.1/../../../../arm-none-eabi/lib/thumb/v7e-m\libc.a(lib_a-mallocr.o)
                0x20401670                __malloc_top_pad
 *(COMMON)
 COMMON         0x20401674        0xc src/main.o
                0x20401674                musicNote
                0x20401678                play
                0x2040167c                musicIndex
 COMMON         0x20401680       0x21 c:/program files (x86)/atmel/studio/7.0/toolchain/arm/arm-gnu-toolchain/bin/../lib/gcc/arm-none-eabi/6.3.1/../../../../arm-none-eabi/lib/thumb/v7e-m\libc.a(lib_a-lock.o)
                0x20401680                __lock___atexit_recursive_mutex
                0x20401684                __lock___arc4random_mutex
                0x20401688                __lock___env_recursive_mutex
                0x2040168c                __lock___sinit_recursive_mutex
                0x20401690                __lock___malloc_recursive_mutex
                0x20401694                __lock___at_quick_exit_mutex
                0x20401698                __lock___dd_hash_mutex
                0x2040169c                __lock___tz_mutex
                0x204016a0                __lock___sfp_recursive_mutex
 *fill*         0x204016a1        0x3 
 COMMON         0x204016a4        0x4 c:/program files (x86)/atmel/studio/7.0/toolchain/arm/arm-gnu-toolchain/bin/../lib/gcc/arm-none-eabi/6.3.1/../../../../arm-none-eabi/lib/thumb/v7e-m\libc.a(lib_a-reent.o)
                0x204016a4                errno
                0x204016a8                . = ALIGN (0x4)
                0x204016a8                _ebss = .
                0x204016a8                _ezero = .

.stack          0x204016a8     0x2000 load address 0x00409f2c
                0x204016a8                . = ALIGN (0x8)
                0x204016a8                _sstack = .
                0x204036a8                . = (. + STACK_SIZE)
 *fill*         0x204016a8     0x2000 
                0x204036a8                . = ALIGN (0x8)
                0x204036a8                _estack = .

.heap           0x204036a8      0x200 load address 0x0040bf2c
                0x204036a8                . = ALIGN (0x8)
                0x204036a8                _sheap = .
                0x204038a8                . = (. + HEAP_SIZE)
 *fill*         0x204036a8      0x200 
                0x204038a8                . = ALIGN (0x8)
                0x204038a8                _eheap = .
                0x204038a8                . = ALIGN (0x4)
                0x204038a8                _end = .
                0x2045ffff                _ram_end_ = ((ORIGIN (ram) + LENGTH (ram)) - 0x1)
OUTPUT(spi_teste.elf elf32-littlearm)

.ARM.attributes
                0x00000000       0x2e
 .ARM.attributes
                0x00000000       0x1e c:/program files (x86)/atmel/studio/7.0/toolchain/arm/arm-gnu-toolchain/bin/../lib/gcc/arm-none-eabi/6.3.1/thumb/v7e-m/crti.o
 .ARM.attributes
                0x0000001e       0x2e c:/program files (x86)/atmel/studio/7.0/toolchain/arm/arm-gnu-toolchain/bin/../lib/gcc/arm-none-eabi/6.3.1/thumb/v7e-m/crtbegin.o
 .ARM.attributes
                0x0000004c       0x37 src/ASF/sam/drivers/spi/spi.o
 .ARM.attributes
                0x00000083       0x37 src/gfx_mono_framebuffer.o
 .ARM.attributes
                0x000000ba       0x37 src/gfx_mono_generic.o
 .ARM.attributes
                0x000000f1       0x37 src/gfx_mono_text.o
 .ARM.attributes
                0x00000128       0x37 src/gfx_mono_ug_2832hsweg04.o
 .ARM.attributes
                0x0000015f       0x37 src/ssd1306.o
 .ARM.attributes
                0x00000196       0x37 src/sysfont.o
 .ARM.attributes
                0x000001cd       0x37 src/ASF/common/services/delay/sam/cycle_counter.o
 .ARM.attributes
                0x00000204       0x37 src/ASF/common/services/clock/same70/sysclk.o
 .ARM.attributes
                0x0000023b       0x37 src/ASF/common/utils/interrupt/interrupt_sam_nvic.o
 .ARM.attributes
                0x00000272       0x37 src/ASF/sam/boards/same70_xplained/init.o
 .ARM.attributes
                0x000002a9       0x37 src/ASF/sam/drivers/pio/pio.o
 .ARM.attributes
                0x000002e0       0x37 src/ASF/sam/drivers/pio/pio_handler.o
 .ARM.attributes
                0x00000317       0x37 src/ASF/sam/drivers/pmc/pmc.o
 .ARM.attributes
                0x0000034e       0x37 src/ASF/sam/utils/cmsis/same70/source/templates/gcc/startup_same70.o
 .ARM.attributes
                0x00000385       0x37 src/ASF/sam/utils/cmsis/same70/source/templates/system_same70.o
 .ARM.attributes
                0x000003bc       0x37 src/ASF/sam/utils/syscalls/gcc/syscalls.o
 .ARM.attributes
                0x000003f3       0x37 src/main.o
 .ARM.attributes
                0x0000042a       0x1e c:/program files (x86)/atmel/studio/7.0/toolchain/arm/arm-gnu-toolchain/bin/../lib/gcc/arm-none-eabi/6.3.1/thumb/v7e-m\libgcc.a(_aeabi_uldivmod.o)
 .ARM.attributes
                0x00000448       0x2e c:/program files (x86)/atmel/studio/7.0/toolchain/arm/arm-gnu-toolchain/bin/../lib/gcc/arm-none-eabi/6.3.1/thumb/v7e-m\libgcc.a(_udivmoddi4.o)
 .ARM.attributes
                0x00000476       0x1e c:/program files (x86)/atmel/studio/7.0/toolchain/arm/arm-gnu-toolchain/bin/../lib/gcc/arm-none-eabi/6.3.1/thumb/v7e-m\libgcc.a(_dvmd_tls.o)
 .ARM.attributes
                0x00000494       0x2e c:/program files (x86)/atmel/studio/7.0/toolchain/arm/arm-gnu-toolchain/bin/../lib/gcc/arm-none-eabi/6.3.1/../../../../arm-none-eabi/lib/thumb/v7e-m\libc.a(lib_a-impure.o)
 .ARM.attributes
                0x000004c2       0x2e c:/program files (x86)/atmel/studio/7.0/toolchain/arm/arm-gnu-toolchain/bin/../lib/gcc/arm-none-eabi/6.3.1/../../../../arm-none-eabi/lib/thumb/v7e-m\libc.a(lib_a-init.o)
 .ARM.attributes
                0x000004f0       0x2e c:/program files (x86)/atmel/studio/7.0/toolchain/arm/arm-gnu-toolchain/bin/../lib/gcc/arm-none-eabi/6.3.1/../../../../arm-none-eabi/lib/thumb/v7e-m\libc.a(lib_a-memset.o)
 .ARM.attributes
                0x0000051e       0x2e c:/program files (x86)/atmel/studio/7.0/toolchain/arm/arm-gnu-toolchain/bin/../lib/gcc/arm-none-eabi/6.3.1/../../../../arm-none-eabi/lib/thumb/v7e-m\libc.a(lib_a-sprintf.o)
 .ARM.attributes
                0x0000054c       0x2e c:/program files (x86)/atmel/studio/7.0/toolchain/arm/arm-gnu-toolchain/bin/../lib/gcc/arm-none-eabi/6.3.1/../../../../arm-none-eabi/lib/thumb/v7e-m\libc.a(lib_a-svfprintf.o)
 .ARM.attributes
                0x0000057a       0x2e c:/program files (x86)/atmel/studio/7.0/toolchain/arm/arm-gnu-toolchain/bin/../lib/gcc/arm-none-eabi/6.3.1/../../../../arm-none-eabi/lib/thumb/v7e-m\libc.a(lib_a-__call_atexit.o)
 .ARM.attributes
                0x000005a8       0x2e c:/program files (x86)/atmel/studio/7.0/toolchain/arm/arm-gnu-toolchain/bin/../lib/gcc/arm-none-eabi/6.3.1/../../../../arm-none-eabi/lib/thumb/v7e-m\libc.a(lib_a-atexit.o)
 .ARM.attributes
                0x000005d6       0x2e c:/program files (x86)/atmel/studio/7.0/toolchain/arm/arm-gnu-toolchain/bin/../lib/gcc/arm-none-eabi/6.3.1/../../../../arm-none-eabi/lib/thumb/v7e-m\libc.a(lib_a-dtoa.o)
 .ARM.attributes
                0x00000604       0x2e c:/program files (x86)/atmel/studio/7.0/toolchain/arm/arm-gnu-toolchain/bin/../lib/gcc/arm-none-eabi/6.3.1/../../../../arm-none-eabi/lib/thumb/v7e-m\libc.a(lib_a-fini.o)
 .ARM.attributes
                0x00000632       0x2e c:/program files (x86)/atmel/studio/7.0/toolchain/arm/arm-gnu-toolchain/bin/../lib/gcc/arm-none-eabi/6.3.1/../../../../arm-none-eabi/lib/thumb/v7e-m\libc.a(lib_a-localeconv.o)
 .ARM.attributes
                0x00000660       0x2e c:/program files (x86)/atmel/studio/7.0/toolchain/arm/arm-gnu-toolchain/bin/../lib/gcc/arm-none-eabi/6.3.1/../../../../arm-none-eabi/lib/thumb/v7e-m\libc.a(lib_a-lock.o)
 .ARM.attributes
                0x0000068e       0x2e c:/program files (x86)/atmel/studio/7.0/toolchain/arm/arm-gnu-toolchain/bin/../lib/gcc/arm-none-eabi/6.3.1/../../../../arm-none-eabi/lib/thumb/v7e-m\libc.a(lib_a-mallocr.o)
 .ARM.attributes
                0x000006bc       0x1c c:/program files (x86)/atmel/studio/7.0/toolchain/arm/arm-gnu-toolchain/bin/../lib/gcc/arm-none-eabi/6.3.1/../../../../arm-none-eabi/lib/thumb/v7e-m\libc.a(lib_a-memchr.o)
 .ARM.attributes
                0x000006d8       0x1c c:/program files (x86)/atmel/studio/7.0/toolchain/arm/arm-gnu-toolchain/bin/../lib/gcc/arm-none-eabi/6.3.1/../../../../arm-none-eabi/lib/thumb/v7e-m\libc.a(lib_a-memcpy.o)
 .ARM.attributes
                0x000006f4       0x2e c:/program files (x86)/atmel/studio/7.0/toolchain/arm/arm-gnu-toolchain/bin/../lib/gcc/arm-none-eabi/6.3.1/../../../../arm-none-eabi/lib/thumb/v7e-m\libc.a(lib_a-mlock.o)
 .ARM.attributes
                0x00000722       0x2e c:/program files (x86)/atmel/studio/7.0/toolchain/arm/arm-gnu-toolchain/bin/../lib/gcc/arm-none-eabi/6.3.1/../../../../arm-none-eabi/lib/thumb/v7e-m\libc.a(lib_a-mprec.o)
 .ARM.attributes
                0x00000750       0x2e c:/program files (x86)/atmel/studio/7.0/toolchain/arm/arm-gnu-toolchain/bin/../lib/gcc/arm-none-eabi/6.3.1/../../../../arm-none-eabi/lib/thumb/v7e-m\libc.a(lib_a-sbrkr.o)
 .ARM.attributes
                0x0000077e       0x1c c:/program files (x86)/atmel/studio/7.0/toolchain/arm/arm-gnu-toolchain/bin/../lib/gcc/arm-none-eabi/6.3.1/../../../../arm-none-eabi/lib/thumb/v7e-m\libc.a(lib_a-strlen.o)
 .ARM.attributes
                0x0000079a       0x2e c:/program files (x86)/atmel/studio/7.0/toolchain/arm/arm-gnu-toolchain/bin/../lib/gcc/arm-none-eabi/6.3.1/../../../../arm-none-eabi/lib/thumb/v7e-m\libc.a(lib_a-svfiprintf.o)
 .ARM.attributes
                0x000007c8       0x2e c:/program files (x86)/atmel/studio/7.0/toolchain/arm/arm-gnu-toolchain/bin/../lib/gcc/arm-none-eabi/6.3.1/../../../../arm-none-eabi/lib/thumb/v7e-m\libc.a(lib_a-__atexit.o)
 .ARM.attributes
                0x000007f6       0x2e c:/program files (x86)/atmel/studio/7.0/toolchain/arm/arm-gnu-toolchain/bin/../lib/gcc/arm-none-eabi/6.3.1/../../../../arm-none-eabi/lib/thumb/v7e-m\libc.a(lib_a-callocr.o)
 .ARM.attributes
                0x00000824       0x2e c:/program files (x86)/atmel/studio/7.0/toolchain/arm/arm-gnu-toolchain/bin/../lib/gcc/arm-none-eabi/6.3.1/../../../../arm-none-eabi/lib/thumb/v7e-m\libc.a(lib_a-freer.o)
 .ARM.attributes
                0x00000852       0x2e c:/program files (x86)/atmel/studio/7.0/toolchain/arm/arm-gnu-toolchain/bin/../lib/gcc/arm-none-eabi/6.3.1/../../../../arm-none-eabi/lib/thumb/v7e-m\libc.a(lib_a-locale.o)
 .ARM.attributes
                0x00000880       0x2e c:/program files (x86)/atmel/studio/7.0/toolchain/arm/arm-gnu-toolchain/bin/../lib/gcc/arm-none-eabi/6.3.1/../../../../arm-none-eabi/lib/thumb/v7e-m\libc.a(lib_a-mbtowc_r.o)
 .ARM.attributes
                0x000008ae       0x2e c:/program files (x86)/atmel/studio/7.0/toolchain/arm/arm-gnu-toolchain/bin/../lib/gcc/arm-none-eabi/6.3.1/../../../../arm-none-eabi/lib/thumb/v7e-m\libc.a(lib_a-memmove.o)
 .ARM.attributes
                0x000008dc       0x2e c:/program files (x86)/atmel/studio/7.0/toolchain/arm/arm-gnu-toolchain/bin/../lib/gcc/arm-none-eabi/6.3.1/../../../../arm-none-eabi/lib/thumb/v7e-m\libc.a(lib_a-reallocr.o)
 .ARM.attributes
                0x0000090a       0x2e c:/program files (x86)/atmel/studio/7.0/toolchain/arm/arm-gnu-toolchain/bin/../lib/gcc/arm-none-eabi/6.3.1/../../../../arm-none-eabi/lib/thumb/v7e-m\libc.a(lib_a-reent.o)
 .ARM.attributes
                0x00000938       0x2e c:/program files (x86)/atmel/studio/7.0/toolchain/arm/arm-gnu-toolchain/bin/../lib/gcc/arm-none-eabi/6.3.1/../../../../arm-none-eabi/lib/thumb/v7e-m\libc.a(lib_a-wctomb_r.o)
 .ARM.attributes
                0x00000966       0x2e c:/program files (x86)/atmel/studio/7.0/toolchain/arm/arm-gnu-toolchain/bin/../lib/gcc/arm-none-eabi/6.3.1/../../../../arm-none-eabi/lib/thumb/v7e-m\libc.a(lib_a-ctype_.o)
 .ARM.attributes
                0x00000994       0x1e c:/program files (x86)/atmel/studio/7.0/toolchain/arm/arm-gnu-toolchain/bin/../lib/gcc/arm-none-eabi/6.3.1/thumb/v7e-m\libgcc.a(_arm_addsubdf3.o)
 .ARM.attributes
                0x000009b2       0x1e c:/program files (x86)/atmel/studio/7.0/toolchain/arm/arm-gnu-toolchain/bin/../lib/gcc/arm-none-eabi/6.3.1/thumb/v7e-m\libgcc.a(_arm_muldivdf3.o)
 .ARM.attributes
                0x000009d0       0x1e c:/program files (x86)/atmel/studio/7.0/toolchain/arm/arm-gnu-toolchain/bin/../lib/gcc/arm-none-eabi/6.3.1/thumb/v7e-m\libgcc.a(_arm_cmpdf2.o)
 .ARM.attributes
                0x000009ee       0x1e c:/program files (x86)/atmel/studio/7.0/toolchain/arm/arm-gnu-toolchain/bin/../lib/gcc/arm-none-eabi/6.3.1/thumb/v7e-m\libgcc.a(_arm_unorddf2.o)
 .ARM.attributes
                0x00000a0c       0x1e c:/program files (x86)/atmel/studio/7.0/toolchain/arm/arm-gnu-toolchain/bin/../lib/gcc/arm-none-eabi/6.3.1/thumb/v7e-m\libgcc.a(_arm_fixdfsi.o)
 .ARM.attributes
                0x00000a2a       0x1e c:/program files (x86)/atmel/studio/7.0/toolchain/arm/arm-gnu-toolchain/bin/../lib/gcc/arm-none-eabi/6.3.1/thumb/v7e-m/crtn.o

.comment        0x00000000       0x59
 .comment       0x00000000       0x59 src/ASF/sam/drivers/spi/spi.o
                                 0x5a (size before relaxing)
 .comment       0x00000059       0x5a src/gfx_mono_framebuffer.o
 .comment       0x00000059       0x5a src/gfx_mono_generic.o
 .comment       0x00000059       0x5a src/gfx_mono_text.o
 .comment       0x00000059       0x5a src/gfx_mono_ug_2832hsweg04.o
 .comment       0x00000059       0x5a src/ssd1306.o
 .comment       0x00000059       0x5a src/sysfont.o
 .comment       0x00000059       0x5a src/ASF/common/services/delay/sam/cycle_counter.o
 .comment       0x00000059       0x5a src/ASF/common/services/clock/same70/sysclk.o
 .comment       0x00000059       0x5a src/ASF/common/utils/interrupt/interrupt_sam_nvic.o
 .comment       0x00000059       0x5a src/ASF/sam/boards/same70_xplained/init.o
 .comment       0x00000059       0x5a src/ASF/sam/drivers/pio/pio.o
 .comment       0x00000059       0x5a src/ASF/sam/drivers/pio/pio_handler.o
 .comment       0x00000059       0x5a src/ASF/sam/drivers/pmc/pmc.o
 .comment       0x00000059       0x5a src/ASF/sam/utils/cmsis/same70/source/templates/gcc/startup_same70.o
 .comment       0x00000059       0x5a src/ASF/sam/utils/cmsis/same70/source/templates/system_same70.o
 .comment       0x00000059       0x5a src/ASF/sam/utils/syscalls/gcc/syscalls.o
 .comment       0x00000059       0x5a src/main.o

.debug_info     0x00000000    0x157c3
 .debug_info    0x00000000     0x10ff src/ASF/sam/drivers/spi/spi.o
 .debug_info    0x000010ff      0xd8d src/gfx_mono_framebuffer.o
 .debug_info    0x00001e8c     0x1162 src/gfx_mono_generic.o
 .debug_info    0x00002fee      0xed0 src/gfx_mono_text.o
 .debug_info    0x00003ebe      0xf4a src/gfx_mono_ug_2832hsweg04.o
 .debug_info    0x00004e08     0x1c41 src/ssd1306.o
 .debug_info    0x00006a49      0xb06 src/sysfont.o
 .debug_info    0x0000754f      0xa45 src/ASF/common/services/delay/sam/cycle_counter.o
 .debug_info    0x00007f94     0x12d4 src/ASF/common/services/clock/same70/sysclk.o
 .debug_info    0x00009268      0xb06 src/ASF/common/utils/interrupt/interrupt_sam_nvic.o
 .debug_info    0x00009d6e     0x1c75 src/ASF/sam/boards/same70_xplained/init.o
 .debug_info    0x0000b9e3     0x1cbf src/ASF/sam/drivers/pio/pio.o
 .debug_info    0x0000d6a2     0x1a18 src/ASF/sam/drivers/pio/pio_handler.o
 .debug_info    0x0000f0ba     0x1df9 src/ASF/sam/drivers/pmc/pmc.o
 .debug_info    0x00010eb3     0x157c src/ASF/sam/utils/cmsis/same70/source/templates/gcc/startup_same70.o
 .debug_info    0x0001242f      0x55f src/ASF/sam/utils/cmsis/same70/source/templates/system_same70.o
 .debug_info    0x0001298e      0xdbc src/ASF/sam/utils/syscalls/gcc/syscalls.o
 .debug_info    0x0001374a     0x2079 src/main.o

.debug_abbrev   0x00000000     0x2e2a
 .debug_abbrev  0x00000000      0x2c2 src/ASF/sam/drivers/spi/spi.o
 .debug_abbrev  0x000002c2      0x21c src/gfx_mono_framebuffer.o
 .debug_abbrev  0x000004de      0x270 src/gfx_mono_generic.o
 .debug_abbrev  0x0000074e      0x286 src/gfx_mono_text.o
 .debug_abbrev  0x000009d4      0x2bb src/gfx_mono_ug_2832hsweg04.o
 .debug_abbrev  0x00000c8f      0x3e3 src/ssd1306.o
 .debug_abbrev  0x00001072      0x1b6 src/sysfont.o
 .debug_abbrev  0x00001228      0x1b3 src/ASF/common/services/delay/sam/cycle_counter.o
 .debug_abbrev  0x000013db      0x296 src/ASF/common/services/clock/same70/sysclk.o
 .debug_abbrev  0x00001671      0x214 src/ASF/common/utils/interrupt/interrupt_sam_nvic.o
 .debug_abbrev  0x00001885      0x3eb src/ASF/sam/boards/same70_xplained/init.o
 .debug_abbrev  0x00001c70      0x296 src/ASF/sam/drivers/pio/pio.o
 .debug_abbrev  0x00001f06      0x2c9 src/ASF/sam/drivers/pio/pio_handler.o
 .debug_abbrev  0x000021cf      0x2c5 src/ASF/sam/drivers/pmc/pmc.o
 .debug_abbrev  0x00002494      0x2e8 src/ASF/sam/utils/cmsis/same70/source/templates/gcc/startup_same70.o
 .debug_abbrev  0x0000277c      0x102 src/ASF/sam/utils/cmsis/same70/source/templates/system_same70.o
 .debug_abbrev  0x0000287e      0x22a src/ASF/sam/utils/syscalls/gcc/syscalls.o
 .debug_abbrev  0x00002aa8      0x382 src/main.o

.debug_loc      0x00000000     0x571f
 .debug_loc     0x00000000      0x630 src/ASF/sam/drivers/spi/spi.o
 .debug_loc     0x00000630      0x2bc src/gfx_mono_framebuffer.o
 .debug_loc     0x000008ec      0x280 src/gfx_mono_generic.o
 .debug_loc     0x00000b6c      0x1f8 src/gfx_mono_text.o
 .debug_loc     0x00000d64      0x3c0 src/gfx_mono_ug_2832hsweg04.o
 .debug_loc     0x00001124      0x6e8 src/ssd1306.o
 .debug_loc     0x0000180c      0x4a0 src/ASF/common/services/clock/same70/sysclk.o
 .debug_loc     0x00001cac       0xa0 src/ASF/common/utils/interrupt/interrupt_sam_nvic.o
 .debug_loc     0x00001d4c      0x2fc src/ASF/sam/boards/same70_xplained/init.o
 .debug_loc     0x00002048     0x1174 src/ASF/sam/drivers/pio/pio.o
 .debug_loc     0x000031bc      0x38c src/ASF/sam/drivers/pio/pio_handler.o
 .debug_loc     0x00003548     0x172c src/ASF/sam/drivers/pmc/pmc.o
 .debug_loc     0x00004c74      0x16c src/ASF/sam/utils/cmsis/same70/source/templates/gcc/startup_same70.o
 .debug_loc     0x00004de0       0xe4 src/ASF/sam/utils/cmsis/same70/source/templates/system_same70.o
 .debug_loc     0x00004ec4      0x300 src/ASF/sam/utils/syscalls/gcc/syscalls.o
 .debug_loc     0x000051c4      0x55b src/main.o

.debug_aranges  0x00000000      0xa40
 .debug_aranges
                0x00000000       0xa8 src/ASF/sam/drivers/spi/spi.o
 .debug_aranges
                0x000000a8       0x58 src/gfx_mono_framebuffer.o
 .debug_aranges
                0x00000100       0x58 src/gfx_mono_generic.o
 .debug_aranges
                0x00000158       0x48 src/gfx_mono_text.o
 .debug_aranges
                0x000001a0       0x78 src/gfx_mono_ug_2832hsweg04.o
 .debug_aranges
                0x00000218       0xd0 src/ssd1306.o
 .debug_aranges
                0x000002e8       0x18 src/sysfont.o
 .debug_aranges
                0x00000300       0x20 src/ASF/common/services/delay/sam/cycle_counter.o
 .debug_aranges
                0x00000320       0x98 src/ASF/common/services/clock/same70/sysclk.o
 .debug_aranges
                0x000003b8       0x28 src/ASF/common/utils/interrupt/interrupt_sam_nvic.o
 .debug_aranges
                0x000003e0       0x68 src/ASF/sam/boards/same70_xplained/init.o
 .debug_aranges
                0x00000448      0x1a8 src/ASF/sam/drivers/pio/pio.o
 .debug_aranges
                0x000005f0       0x80 src/ASF/sam/drivers/pio/pio_handler.o
 .debug_aranges
                0x00000670      0x250 src/ASF/sam/drivers/pmc/pmc.o
 .debug_aranges
                0x000008c0       0x40 src/ASF/sam/utils/cmsis/same70/source/templates/gcc/startup_same70.o
 .debug_aranges
                0x00000900       0x30 src/ASF/sam/utils/cmsis/same70/source/templates/system_same70.o
 .debug_aranges
                0x00000930       0x60 src/ASF/sam/utils/syscalls/gcc/syscalls.o
 .debug_aranges
                0x00000990       0xb0 src/main.o

.debug_ranges   0x00000000      0x9d8
 .debug_ranges  0x00000000       0x98 src/ASF/sam/drivers/spi/spi.o
 .debug_ranges  0x00000098       0x48 src/gfx_mono_framebuffer.o
 .debug_ranges  0x000000e0       0x48 src/gfx_mono_generic.o
 .debug_ranges  0x00000128       0x38 src/gfx_mono_text.o
 .debug_ranges  0x00000160       0x68 src/gfx_mono_ug_2832hsweg04.o
 .debug_ranges  0x000001c8      0x108 src/ssd1306.o
 .debug_ranges  0x000002d0       0x10 src/ASF/common/services/delay/sam/cycle_counter.o
 .debug_ranges  0x000002e0       0x88 src/ASF/common/services/clock/same70/sysclk.o
 .debug_ranges  0x00000368       0x18 src/ASF/common/utils/interrupt/interrupt_sam_nvic.o
 .debug_ranges  0x00000380       0xd0 src/ASF/sam/boards/same70_xplained/init.o
 .debug_ranges  0x00000450      0x198 src/ASF/sam/drivers/pio/pio.o
 .debug_ranges  0x000005e8       0x70 src/ASF/sam/drivers/pio/pio_handler.o
 .debug_ranges  0x00000658      0x240 src/ASF/sam/drivers/pmc/pmc.o
 .debug_ranges  0x00000898       0x30 src/ASF/sam/utils/cmsis/same70/source/templates/gcc/startup_same70.o
 .debug_ranges  0x000008c8       0x20 src/ASF/sam/utils/cmsis/same70/source/templates/system_same70.o
 .debug_ranges  0x000008e8       0x50 src/ASF/sam/utils/syscalls/gcc/syscalls.o
 .debug_ranges  0x00000938       0xa0 src/main.o

.debug_macro    0x00000000     0x992b
 .debug_macro   0x00000000      0x6d9 src/ASF/sam/drivers/spi/spi.o
 .debug_macro   0x000006d9       0x10 src/ASF/sam/drivers/spi/spi.o
 .debug_macro   0x000006e9       0x3a src/ASF/sam/drivers/spi/spi.o
 .debug_macro   0x00000723      0x2c6 src/ASF/sam/drivers/spi/spi.o
 .debug_macro   0x000009e9      0xa96 src/ASF/sam/drivers/spi/spi.o
 .debug_macro   0x0000147f       0x70 src/ASF/sam/drivers/spi/spi.o
 .debug_macro   0x000014ef       0x64 src/ASF/sam/drivers/spi/spi.o
 .debug_macro   0x00001553       0x5f src/ASF/sam/drivers/spi/spi.o
 .debug_macro   0x000015b2       0xac src/ASF/sam/drivers/spi/spi.o
 .debug_macro   0x0000165e      0x80a src/gfx_mono_framebuffer.o
 .debug_macro   0x00001e68       0x50 src/gfx_mono_framebuffer.o
 .debug_macro   0x00001eb8       0x22 src/gfx_mono_framebuffer.o
 .debug_macro   0x00001eda       0x7b src/gfx_mono_framebuffer.o
 .debug_macro   0x00001f55       0x28 src/gfx_mono_framebuffer.o
 .debug_macro   0x00001f7d       0x23 src/gfx_mono_framebuffer.o
 .debug_macro   0x00001fa0       0x94 src/gfx_mono_framebuffer.o
 .debug_macro   0x00002034       0x40 src/gfx_mono_framebuffer.o
 .debug_macro   0x00002074       0x88 src/gfx_mono_framebuffer.o
 .debug_macro   0x000020fc      0x1ce src/gfx_mono_framebuffer.o
 .debug_macro   0x000022ca       0x16 src/gfx_mono_framebuffer.o
 .debug_macro   0x000022e0       0x1c src/gfx_mono_framebuffer.o
 .debug_macro   0x000022fc       0x16 src/gfx_mono_framebuffer.o
 .debug_macro   0x00002312       0x28 src/gfx_mono_framebuffer.o
 .debug_macro   0x0000233a       0xd1 src/gfx_mono_framebuffer.o
 .debug_macro   0x0000240b       0x8b src/gfx_mono_framebuffer.o
 .debug_macro   0x00002496      0x80a src/gfx_mono_generic.o
 .debug_macro   0x00002ca0      0x823 src/gfx_mono_text.o
 .debug_macro   0x000034c3      0x80f src/gfx_mono_ug_2832hsweg04.o
 .debug_macro   0x00003cd2       0x28 src/gfx_mono_ug_2832hsweg04.o
 .debug_macro   0x00003cfa      0x7e4 src/ssd1306.o
 .debug_macro   0x000044de      0x69c src/sysfont.o
 .debug_macro   0x00004b7a       0x3a src/sysfont.o
 .debug_macro   0x00004bb4      0x665 src/ASF/common/services/delay/sam/cycle_counter.o
 .debug_macro   0x00005219       0x22 src/ASF/common/services/delay/sam/cycle_counter.o
 .debug_macro   0x0000523b      0x6d1 src/ASF/common/services/clock/same70/sysclk.o
 .debug_macro   0x0000590c      0x2c0 src/ASF/common/services/clock/same70/sysclk.o
 .debug_macro   0x00005bcc      0x655 src/ASF/common/utils/interrupt/interrupt_sam_nvic.o
 .debug_macro   0x00006221      0x70b src/ASF/sam/boards/same70_xplained/init.o
 .debug_macro   0x0000692c       0x82 src/ASF/sam/boards/same70_xplained/init.o
 .debug_macro   0x000069ae      0x66b src/ASF/sam/drivers/pio/pio.o
 .debug_macro   0x00007019       0x8e src/ASF/sam/drivers/pio/pio.o
 .debug_macro   0x000070a7      0x676 src/ASF/sam/drivers/pio/pio_handler.o
 .debug_macro   0x0000771d      0x66b src/ASF/sam/drivers/pmc/pmc.o
 .debug_macro   0x00007d88       0x6a src/ASF/sam/drivers/pmc/pmc.o
 .debug_macro   0x00007df2      0x664 src/ASF/sam/utils/cmsis/same70/source/templates/gcc/startup_same70.o
 .debug_macro   0x00008456       0x10 src/ASF/sam/utils/cmsis/same70/source/templates/gcc/startup_same70.o
 .debug_macro   0x00008466      0x455 src/ASF/sam/utils/cmsis/same70/source/templates/system_same70.o
 .debug_macro   0x000088bb      0x1d6 src/ASF/sam/utils/syscalls/gcc/syscalls.o
 .debug_macro   0x00008a91       0x97 src/ASF/sam/utils/syscalls/gcc/syscalls.o
 .debug_macro   0x00008b28       0xf6 src/ASF/sam/utils/syscalls/gcc/syscalls.o
 .debug_macro   0x00008c1e       0x4c src/ASF/sam/utils/syscalls/gcc/syscalls.o
 .debug_macro   0x00008c6a       0x16 src/ASF/sam/utils/syscalls/gcc/syscalls.o
 .debug_macro   0x00008c80       0x10 src/ASF/sam/utils/syscalls/gcc/syscalls.o
 .debug_macro   0x00008c90       0x10 src/ASF/sam/utils/syscalls/gcc/syscalls.o
 .debug_macro   0x00008ca0       0x35 src/ASF/sam/utils/syscalls/gcc/syscalls.o
 .debug_macro   0x00008cd5      0x122 src/ASF/sam/utils/syscalls/gcc/syscalls.o
 .debug_macro   0x00008df7      0x914 src/main.o
 .debug_macro   0x0000970b      0x220 src/main.o

.debug_line     0x00000000     0xe48d
 .debug_line    0x00000000      0xc9d src/ASF/sam/drivers/spi/spi.o
 .debug_line    0x00000c9d      0xf05 src/gfx_mono_framebuffer.o
 .debug_line    0x00001ba2      0xfca src/gfx_mono_generic.o
 .debug_line    0x00002b6c      0xf28 src/gfx_mono_text.o
 .debug_line    0x00003a94      0xfb2 src/gfx_mono_ug_2832hsweg04.o
 .debug_line    0x00004a46     0x1071 src/ssd1306.o
 .debug_line    0x00005ab7      0xa16 src/sysfont.o
 .debug_line    0x000064cd      0x9ed src/ASF/common/services/delay/sam/cycle_counter.o
 .debug_line    0x00006eba      0xc67 src/ASF/common/services/clock/same70/sysclk.o
 .debug_line    0x00007b21      0xa09 src/ASF/common/utils/interrupt/interrupt_sam_nvic.o
 .debug_line    0x0000852a      0xd63 src/ASF/sam/boards/same70_xplained/init.o
 .debug_line    0x0000928d      0xe17 src/ASF/sam/drivers/pio/pio.o
 .debug_line    0x0000a0a4      0xb18 src/ASF/sam/drivers/pio/pio_handler.o
 .debug_line    0x0000abbc     0x10dc src/ASF/sam/drivers/pmc/pmc.o
 .debug_line    0x0000bc98      0xac0 src/ASF/sam/utils/cmsis/same70/source/templates/gcc/startup_same70.o
 .debug_line    0x0000c758      0x820 src/ASF/sam/utils/cmsis/same70/source/templates/system_same70.o
 .debug_line    0x0000cf78      0x417 src/ASF/sam/utils/syscalls/gcc/syscalls.o
 .debug_line    0x0000d38f     0x10fe src/main.o

.debug_str      0x00000000    0x90758
 .debug_str     0x00000000    0x85e44 src/ASF/sam/drivers/spi/spi.o
                              0x86511 (size before relaxing)
 .debug_str     0x00085e44     0x2b2d src/gfx_mono_framebuffer.o
                              0x88c63 (size before relaxing)
 .debug_str     0x00088971      0x257 src/gfx_mono_generic.o
                              0x88da7 (size before relaxing)
 .debug_str     0x00088bc8      0x261 src/gfx_mono_text.o
                              0x88d82 (size before relaxing)
 .debug_str     0x00088e29      0x117 src/gfx_mono_ug_2832hsweg04.o
                              0x88d43 (size before relaxing)
 .debug_str     0x00088f40      0x60d src/ssd1306.o
                              0x8897b (size before relaxing)
 .debug_str     0x0008954d     0x3edc src/sysfont.o
                              0x8613e (size before relaxing)
 .debug_str     0x0008d429       0x35 src/ASF/common/services/delay/sam/cycle_counter.o
                              0x82077 (size before relaxing)
 .debug_str     0x0008d45e      0x454 src/ASF/common/services/clock/same70/sysclk.o
                              0x865f8 (size before relaxing)
 .debug_str     0x0008d8b2       0x94 src/ASF/common/utils/interrupt/interrupt_sam_nvic.o
                              0x81f47 (size before relaxing)
 .debug_str     0x0008d946      0x4f4 src/ASF/sam/boards/same70_xplained/init.o
                              0x87085 (size before relaxing)
 .debug_str     0x0008de3a      0x57b src/ASF/sam/drivers/pio/pio.o
                              0x82a9d (size before relaxing)
 .debug_str     0x0008e3b5      0x437 src/ASF/sam/drivers/pio/pio_handler.o
                              0x82bbf (size before relaxing)
 .debug_str     0x0008e7ec      0x636 src/ASF/sam/drivers/pmc/pmc.o
                              0x82c01 (size before relaxing)
 .debug_str     0x0008ee22      0x64c src/ASF/sam/utils/cmsis/same70/source/templates/gcc/startup_same70.o
                              0x82714 (size before relaxing)
 .debug_str     0x0008f46e      0x137 src/ASF/sam/utils/cmsis/same70/source/templates/system_same70.o
                              0x72820 (size before relaxing)
 .debug_str     0x0008f5a5      0x779 src/ASF/sam/utils/syscalls/gcc/syscalls.o
                               0x7451 (size before relaxing)
 .debug_str     0x0008fd1e      0xa3a src/main.o
                              0x8dd37 (size before relaxing)

.debug_frame    0x00000000     0x3520
 .debug_frame   0x00000000      0x2c8 src/ASF/sam/drivers/spi/spi.o
 .debug_frame   0x000002c8      0x148 src/gfx_mono_framebuffer.o
 .debug_frame   0x00000410      0x150 src/gfx_mono_generic.o
 .debug_frame   0x00000560       0xfc src/gfx_mono_text.o
 .debug_frame   0x0000065c      0x1dc src/gfx_mono_ug_2832hsweg04.o
 .debug_frame   0x00000838      0x360 src/ssd1306.o
 .debug_frame   0x00000b98       0x20 src/ASF/common/services/delay/sam/cycle_counter.o
 .debug_frame   0x00000bb8      0x240 src/ASF/common/services/clock/same70/sysclk.o
 .debug_frame   0x00000df8       0x58 src/ASF/common/utils/interrupt/interrupt_sam_nvic.o
 .debug_frame   0x00000e50      0x174 src/ASF/sam/boards/same70_xplained/init.o
 .debug_frame   0x00000fc4      0x7c0 src/ASF/sam/drivers/pio/pio.o
 .debug_frame   0x00001784      0x1d0 src/ASF/sam/drivers/pio/pio_handler.o
 .debug_frame   0x00001954      0xa60 src/ASF/sam/drivers/pmc/pmc.o
 .debug_frame   0x000023b4       0xbc src/ASF/sam/utils/cmsis/same70/source/templates/gcc/startup_same70.o
 .debug_frame   0x00002470       0x78 src/ASF/sam/utils/cmsis/same70/source/templates/system_same70.o
 .debug_frame   0x000024e8      0x164 src/ASF/sam/utils/syscalls/gcc/syscalls.o
 .debug_frame   0x0000264c      0x2e8 src/main.o
 .debug_frame   0x00002934       0x2c c:/program files (x86)/atmel/studio/7.0/toolchain/arm/arm-gnu-toolchain/bin/../lib/gcc/arm-none-eabi/6.3.1/thumb/v7e-m\libgcc.a(_aeabi_uldivmod.o)
 .debug_frame   0x00002960       0x34 c:/program files (x86)/atmel/studio/7.0/toolchain/arm/arm-gnu-toolchain/bin/../lib/gcc/arm-none-eabi/6.3.1/thumb/v7e-m\libgcc.a(_udivmoddi4.o)
 .debug_frame   0x00002994       0x2c c:/program files (x86)/atmel/studio/7.0/toolchain/arm/arm-gnu-toolchain/bin/../lib/gcc/arm-none-eabi/6.3.1/../../../../arm-none-eabi/lib/thumb/v7e-m\libc.a(lib_a-init.o)
 .debug_frame   0x000029c0       0x34 c:/program files (x86)/atmel/studio/7.0/toolchain/arm/arm-gnu-toolchain/bin/../lib/gcc/arm-none-eabi/6.3.1/../../../../arm-none-eabi/lib/thumb/v7e-m\libc.a(lib_a-memset.o)
 .debug_frame   0x000029f4       0x84 c:/program files (x86)/atmel/studio/7.0/toolchain/arm/arm-gnu-toolchain/bin/../lib/gcc/arm-none-eabi/6.3.1/../../../../arm-none-eabi/lib/thumb/v7e-m\libc.a(lib_a-sprintf.o)
 .debug_frame   0x00002a78       0x40 c:/program files (x86)/atmel/studio/7.0/toolchain/arm/arm-gnu-toolchain/bin/../lib/gcc/arm-none-eabi/6.3.1/../../../../arm-none-eabi/lib/thumb/v7e-m\libc.a(lib_a-svfprintf.o)
 .debug_frame   0x00002ab8       0x5c c:/program files (x86)/atmel/studio/7.0/toolchain/arm/arm-gnu-toolchain/bin/../lib/gcc/arm-none-eabi/6.3.1/../../../../arm-none-eabi/lib/thumb/v7e-m\libc.a(lib_a-__call_atexit.o)
 .debug_frame   0x00002b14       0x20 c:/program files (x86)/atmel/studio/7.0/toolchain/arm/arm-gnu-toolchain/bin/../lib/gcc/arm-none-eabi/6.3.1/../../../../arm-none-eabi/lib/thumb/v7e-m\libc.a(lib_a-atexit.o)
 .debug_frame   0x00002b34       0x88 c:/program files (x86)/atmel/studio/7.0/toolchain/arm/arm-gnu-toolchain/bin/../lib/gcc/arm-none-eabi/6.3.1/../../../../arm-none-eabi/lib/thumb/v7e-m\libc.a(lib_a-dtoa.o)
 .debug_frame   0x00002bbc       0x34 c:/program files (x86)/atmel/studio/7.0/toolchain/arm/arm-gnu-toolchain/bin/../lib/gcc/arm-none-eabi/6.3.1/../../../../arm-none-eabi/lib/thumb/v7e-m\libc.a(lib_a-fini.o)
 .debug_frame   0x00002bf0       0x40 c:/program files (x86)/atmel/studio/7.0/toolchain/arm/arm-gnu-toolchain/bin/../lib/gcc/arm-none-eabi/6.3.1/../../../../arm-none-eabi/lib/thumb/v7e-m\libc.a(lib_a-localeconv.o)
 .debug_frame   0x00002c30       0xb0 c:/program files (x86)/atmel/studio/7.0/toolchain/arm/arm-gnu-toolchain/bin/../lib/gcc/arm-none-eabi/6.3.1/../../../../arm-none-eabi/lib/thumb/v7e-m\libc.a(lib_a-lock.o)
 .debug_frame   0x00002ce0       0x58 c:/program files (x86)/atmel/studio/7.0/toolchain/arm/arm-gnu-toolchain/bin/../lib/gcc/arm-none-eabi/6.3.1/../../../../arm-none-eabi/lib/thumb/v7e-m\libc.a(lib_a-mallocr.o)
 .debug_frame   0x00002d38       0x30 c:/program files (x86)/atmel/studio/7.0/toolchain/arm/arm-gnu-toolchain/bin/../lib/gcc/arm-none-eabi/6.3.1/../../../../arm-none-eabi/lib/thumb/v7e-m\libc.a(lib_a-mlock.o)
 .debug_frame   0x00002d68      0x25c c:/program files (x86)/atmel/studio/7.0/toolchain/arm/arm-gnu-toolchain/bin/../lib/gcc/arm-none-eabi/6.3.1/../../../../arm-none-eabi/lib/thumb/v7e-m\libc.a(lib_a-mprec.o)
 .debug_frame   0x00002fc4       0x2c c:/program files (x86)/atmel/studio/7.0/toolchain/arm/arm-gnu-toolchain/bin/../lib/gcc/arm-none-eabi/6.3.1/../../../../arm-none-eabi/lib/thumb/v7e-m\libc.a(lib_a-sbrkr.o)
 .debug_frame   0x00002ff0       0x78 c:/program files (x86)/atmel/studio/7.0/toolchain/arm/arm-gnu-toolchain/bin/../lib/gcc/arm-none-eabi/6.3.1/../../../../arm-none-eabi/lib/thumb/v7e-m\libc.a(lib_a-svfiprintf.o)
 .debug_frame   0x00003068       0x34 c:/program files (x86)/atmel/studio/7.0/toolchain/arm/arm-gnu-toolchain/bin/../lib/gcc/arm-none-eabi/6.3.1/../../../../arm-none-eabi/lib/thumb/v7e-m\libc.a(lib_a-__atexit.o)
 .debug_frame   0x0000309c       0x28 c:/program files (x86)/atmel/studio/7.0/toolchain/arm/arm-gnu-toolchain/bin/../lib/gcc/arm-none-eabi/6.3.1/../../../../arm-none-eabi/lib/thumb/v7e-m\libc.a(lib_a-callocr.o)
 .debug_frame   0x000030c4       0x74 c:/program files (x86)/atmel/studio/7.0/toolchain/arm/arm-gnu-toolchain/bin/../lib/gcc/arm-none-eabi/6.3.1/../../../../arm-none-eabi/lib/thumb/v7e-m\libc.a(lib_a-freer.o)
 .debug_frame   0x00003138       0x6c c:/program files (x86)/atmel/studio/7.0/toolchain/arm/arm-gnu-toolchain/bin/../lib/gcc/arm-none-eabi/6.3.1/../../../../arm-none-eabi/lib/thumb/v7e-m\libc.a(lib_a-locale.o)
 .debug_frame   0x000031a4       0x4c c:/program files (x86)/atmel/studio/7.0/toolchain/arm/arm-gnu-toolchain/bin/../lib/gcc/arm-none-eabi/6.3.1/../../../../arm-none-eabi/lib/thumb/v7e-m\libc.a(lib_a-mbtowc_r.o)
 .debug_frame   0x000031f0       0x30 c:/program files (x86)/atmel/studio/7.0/toolchain/arm/arm-gnu-toolchain/bin/../lib/gcc/arm-none-eabi/6.3.1/../../../../arm-none-eabi/lib/thumb/v7e-m\libc.a(lib_a-memmove.o)
 .debug_frame   0x00003220       0x68 c:/program files (x86)/atmel/studio/7.0/toolchain/arm/arm-gnu-toolchain/bin/../lib/gcc/arm-none-eabi/6.3.1/../../../../arm-none-eabi/lib/thumb/v7e-m\libc.a(lib_a-reallocr.o)
 .debug_frame   0x00003288       0x58 c:/program files (x86)/atmel/studio/7.0/toolchain/arm/arm-gnu-toolchain/bin/../lib/gcc/arm-none-eabi/6.3.1/../../../../arm-none-eabi/lib/thumb/v7e-m\libc.a(lib_a-reent.o)
 .debug_frame   0x000032e0       0x3c c:/program files (x86)/atmel/studio/7.0/toolchain/arm/arm-gnu-toolchain/bin/../lib/gcc/arm-none-eabi/6.3.1/../../../../arm-none-eabi/lib/thumb/v7e-m\libc.a(lib_a-wctomb_r.o)
 .debug_frame   0x0000331c       0xac c:/program files (x86)/atmel/studio/7.0/toolchain/arm/arm-gnu-toolchain/bin/../lib/gcc/arm-none-eabi/6.3.1/thumb/v7e-m\libgcc.a(_arm_addsubdf3.o)
 .debug_frame   0x000033c8       0x50 c:/program files (x86)/atmel/studio/7.0/toolchain/arm/arm-gnu-toolchain/bin/../lib/gcc/arm-none-eabi/6.3.1/thumb/v7e-m\libgcc.a(_arm_muldivdf3.o)
 .debug_frame   0x00003418       0xc4 c:/program files (x86)/atmel/studio/7.0/toolchain/arm/arm-gnu-toolchain/bin/../lib/gcc/arm-none-eabi/6.3.1/thumb/v7e-m\libgcc.a(_arm_cmpdf2.o)
 .debug_frame   0x000034dc       0x20 c:/program files (x86)/atmel/studio/7.0/toolchain/arm/arm-gnu-toolchain/bin/../lib/gcc/arm-none-eabi/6.3.1/thumb/v7e-m\libgcc.a(_arm_unorddf2.o)
 .debug_frame   0x000034fc       0x24 c:/program files (x86)/atmel/studio/7.0/toolchain/arm/arm-gnu-toolchain/bin/../lib/gcc/arm-none-eabi/6.3.1/thumb/v7e-m\libgcc.a(_arm_fixdfsi.o)

Cross Reference Table

Symbol                                            File
ACC_Handler                                       src/ASF/sam/utils/cmsis/same70/source/templates/gcc/startup_same70.o
AES_Handler                                       src/ASF/sam/utils/cmsis/same70/source/templates/gcc/startup_same70.o
AFEC0_Handler                                     src/ASF/sam/utils/cmsis/same70/source/templates/gcc/startup_same70.o
AFEC1_Handler                                     src/ASF/sam/utils/cmsis/same70/source/templates/gcc/startup_same70.o
BusFault_Handler                                  src/ASF/sam/utils/cmsis/same70/source/templates/gcc/startup_same70.o
DACC_Handler                                      src/ASF/sam/utils/cmsis/same70/source/templates/gcc/startup_same70.o
DebugMon_Handler                                  src/ASF/sam/utils/cmsis/same70/source/templates/gcc/startup_same70.o
Dummy_Handler                                     src/ASF/sam/utils/cmsis/same70/source/templates/gcc/startup_same70.o
EFC_Handler                                       src/ASF/sam/utils/cmsis/same70/source/templates/gcc/startup_same70.o
GMAC_Handler                                      src/ASF/sam/utils/cmsis/same70/source/templates/gcc/startup_same70.o
HSMCI_Handler                                     src/ASF/sam/utils/cmsis/same70/source/templates/gcc/startup_same70.o
HardFault_Handler                                 src/ASF/sam/utils/cmsis/same70/source/templates/gcc/startup_same70.o
ICM_Handler                                       src/ASF/sam/utils/cmsis/same70/source/templates/gcc/startup_same70.o
ISI_Handler                                       src/ASF/sam/utils/cmsis/same70/source/templates/gcc/startup_same70.o
MCAN0_Handler                                     src/ASF/sam/utils/cmsis/same70/source/templates/gcc/startup_same70.o
MCAN1_Handler                                     src/ASF/sam/utils/cmsis/same70/source/templates/gcc/startup_same70.o
MemManage_Handler                                 src/ASF/sam/utils/cmsis/same70/source/templates/gcc/startup_same70.o
NMI_Handler                                       src/ASF/sam/utils/cmsis/same70/source/templates/gcc/startup_same70.o
PIOA_Handler                                      src/ASF/sam/drivers/pio/pio_handler.o
PIOB_Handler                                      src/ASF/sam/drivers/pio/pio_handler.o
PIOC_Handler                                      src/ASF/sam/drivers/pio/pio_handler.o
PIOD_Handler                                      src/ASF/sam/drivers/pio/pio_handler.o
PIOE_Handler                                      src/ASF/sam/drivers/pio/pio_handler.o
PMC_Handler                                       src/ASF/sam/utils/cmsis/same70/source/templates/gcc/startup_same70.o
PWM0_Handler                                      src/ASF/sam/utils/cmsis/same70/source/templates/gcc/startup_same70.o
PWM1_Handler                                      src/ASF/sam/utils/cmsis/same70/source/templates/gcc/startup_same70.o
PendSV_Handler                                    src/ASF/sam/utils/cmsis/same70/source/templates/gcc/startup_same70.o
QSPI_Handler                                      src/ASF/sam/utils/cmsis/same70/source/templates/gcc/startup_same70.o
RSTC_Handler                                      src/ASF/sam/utils/cmsis/same70/source/templates/gcc/startup_same70.o
RSWDT_Handler                                     src/ASF/sam/utils/cmsis/same70/source/templates/gcc/startup_same70.o
RTC_Handler                                       src/ASF/sam/utils/cmsis/same70/source/templates/gcc/startup_same70.o
RTT_Handler                                       src/ASF/sam/utils/cmsis/same70/source/templates/gcc/startup_same70.o
Reset_Handler                                     src/ASF/sam/utils/cmsis/same70/source/templates/gcc/startup_same70.o
SDRAMC_Handler                                    src/ASF/sam/utils/cmsis/same70/source/templates/gcc/startup_same70.o
SPI0_Handler                                      src/ASF/sam/utils/cmsis/same70/source/templates/gcc/startup_same70.o
SPI1_Handler                                      src/ASF/sam/utils/cmsis/same70/source/templates/gcc/startup_same70.o
SSC_Handler                                       src/ASF/sam/utils/cmsis/same70/source/templates/gcc/startup_same70.o
SUPC_Handler                                      src/ASF/sam/utils/cmsis/same70/source/templates/gcc/startup_same70.o
SVC_Handler                                       src/ASF/sam/utils/cmsis/same70/source/templates/gcc/startup_same70.o
SysTick_Handler                                   src/ASF/sam/utils/cmsis/same70/source/templates/gcc/startup_same70.o
SystemCoreClock                                   src/ASF/sam/utils/cmsis/same70/source/templates/system_same70.o
SystemCoreClockUpdate                             src/ASF/sam/utils/cmsis/same70/source/templates/system_same70.o
                                                  src/ASF/common/services/clock/same70/sysclk.o
SystemInit                                        src/ASF/sam/utils/cmsis/same70/source/templates/system_same70.o
TC0_Handler                                       src/ASF/sam/utils/cmsis/same70/source/templates/gcc/startup_same70.o
TC10_Handler                                      src/ASF/sam/utils/cmsis/same70/source/templates/gcc/startup_same70.o
TC11_Handler                                      src/ASF/sam/utils/cmsis/same70/source/templates/gcc/startup_same70.o
TC1_Handler                                       src/ASF/sam/utils/cmsis/same70/source/templates/gcc/startup_same70.o
TC2_Handler                                       src/ASF/sam/utils/cmsis/same70/source/templates/gcc/startup_same70.o
TC3_Handler                                       src/ASF/sam/utils/cmsis/same70/source/templates/gcc/startup_same70.o